Archive member included to satisfy reference by file (symbol)

c:/st/stm32cubeide_1.7.0/stm32cubeide/plugins/com.st.stm32cube.ide.mcu.externaltools.gnu-tools-for-stm32.9-2020-q2-update.win32_2.0.0.202105311346/tools/bin/../lib/gcc/arm-none-eabi/9.3.1/../../../../arm-none-eabi/lib/thumb/v6-m/nofp\libc_nano.a(lib_a-errno.o)
                              ./Core/Src/syscalls.o (__errno)
c:/st/stm32cubeide_1.7.0/stm32cubeide/plugins/com.st.stm32cube.ide.mcu.externaltools.gnu-tools-for-stm32.9-2020-q2-update.win32_2.0.0.202105311346/tools/bin/../lib/gcc/arm-none-eabi/9.3.1/../../../../arm-none-eabi/lib/thumb/v6-m/nofp\libc_nano.a(lib_a-exit.o)
                              c:/st/stm32cubeide_1.7.0/stm32cubeide/plugins/com.st.stm32cube.ide.mcu.externaltools.gnu-tools-for-stm32.9-2020-q2-update.win32_2.0.0.202105311346/tools/bin/../lib/gcc/arm-none-eabi/9.3.1/../../../../arm-none-eabi/lib/thumb/v6-m/nofp/crt0.o (exit)
c:/st/stm32cubeide_1.7.0/stm32cubeide/plugins/com.st.stm32cube.ide.mcu.externaltools.gnu-tools-for-stm32.9-2020-q2-update.win32_2.0.0.202105311346/tools/bin/../lib/gcc/arm-none-eabi/9.3.1/../../../../arm-none-eabi/lib/thumb/v6-m/nofp\libc_nano.a(lib_a-impure.o)
                              c:/st/stm32cubeide_1.7.0/stm32cubeide/plugins/com.st.stm32cube.ide.mcu.externaltools.gnu-tools-for-stm32.9-2020-q2-update.win32_2.0.0.202105311346/tools/bin/../lib/gcc/arm-none-eabi/9.3.1/../../../../arm-none-eabi/lib/thumb/v6-m/nofp\libc_nano.a(lib_a-exit.o) (_global_impure_ptr)
c:/st/stm32cubeide_1.7.0/stm32cubeide/plugins/com.st.stm32cube.ide.mcu.externaltools.gnu-tools-for-stm32.9-2020-q2-update.win32_2.0.0.202105311346/tools/bin/../lib/gcc/arm-none-eabi/9.3.1/../../../../arm-none-eabi/lib/thumb/v6-m/nofp\libc_nano.a(lib_a-init.o)
                              c:/st/stm32cubeide_1.7.0/stm32cubeide/plugins/com.st.stm32cube.ide.mcu.externaltools.gnu-tools-for-stm32.9-2020-q2-update.win32_2.0.0.202105311346/tools/bin/../lib/gcc/arm-none-eabi/9.3.1/../../../../arm-none-eabi/lib/thumb/v6-m/nofp/crt0.o (__libc_init_array)
c:/st/stm32cubeide_1.7.0/stm32cubeide/plugins/com.st.stm32cube.ide.mcu.externaltools.gnu-tools-for-stm32.9-2020-q2-update.win32_2.0.0.202105311346/tools/bin/../lib/gcc/arm-none-eabi/9.3.1/../../../../arm-none-eabi/lib/thumb/v6-m/nofp\libc_nano.a(lib_a-memset.o)
                              c:/st/stm32cubeide_1.7.0/stm32cubeide/plugins/com.st.stm32cube.ide.mcu.externaltools.gnu-tools-for-stm32.9-2020-q2-update.win32_2.0.0.202105311346/tools/bin/../lib/gcc/arm-none-eabi/9.3.1/../../../../arm-none-eabi/lib/thumb/v6-m/nofp/crt0.o (memset)
c:/st/stm32cubeide_1.7.0/stm32cubeide/plugins/com.st.stm32cube.ide.mcu.externaltools.gnu-tools-for-stm32.9-2020-q2-update.win32_2.0.0.202105311346/tools/bin/../lib/gcc/arm-none-eabi/9.3.1/../../../../arm-none-eabi/lib/thumb/v6-m/nofp\libc_nano.a(lib_a-printf.o)
                              ./Core/Src/main.o (printf)
c:/st/stm32cubeide_1.7.0/stm32cubeide/plugins/com.st.stm32cube.ide.mcu.externaltools.gnu-tools-for-stm32.9-2020-q2-update.win32_2.0.0.202105311346/tools/bin/../lib/gcc/arm-none-eabi/9.3.1/../../../../arm-none-eabi/lib/thumb/v6-m/nofp\libc_nano.a(lib_a-puts.o)
                              ./Core/Src/main.o (puts)
c:/st/stm32cubeide_1.7.0/stm32cubeide/plugins/com.st.stm32cube.ide.mcu.externaltools.gnu-tools-for-stm32.9-2020-q2-update.win32_2.0.0.202105311346/tools/bin/../lib/gcc/arm-none-eabi/9.3.1/../../../../arm-none-eabi/lib/thumb/v6-m/nofp\libc_nano.a(lib_a-wbuf.o)
                              c:/st/stm32cubeide_1.7.0/stm32cubeide/plugins/com.st.stm32cube.ide.mcu.externaltools.gnu-tools-for-stm32.9-2020-q2-update.win32_2.0.0.202105311346/tools/bin/../lib/gcc/arm-none-eabi/9.3.1/../../../../arm-none-eabi/lib/thumb/v6-m/nofp\libc_nano.a(lib_a-puts.o) (__swbuf_r)
c:/st/stm32cubeide_1.7.0/stm32cubeide/plugins/com.st.stm32cube.ide.mcu.externaltools.gnu-tools-for-stm32.9-2020-q2-update.win32_2.0.0.202105311346/tools/bin/../lib/gcc/arm-none-eabi/9.3.1/../../../../arm-none-eabi/lib/thumb/v6-m/nofp\libc_nano.a(lib_a-wsetup.o)
                              c:/st/stm32cubeide_1.7.0/stm32cubeide/plugins/com.st.stm32cube.ide.mcu.externaltools.gnu-tools-for-stm32.9-2020-q2-update.win32_2.0.0.202105311346/tools/bin/../lib/gcc/arm-none-eabi/9.3.1/../../../../arm-none-eabi/lib/thumb/v6-m/nofp\libc_nano.a(lib_a-puts.o) (__swsetup_r)
c:/st/stm32cubeide_1.7.0/stm32cubeide/plugins/com.st.stm32cube.ide.mcu.externaltools.gnu-tools-for-stm32.9-2020-q2-update.win32_2.0.0.202105311346/tools/bin/../lib/gcc/arm-none-eabi/9.3.1/../../../../arm-none-eabi/lib/thumb/v6-m/nofp\libc_nano.a(lib_a-fflush.o)
                              c:/st/stm32cubeide_1.7.0/stm32cubeide/plugins/com.st.stm32cube.ide.mcu.externaltools.gnu-tools-for-stm32.9-2020-q2-update.win32_2.0.0.202105311346/tools/bin/../lib/gcc/arm-none-eabi/9.3.1/../../../../arm-none-eabi/lib/thumb/v6-m/nofp\libc_nano.a(lib_a-wbuf.o) (_fflush_r)
[...]
Memory Configuration

Name             Origin             Length             Attributes
RAM              0x0000000020000000 0x0000000000002000 xrw
FLASH            0x0000000008000000 0x0000000000010000 xr
*default*        0x0000000000000000 0xffffffffffffffff

Linker script and memory map

LOAD c:/st/stm32cubeide_1.7.0/stm32cubeide/plugins/com.st.stm32cube.ide.mcu.externaltools.gnu-tools-for-stm32.9-2020-q2-update.win32_2.0.0.202105311346/tools/bin/../lib/gcc/arm-none-eabi/9.3.1/thumb/v6-m/nofp/crti.o
LOAD c:/st/stm32cubeide_1.7.0/stm32cubeide/plugins/com.st.stm32cube.ide.mcu.externaltools.gnu-tools-for-stm32.9-2020-q2-update.win32_2.0.0.202105311346/tools/bin/../lib/gcc/arm-none-eabi/9.3.1/thumb/v6-m/nofp/crtbegin.o
LOAD c:/st/stm32cubeide_1.7.0/stm32cubeide/plugins/com.st.stm32cube.ide.mcu.externaltools.gnu-tools-for-stm32.9-2020-q2-update.win32_2.0.0.202105311346/tools/bin/../lib/gcc/arm-none-eabi/9.3.1/../../../../arm-none-eabi/lib/thumb/v6-m/nofp/crt0.o
LOAD ./Core/Src/IS31FL3237.o
LOAD ./Core/Src/main.o
LOAD ./Core/Src/stm32g0xx_hal_msp.o
LOAD ./Core/Src/stm32g0xx_it.o
LOAD ./Core/Src/syscalls.o
LOAD ./Core/Src/sysmem.o
LOAD ./Core/Src/system_stm32g0xx.o
LOAD ./Core/Startup/startup_stm32g030k8tx.o
LOAD ./Drivers/STM32G0xx_HAL_Driver/stm32g0xx_hal.o
LOAD ./Drivers/STM32G0xx_HAL_Driver/stm32g0xx_hal_adc.o
LOAD ./Drivers/STM32G0xx_HAL_Driver/stm32g0xx_hal_adc_ex.o
LOAD ./Drivers/STM32G0xx_HAL_Driver/stm32g0xx_hal_cortex.o
LOAD ./Drivers/STM32G0xx_HAL_Driver/stm32g0xx_hal_dma.o
LOAD ./Drivers/STM32G0xx_HAL_Driver/stm32g0xx_hal_dma_ex.o
LOAD ./Drivers/STM32G0xx_HAL_Driver/stm32g0xx_hal_exti.o
LOAD ./Drivers/STM32G0xx_HAL_Driver/stm32g0xx_hal_flash.o
LOAD ./Drivers/STM32G0xx_HAL_Driver/stm32g0xx_hal_flash_ex.o
LOAD ./Drivers/STM32G0xx_HAL_Driver/stm32g0xx_hal_gpio.o
LOAD ./Drivers/STM32G0xx_HAL_Driver/stm32g0xx_hal_i2c.o
LOAD ./Drivers/STM32G0xx_HAL_Driver/stm32g0xx_hal_i2c_ex.o
LOAD ./Drivers/STM32G0xx_HAL_Driver/stm32g0xx_hal_pwr.o
LOAD ./Drivers/STM32G0xx_HAL_Driver/stm32g0xx_hal_pwr_ex.o
LOAD ./Drivers/STM32G0xx_HAL_Driver/stm32g0xx_hal_rcc.o
LOAD ./Drivers/STM32G0xx_HAL_Driver/stm32g0xx_hal_rcc_ex.o
LOAD ./Drivers/STM32G0xx_HAL_Driver/stm32g0xx_hal_tim.o
LOAD ./Drivers/STM32G0xx_HAL_Driver/stm32g0xx_hal_tim_ex.o
LOAD ./Drivers/STM32G0xx_HAL_Driver/stm32g0xx_hal_uart.o
LOAD ./Drivers/STM32G0xx_HAL_Driver/stm32g0xx_hal_uart_ex.o
LOAD ./Drivers/STM32G0xx_HAL_Driver/stm32g0xx_ll_adc.o
LOAD ./Drivers/STM32G0xx_HAL_Driver/stm32g0xx_ll_dma.o
LOAD ./Drivers/STM32G0xx_HAL_Driver/stm32g0xx_ll_rcc.o
START GROUP
LOAD c:/st/stm32cubeide_1.7.0/stm32cubeide/plugins/com.st.stm32cube.ide.mcu.externaltools.gnu-tools-for-stm32.9-2020-q2-update.win32_2.0.0.202105311346/tools/bin/../lib/gcc/arm-none-eabi/9.3.1/../../../../arm-none-eabi/lib/thumb/v6-m/nofp\libc_nano.a
LOAD c:/st/stm32cubeide_1.7.0/stm32cubeide/plugins/com.st.stm32cube.ide.mcu.externaltools.gnu-tools-for-stm32.9-2020-q2-update.win32_2.0.0.202105311346/tools/bin/../lib/gcc/arm-none-eabi/9.3.1/../../../../arm-none-eabi/lib/thumb/v6-m/nofp\libm.a
END GROUP
START GROUP
LOAD c:/st/stm32cubeide_1.7.0/stm32cubeide/plugins/com.st.stm32cube.ide.mcu.externaltools.gnu-tools-for-stm32.9-2020-q2-update.win32_2.0.0.202105311346/tools/bin/../lib/gcc/arm-none-eabi/9.3.1/thumb/v6-m/nofp\libgcc.a
LOAD c:/st/stm32cubeide_1.7.0/stm32cubeide/plugins/com.st.stm32cube.ide.mcu.externaltools.gnu-tools-for-stm32.9-2020-q2-update.win32_2.0.0.202105311346/tools/bin/../lib/gcc/arm-none-eabi/9.3.1/../../../../arm-none-eabi/lib/thumb/v6-m/nofp\libc_nano.a
END GROUP
START GROUP
LOAD c:/st/stm32cubeide_1.7.0/stm32cubeide/plugins/com.st.stm32cube.ide.mcu.externaltools.gnu-tools-for-stm32.9-2020-q2-update.win32_2.0.0.202105311346/tools/bin/../lib/gcc/arm-none-eabi/9.3.1/thumb/v6-m/nofp\libgcc.a
LOAD c:/st/stm32cubeide_1.7.0/stm32cubeide/plugins/com.st.stm32cube.ide.mcu.externaltools.gnu-tools-for-stm32.9-2020-q2-update.win32_2.0.0.202105311346/tools/bin/../lib/gcc/arm-none-eabi/9.3.1/../../../../arm-none-eabi/lib/thumb/v6-m/nofp\libc_nano.a
LOAD c:/st/stm32cubeide_1.7.0/stm32cubeide/plugins/com.st.stm32cube.ide.mcu.externaltools.gnu-tools-for-stm32.9-2020-q2-update.win32_2.0.0.202105311346/tools/bin/../lib/gcc/arm-none-eabi/9.3.1/../../../../arm-none-eabi/lib/thumb/v6-m/nofp\libnosys.a
END GROUP
START GROUP
LOAD c:/st/stm32cubeide_1.7.0/stm32cubeide/plugins/com.st.stm32cube.ide.mcu.externaltools.gnu-tools-for-stm32.9-2020-q2-update.win32_2.0.0.202105311346/tools/bin/../lib/gcc/arm-none-eabi/9.3.1/thumb/v6-m/nofp\libgcc.a
LOAD c:/st/stm32cubeide_1.7.0/stm32cubeide/plugins/com.st.stm32cube.ide.mcu.externaltools.gnu-tools-for-stm32.9-2020-q2-update.win32_2.0.0.202105311346/tools/bin/../lib/gcc/arm-none-eabi/9.3.1/../../../../arm-none-eabi/lib/thumb/v6-m/nofp\libc_nano.a
LOAD c:/st/stm32cubeide_1.7.0/stm32cubeide/plugins/com.st.stm32cube.ide.mcu.externaltools.gnu-tools-for-stm32.9-2020-q2-update.win32_2.0.0.202105311346/tools/bin/../lib/gcc/arm-none-eabi/9.3.1/../../../../arm-none-eabi/lib/thumb/v6-m/nofp\libnosys.a
END GROUP
LOAD c:/st/stm32cubeide_1.7.0/stm32cubeide/plugins/com.st.stm32cube.ide.mcu.externaltools.gnu-tools-for-stm32.9-2020-q2-update.win32_2.0.0.202105311346/tools/bin/../lib/gcc/arm-none-eabi/9.3.1/thumb/v6-m/nofp/crtend.o
LOAD c:/st/stm32cubeide_1.7.0/stm32cubeide/plugins/com.st.stm32cube.ide.mcu.externaltools.gnu-tools-for-stm32.9-2020-q2-update.win32_2.0.0.202105311346/tools/bin/../lib/gcc/arm-none-eabi/9.3.1/thumb/v6-m/nofp/crtn.o
                0x0000000020002000                _estack = (ORIGIN (RAM) + LENGTH (RAM))
                0x0000000000000200                _Min_Heap_Size = 0x200
                0x0000000000000400                _Min_Stack_Size = 0x400

.isr_vector     0x0000000008000000       0xb8
                0x0000000008000000                . = ALIGN (0x4)
 *(.isr_vector)
 .isr_vector    0x0000000008000000       0xb8 ./Core/Startup/startup_stm32g030k8tx.o
                0x0000000008000000                g_pfnVectors
                0x00000000080000b8                . = ALIGN (0x4)

.text           0x00000000080000b8     0x90a0
                0x00000000080000b8                . = ALIGN (0x4)
 *(.text)
 .text          0x00000000080000b8       0x48 c:/st/stm32cubeide_1.7.0/stm32cubeide/plugins/com.st.stm32cube.ide.mcu.externaltools.gnu-tools-for-stm32.9-2020-q2-update.win32_2.0.0.202105311346/tools/bin/../lib/gcc/arm-none-eabi/9.3.1/thumb/v6-m/nofp/crtbegin.o
 .text          0x0000000008000100       0x14 c:/st/stm32cubeide_1.7.0/stm32cubeide/plugins/com.st.stm32cube.ide.mcu.externaltools.gnu-tools-for-stm32.9-2020-q2-update.win32_2.0.0.202105311346/tools/bin/../lib/gcc/arm-none-eabi/9.3.1/thumb/v6-m/nofp\libgcc.a(_thumb1_case_shi.o)
                0x0000000008000100                __gnu_thumb1_case_shi
 .text          0x0000000008000114      0x114 c:/st/stm32cubeide_1.7.0/stm32cubeide/plugins/com.st.stm32cube.ide.mcu.externaltools.gnu-tools-for-stm32.9-2020-q2-update.win32_2.0.0.202105311346/tools/bin/../lib/gcc/arm-none-eabi/9.3.1/thumb/v6-m/nofp\libgcc.a(_udivsi3.o)
                0x0000000008000114                __aeabi_uidiv
                0x0000000008000114                __udivsi3
                0x0000000008000220                __aeabi_uidivmod
 .text          0x0000000008000228        0x4 c:/st/stm32cubeide_1.7.0/stm32cubeide/plugins/com.st.stm32cube.ide.mcu.externaltools.gnu-tools-for-stm32.9-2020-q2-update.win32_2.0.0.202105311346/tools/bin/../lib/gcc/arm-none-eabi/9.3.1/thumb/v6-m/nofp\libgcc.a(_dvmd_tls.o)
                0x0000000008000228                __aeabi_idiv0
                0x0000000008000228                __aeabi_ldiv0
 *(.text*)
 .text.Hal_LED_Driver_Initial
                0x000000000800022c      0x6ec ./Core/Src/IS31FL3237.o
                0x000000000800022c                Hal_LED_Driver_Initial
 .text.Task_LED_Driver
                0x0000000008000918      0x924 ./Core/Src/IS31FL3237.o
                0x0000000008000918                Task_LED_Driver
 .text.I2C_WriteByte
                0x000000000800123c       0x54 ./Core/Src/IS31FL3237.o
                0x000000000800123c                I2C_WriteByte
 .text.main     0x0000000008001290      0x140 ./Core/Src/main.o
                0x0000000008001290                main
 .text.SystemClock_Config
                0x00000000080013d0       0xec ./Core/Src/main.o
                0x00000000080013d0                SystemClock_Config
 .text.MX_ADC1_Init
                0x00000000080014bc      0x148 ./Core/Src/main.o
 .text.MX_I2C1_Init
                0x0000000008001604       0x80 ./Core/Src/main.o
 .text.MX_TIM1_Init
                0x0000000008001684       0xbc ./Core/Src/main.o
 .text.MX_USART2_UART_Init
                0x0000000008001740       0x78 ./Core/Src/main.o
 .text.MX_DMA_Init
                0x00000000080017b8       0x3c ./Core/Src/main.o
 .text.MX_GPIO_Init
                0x00000000080017f4      0x318 ./Core/Src/main.o
 .text.Polling_Task_1ms
                0x0000000008001b0c       0x94 ./Core/Src/main.o
                0x0000000008001b0c                Polling_Task_1ms
 .text.Polling_Task_10ms
                0x0000000008001ba0       0x16 ./Core/Src/main.o
                0x0000000008001ba0                Polling_Task_10ms
 .text.Polling_Task_50ms
                0x0000000008001bb6        0xa ./Core/Src/main.o
                0x0000000008001bb6                Polling_Task_50ms
 .text.Polling_Task_100ms
                0x0000000008001bc0       0x34 ./Core/Src/main.o
                0x0000000008001bc0                Polling_Task_100ms
 .text.Polling_Task_1s
                0x0000000008001bf4       0x30 ./Core/Src/main.o
                0x0000000008001bf4                Polling_Task_1s
 .text.Task_ButtonGroup
                0x0000000008001c24      0x3a8 ./Core/Src/main.o
                0x0000000008001c24                Task_ButtonGroup
 .text.VR1_PreGain
                0x0000000008001fcc      0x230 ./Core/Src/main.o
                0x0000000008001fcc                VR1_PreGain
 .text.VR2_Microphone
                0x00000000080021fc      0x1ac ./Core/Src/main.o
                0x00000000080021fc                VR2_Microphone
 .text.VR3_Mix  0x00000000080023a8      0x1ac ./Core/Src/main.o
                0x00000000080023a8                VR3_Mix
 .text.VR4_Headphone
                0x0000000008002554      0x230 ./Core/Src/main.o
                0x0000000008002554                VR4_Headphone
 .text.Task_Preset_LED_GPIO
                0x0000000008002784       0xf0 ./Core/Src/main.o
                0x0000000008002784                Task_Preset_LED_GPIO
 .text.Task_Button
                0x0000000008002874       0xcc ./Core/Src/main.o
                0x0000000008002874                Task_Button
 .text.HAL_TIM_PeriodElapsedCallback
                0x0000000008002940       0x10 ./Core/Src/main.o
                0x0000000008002940                HAL_TIM_PeriodElapsedCallback
 .text.__io_putchar
                0x0000000008002950       0x24 ./Core/Src/main.o
                0x0000000008002950                __io_putchar
 .text.HAL_UART_RxCpltCallback
                0x0000000008002974       0x48 ./Core/Src/main.o
                0x0000000008002974                HAL_UART_RxCpltCallback
 .text.Error_Handler
                0x00000000080029bc        0xa ./Core/Src/main.o
                0x00000000080029bc                Error_Handler
 *fill*         0x00000000080029c6        0x2 
 .text.HAL_MspInit
                0x00000000080029c8       0x58 ./Core/Src/stm32g0xx_hal_msp.o
                0x00000000080029c8                HAL_MspInit
 .text.HAL_ADC_MspInit
                0x0000000008002a20      0x120 ./Core/Src/stm32g0xx_hal_msp.o
                0x0000000008002a20                HAL_ADC_MspInit
 .text.HAL_I2C_MspInit
                0x0000000008002b40       0x98 ./Core/Src/stm32g0xx_hal_msp.o
                0x0000000008002b40                HAL_I2C_MspInit
 .text.HAL_TIM_Base_MspInit
                0x0000000008002bd8       0x50 ./Core/Src/stm32g0xx_hal_msp.o
                0x0000000008002bd8                HAL_TIM_Base_MspInit
 .text.HAL_UART_MspInit
                0x0000000008002c28       0xa4 ./Core/Src/stm32g0xx_hal_msp.o
                0x0000000008002c28                HAL_UART_MspInit
 .text.NMI_Handler
                0x0000000008002ccc        0x6 ./Core/Src/stm32g0xx_it.o
                0x0000000008002ccc                NMI_Handler
 .text.HardFault_Handler
                0x0000000008002cd2        0x6 ./Core/Src/stm32g0xx_it.o
                0x0000000008002cd2                HardFault_Handler
 .text.SVC_Handler
                0x0000000008002cd8        0xa ./Core/Src/stm32g0xx_it.o
                0x0000000008002cd8                SVC_Handler
 .text.PendSV_Handler
                0x0000000008002ce2        0xa ./Core/Src/stm32g0xx_it.o
                0x0000000008002ce2                PendSV_Handler
 .text.SysTick_Handler
                0x0000000008002cec        0xe ./Core/Src/stm32g0xx_it.o
                0x0000000008002cec                SysTick_Handler
 .text.RCC_IRQHandler
                0x0000000008002cfa        0xa ./Core/Src/stm32g0xx_it.o
                0x0000000008002cfa                RCC_IRQHandler
 .text.DMA1_Channel1_IRQHandler
                0x0000000008002d04       0x18 ./Core/Src/stm32g0xx_it.o
                0x0000000008002d04                DMA1_Channel1_IRQHandler
 .text.TIM1_BRK_UP_TRG_COM_IRQHandler
                0x0000000008002d1c       0x18 ./Core/Src/stm32g0xx_it.o
                0x0000000008002d1c                TIM1_BRK_UP_TRG_COM_IRQHandler
 .text.USART2_IRQHandler
                0x0000000008002d34       0x18 ./Core/Src/stm32g0xx_it.o
                0x0000000008002d34                USART2_IRQHandler
 .text._read    0x0000000008002d4c       0x3a ./Core/Src/syscalls.o
                0x0000000008002d4c                _read
 .text._write   0x0000000008002d86       0x38 ./Core/Src/syscalls.o
                0x0000000008002d86                _write
 .text._close   0x0000000008002dbe       0x14 ./Core/Src/syscalls.o
                0x0000000008002dbe                _close
 .text._fstat   0x0000000008002dd2       0x1c ./Core/Src/syscalls.o
                0x0000000008002dd2                _fstat
 .text._isatty  0x0000000008002dee       0x12 ./Core/Src/syscalls.o
                0x0000000008002dee                _isatty
 .text._lseek   0x0000000008002e00       0x16 ./Core/Src/syscalls.o
                0x0000000008002e00                _lseek
 *fill*         0x0000000008002e16        0x2 
 .text._sbrk    0x0000000008002e18       0x6c ./Core/Src/sysmem.o
                0x0000000008002e18                _sbrk
 .text.SystemInit
                0x0000000008002e84        0xa ./Core/Src/system_stm32g0xx.o
                0x0000000008002e84                SystemInit
 *fill*         0x0000000008002e8e        0x2 
 .text.Reset_Handler
                0x0000000008002e90       0x50 ./Core/Startup/startup_stm32g030k8tx.o
                0x0000000008002e90                Reset_Handler
 .text.Default_Handler
                0x0000000008002ee0        0x2 ./Core/Startup/startup_stm32g030k8tx.o
                0x0000000008002ee0                TIM1_CC_IRQHandler
                0x0000000008002ee0                I2C1_IRQHandler
                0x0000000008002ee0                RTC_TAMP_IRQHandler
                0x0000000008002ee0                SPI1_IRQHandler
                0x0000000008002ee0                DMA1_Ch4_5_DMAMUX1_OVR_IRQHandler
                0x0000000008002ee0                EXTI2_3_IRQHandler
                0x0000000008002ee0                ADC1_IRQHandler
                0x0000000008002ee0                I2C2_IRQHandler
                0x0000000008002ee0                TIM17_IRQHandler
                0x0000000008002ee0                TIM16_IRQHandler
                0x0000000008002ee0                TIM3_IRQHandler
                0x0000000008002ee0                EXTI4_15_IRQHandler
                0x0000000008002ee0                Default_Handler
                0x0000000008002ee0                TIM14_IRQHandler
                0x0000000008002ee0                EXTI0_1_IRQHandler
                0x0000000008002ee0                SPI2_IRQHandler
                0x0000000008002ee0                WWDG_IRQHandler
                0x0000000008002ee0                DMA1_Channel2_3_IRQHandler
                0x0000000008002ee0                FLASH_IRQHandler
                0x0000000008002ee0                USART1_IRQHandler
 *fill*         0x0000000008002ee2        0x2 
 .text.HAL_Init
                0x0000000008002ee4       0x40 ./Drivers/STM32G0xx_HAL_Driver/stm32g0xx_hal.o
                0x0000000008002ee4                HAL_Init
 .text.HAL_InitTick
                0x0000000008002f24       0x94 ./Drivers/STM32G0xx_HAL_Driver/stm32g0xx_hal.o
                0x0000000008002f24                HAL_InitTick
 .text.HAL_IncTick
                0x0000000008002fb8       0x24 ./Drivers/STM32G0xx_HAL_Driver/stm32g0xx_hal.o
                0x0000000008002fb8                HAL_IncTick
 .text.HAL_GetTick
                0x0000000008002fdc       0x14 ./Drivers/STM32G0xx_HAL_Driver/stm32g0xx_hal.o
                0x0000000008002fdc                HAL_GetTick
 .text.LL_ADC_SetCommonPathInternalCh
                0x0000000008002ff0       0x28 ./Drivers/STM32G0xx_HAL_Driver/stm32g0xx_hal_adc.o
 .text.LL_ADC_GetCommonPathInternalCh
                0x0000000008003018       0x1a ./Drivers/STM32G0xx_HAL_Driver/stm32g0xx_hal_adc.o
 .text.LL_ADC_SetSamplingTimeCommonChannels
                0x0000000008003032       0x3a ./Drivers/STM32G0xx_HAL_Driver/stm32g0xx_hal_adc.o
 .text.LL_ADC_REG_IsTriggerSourceSWStart
                0x000000000800306c       0x22 ./Drivers/STM32G0xx_HAL_Driver/stm32g0xx_hal_adc.o
 .text.LL_ADC_REG_SetSequencerRanks
                0x000000000800308e       0x40 ./Drivers/STM32G0xx_HAL_Driver/stm32g0xx_hal_adc.o
 .text.LL_ADC_REG_SetSequencerChAdd
                0x00000000080030ce       0x22 ./Drivers/STM32G0xx_HAL_Driver/stm32g0xx_hal_adc.o
 .text.LL_ADC_REG_SetSequencerChRem
                0x00000000080030f0       0x24 ./Drivers/STM32G0xx_HAL_Driver/stm32g0xx_hal_adc.o
 .text.LL_ADC_SetChannelSamplingTime
                0x0000000008003114       0x38 ./Drivers/STM32G0xx_HAL_Driver/stm32g0xx_hal_adc.o
 .text.LL_ADC_EnableInternalRegulator
                0x000000000800314c       0x28 ./Drivers/STM32G0xx_HAL_Driver/stm32g0xx_hal_adc.o
 .text.LL_ADC_IsInternalRegulatorEnabled
                0x0000000008003174       0x28 ./Drivers/STM32G0xx_HAL_Driver/stm32g0xx_hal_adc.o
 .text.LL_ADC_Enable
                0x000000000800319c       0x24 ./Drivers/STM32G0xx_HAL_Driver/stm32g0xx_hal_adc.o
 .text.LL_ADC_Disable
                0x00000000080031c0       0x24 ./Drivers/STM32G0xx_HAL_Driver/stm32g0xx_hal_adc.o
 .text.LL_ADC_IsEnabled
                0x00000000080031e4       0x22 ./Drivers/STM32G0xx_HAL_Driver/stm32g0xx_hal_adc.o
 *fill*         0x0000000008003206        0x2 
 .text.LL_ADC_REG_StartConversion
                0x0000000008003208       0x24 ./Drivers/STM32G0xx_HAL_Driver/stm32g0xx_hal_adc.o
 .text.LL_ADC_REG_IsConversionOngoing
                0x000000000800322c       0x22 ./Drivers/STM32G0xx_HAL_Driver/stm32g0xx_hal_adc.o
 *fill*         0x000000000800324e        0x2 
 .text.HAL_ADC_Init
                0x0000000008003250      0x3bc ./Drivers/STM32G0xx_HAL_Driver/stm32g0xx_hal_adc.o
                0x0000000008003250                HAL_ADC_Init
 .text.HAL_ADC_Start_DMA
                0x000000000800360c      0x11c ./Drivers/STM32G0xx_HAL_Driver/stm32g0xx_hal_adc.o
                0x000000000800360c                HAL_ADC_Start_DMA
 .text.HAL_ADC_ConvCpltCallback
                0x0000000008003728       0x10 ./Drivers/STM32G0xx_HAL_Driver/stm32g0xx_hal_adc.o
                0x0000000008003728                HAL_ADC_ConvCpltCallback
 .text.HAL_ADC_ConvHalfCpltCallback
                0x0000000008003738       0x10 ./Drivers/STM32G0xx_HAL_Driver/stm32g0xx_hal_adc.o
                0x0000000008003738                HAL_ADC_ConvHalfCpltCallback
 .text.HAL_ADC_ErrorCallback
                0x0000000008003748       0x10 ./Drivers/STM32G0xx_HAL_Driver/stm32g0xx_hal_adc.o
                0x0000000008003748                HAL_ADC_ErrorCallback
 .text.HAL_ADC_ConfigChannel
                0x0000000008003758      0x3b0 ./Drivers/STM32G0xx_HAL_Driver/stm32g0xx_hal_adc.o
                0x0000000008003758                HAL_ADC_ConfigChannel
 .text.ADC_Enable
                0x0000000008003b08      0x10c ./Drivers/STM32G0xx_HAL_Driver/stm32g0xx_hal_adc.o
                0x0000000008003b08                ADC_Enable
 .text.ADC_DMAConvCplt
                0x0000000008003c14       0xc8 ./Drivers/STM32G0xx_HAL_Driver/stm32g0xx_hal_adc.o
 .text.ADC_DMAHalfConvCplt
                0x0000000008003cdc       0x1e ./Drivers/STM32G0xx_HAL_Driver/stm32g0xx_hal_adc.o
 .text.ADC_DMAError
                0x0000000008003cfa       0x36 ./Drivers/STM32G0xx_HAL_Driver/stm32g0xx_hal_adc.o
 .text.__NVIC_EnableIRQ
                0x0000000008003d30       0x34 ./Drivers/STM32G0xx_HAL_Driver/stm32g0xx_hal_cortex.o
 .text.__NVIC_SetPriority
                0x0000000008003d64       0xdc ./Drivers/STM32G0xx_HAL_Driver/stm32g0xx_hal_cortex.o
 .text.SysTick_Config
                0x0000000008003e40       0x48 ./Drivers/STM32G0xx_HAL_Driver/stm32g0xx_hal_cortex.o
 .text.HAL_NVIC_SetPriority
                0x0000000008003e88       0x2a ./Drivers/STM32G0xx_HAL_Driver/stm32g0xx_hal_cortex.o
                0x0000000008003e88                HAL_NVIC_SetPriority
 .text.HAL_NVIC_EnableIRQ
                0x0000000008003eb2       0x20 ./Drivers/STM32G0xx_HAL_Driver/stm32g0xx_hal_cortex.o
                0x0000000008003eb2                HAL_NVIC_EnableIRQ
 .text.HAL_SYSTICK_Config
                0x0000000008003ed2       0x1a ./Drivers/STM32G0xx_HAL_Driver/stm32g0xx_hal_cortex.o
                0x0000000008003ed2                HAL_SYSTICK_Config
 .text.HAL_DMA_Init
                0x0000000008003eec      0x114 ./Drivers/STM32G0xx_HAL_Driver/stm32g0xx_hal_dma.o
                0x0000000008003eec                HAL_DMA_Init
 .text.HAL_DMA_Start_IT
                0x0000000008004000      0x10c ./Drivers/STM32G0xx_HAL_Driver/stm32g0xx_hal_dma.o
                0x0000000008004000                HAL_DMA_Start_IT
 .text.HAL_DMA_Abort
                0x000000000800410c       0xc4 ./Drivers/STM32G0xx_HAL_Driver/stm32g0xx_hal_dma.o
                0x000000000800410c                HAL_DMA_Abort
 .text.HAL_DMA_Abort_IT
                0x00000000080041d0       0xd4 ./Drivers/STM32G0xx_HAL_Driver/stm32g0xx_hal_dma.o
                0x00000000080041d0                HAL_DMA_Abort_IT
 .text.HAL_DMA_IRQHandler
                0x00000000080042a4      0x164 ./Drivers/STM32G0xx_HAL_Driver/stm32g0xx_hal_dma.o
                0x00000000080042a4                HAL_DMA_IRQHandler
 .text.DMA_SetConfig
                0x0000000008004408       0x80 ./Drivers/STM32G0xx_HAL_Driver/stm32g0xx_hal_dma.o
 .text.DMA_CalcDMAMUXChannelBaseAndMask
                0x0000000008004488       0x58 ./Drivers/STM32G0xx_HAL_Driver/stm32g0xx_hal_dma.o
 .text.DMA_CalcDMAMUXRequestGenBaseAndMask
                0x00000000080044e0       0x48 ./Drivers/STM32G0xx_HAL_Driver/stm32g0xx_hal_dma.o
 .text.HAL_GPIO_Init
                0x0000000008004528      0x2c8 ./Drivers/STM32G0xx_HAL_Driver/stm32g0xx_hal_gpio.o
                0x0000000008004528                HAL_GPIO_Init
 .text.HAL_GPIO_ReadPin
                0x00000000080047f0       0x3a ./Drivers/STM32G0xx_HAL_Driver/stm32g0xx_hal_gpio.o
                0x00000000080047f0                HAL_GPIO_ReadPin
 .text.HAL_GPIO_WritePin
                0x000000000800482a       0x3a ./Drivers/STM32G0xx_HAL_Driver/stm32g0xx_hal_gpio.o
                0x000000000800482a                HAL_GPIO_WritePin
 .text.HAL_I2C_Init
                0x0000000008004864      0x12c ./Drivers/STM32G0xx_HAL_Driver/stm32g0xx_hal_i2c.o
                0x0000000008004864                HAL_I2C_Init
 .text.HAL_I2C_Master_Transmit
                0x0000000008004990      0x210 ./Drivers/STM32G0xx_HAL_Driver/stm32g0xx_hal_i2c.o
                0x0000000008004990                HAL_I2C_Master_Transmit
 .text.I2C_Flush_TXDR
                0x0000000008004ba0       0x44 ./Drivers/STM32G0xx_HAL_Driver/stm32g0xx_hal_i2c.o
 .text.I2C_WaitOnFlagUntilTimeout
                0x0000000008004be4       0x7e ./Drivers/STM32G0xx_HAL_Driver/stm32g0xx_hal_i2c.o
 .text.I2C_WaitOnTXISFlagUntilTimeout
                0x0000000008004c62       0x7e ./Drivers/STM32G0xx_HAL_Driver/stm32g0xx_hal_i2c.o
 .text.I2C_WaitOnSTOPFlagUntilTimeout
                0x0000000008004ce0       0x78 ./Drivers/STM32G0xx_HAL_Driver/stm32g0xx_hal_i2c.o
 .text.I2C_IsAcknowledgeFailed
                0x0000000008004d58       0xf4 ./Drivers/STM32G0xx_HAL_Driver/stm32g0xx_hal_i2c.o
 .text.I2C_TransferConfig
                0x0000000008004e4c       0x6c ./Drivers/STM32G0xx_HAL_Driver/stm32g0xx_hal_i2c.o
 .text.HAL_I2CEx_ConfigAnalogFilter
                0x0000000008004eb8       0x98 ./Drivers/STM32G0xx_HAL_Driver/stm32g0xx_hal_i2c_ex.o
                0x0000000008004eb8                HAL_I2CEx_ConfigAnalogFilter
 .text.HAL_I2CEx_ConfigDigitalFilter
                0x0000000008004f50       0x98 ./Drivers/STM32G0xx_HAL_Driver/stm32g0xx_hal_i2c_ex.o
                0x0000000008004f50                HAL_I2CEx_ConfigDigitalFilter
 .text.HAL_PWREx_ControlVoltageScaling
                0x0000000008004fe8       0x80 ./Drivers/STM32G0xx_HAL_Driver/stm32g0xx_hal_pwr_ex.o
                0x0000000008004fe8                HAL_PWREx_ControlVoltageScaling
 .text.LL_RCC_GetAPB1Prescaler
                0x0000000008005068       0x18 ./Drivers/STM32G0xx_HAL_Driver/stm32g0xx_hal_rcc.o
 .text.HAL_RCC_OscConfig
                0x0000000008005080      0x62c ./Drivers/STM32G0xx_HAL_Driver/stm32g0xx_hal_rcc.o
                0x0000000008005080                HAL_RCC_OscConfig
 .text.HAL_RCC_ClockConfig
                0x00000000080056ac      0x210 ./Drivers/STM32G0xx_HAL_Driver/stm32g0xx_hal_rcc.o
                0x00000000080056ac                HAL_RCC_ClockConfig
 .text.HAL_RCC_GetSysClockFreq
                0x00000000080058bc      0x104 ./Drivers/STM32G0xx_HAL_Driver/stm32g0xx_hal_rcc.o
                0x00000000080058bc                HAL_RCC_GetSysClockFreq
 .text.HAL_RCC_GetHCLKFreq
                0x00000000080059c0       0x14 ./Drivers/STM32G0xx_HAL_Driver/stm32g0xx_hal_rcc.o
                0x00000000080059c0                HAL_RCC_GetHCLKFreq
 .text.HAL_RCC_GetPCLK1Freq
                0x00000000080059d4       0x2c ./Drivers/STM32G0xx_HAL_Driver/stm32g0xx_hal_rcc.o
                0x00000000080059d4                HAL_RCC_GetPCLK1Freq
 .text.HAL_RCCEx_PeriphCLKConfig
                0x0000000008005a00      0x24c ./Drivers/STM32G0xx_HAL_Driver/stm32g0xx_hal_rcc_ex.o
                0x0000000008005a00                HAL_RCCEx_PeriphCLKConfig
 .text.HAL_TIM_Base_Init
                0x0000000008005c4c       0xb0 ./Drivers/STM32G0xx_HAL_Driver/stm32g0xx_hal_tim.o
                0x0000000008005c4c                HAL_TIM_Base_Init
 .text.HAL_TIM_Base_Start_IT
                0x0000000008005cfc       0x9c ./Drivers/STM32G0xx_HAL_Driver/stm32g0xx_hal_tim.o
                0x0000000008005cfc                HAL_TIM_Base_Start_IT
 .text.HAL_TIM_IRQHandler
                0x0000000008005d98      0x264 ./Drivers/STM32G0xx_HAL_Driver/stm32g0xx_hal_tim.o
                0x0000000008005d98                HAL_TIM_IRQHandler
 .text.HAL_TIM_ConfigClockSource
                0x0000000008005ffc      0x198 ./Drivers/STM32G0xx_HAL_Driver/stm32g0xx_hal_tim.o
                0x0000000008005ffc                HAL_TIM_ConfigClockSource
 .text.HAL_TIM_OC_DelayElapsedCallback
                0x0000000008006194       0x10 ./Drivers/STM32G0xx_HAL_Driver/stm32g0xx_hal_tim.o
                0x0000000008006194                HAL_TIM_OC_DelayElapsedCallback
 .text.HAL_TIM_IC_CaptureCallback
                0x00000000080061a4       0x10 ./Drivers/STM32G0xx_HAL_Driver/stm32g0xx_hal_tim.o
                0x00000000080061a4                HAL_TIM_IC_CaptureCallback
 .text.HAL_TIM_PWM_PulseFinishedCallback
                0x00000000080061b4       0x10 ./Drivers/STM32G0xx_HAL_Driver/stm32g0xx_hal_tim.o
                0x00000000080061b4                HAL_TIM_PWM_PulseFinishedCallback
 .text.HAL_TIM_TriggerCallback
                0x00000000080061c4       0x10 ./Drivers/STM32G0xx_HAL_Driver/stm32g0xx_hal_tim.o
                0x00000000080061c4                HAL_TIM_TriggerCallback
 .text.TIM_Base_SetConfig
                0x00000000080061d4       0xd8 ./Drivers/STM32G0xx_HAL_Driver/stm32g0xx_hal_tim.o
                0x00000000080061d4                TIM_Base_SetConfig
 .text.TIM_TI1_ConfigInputStage
                0x00000000080062ac       0x5c ./Drivers/STM32G0xx_HAL_Driver/stm32g0xx_hal_tim.o
 .text.TIM_TI2_ConfigInputStage
                0x0000000008006308       0x64 ./Drivers/STM32G0xx_HAL_Driver/stm32g0xx_hal_tim.o
 .text.TIM_ITRx_SetConfig
                0x000000000800636c       0x38 ./Drivers/STM32G0xx_HAL_Driver/stm32g0xx_hal_tim.o
 .text.TIM_ETR_SetConfig
                0x00000000080063a4       0x40 ./Drivers/STM32G0xx_HAL_Driver/stm32g0xx_hal_tim.o
                0x00000000080063a4                TIM_ETR_SetConfig
 .text.HAL_TIMEx_MasterConfigSynchronization
                0x00000000080063e4       0xc4 ./Drivers/STM32G0xx_HAL_Driver/stm32g0xx_hal_tim_ex.o
                0x00000000080063e4                HAL_TIMEx_MasterConfigSynchronization
 .text.HAL_TIMEx_CommutCallback
                0x00000000080064a8       0x10 ./Drivers/STM32G0xx_HAL_Driver/stm32g0xx_hal_tim_ex.o
                0x00000000080064a8                HAL_TIMEx_CommutCallback
 .text.HAL_TIMEx_BreakCallback
                0x00000000080064b8       0x10 ./Drivers/STM32G0xx_HAL_Driver/stm32g0xx_hal_tim_ex.o
                0x00000000080064b8                HAL_TIMEx_BreakCallback
 .text.HAL_TIMEx_Break2Callback
                0x00000000080064c8       0x10 ./Drivers/STM32G0xx_HAL_Driver/stm32g0xx_hal_tim_ex.o
                0x00000000080064c8                HAL_TIMEx_Break2Callback
 .text.HAL_UART_Init
                0x00000000080064d8       0xac ./Drivers/STM32G0xx_HAL_Driver/stm32g0xx_hal_uart.o
                0x00000000080064d8                HAL_UART_Init
 .text.HAL_UART_Transmit
                0x0000000008006584      0x156 ./Drivers/STM32G0xx_HAL_Driver/stm32g0xx_hal_uart.o
                0x0000000008006584                HAL_UART_Transmit
 .text.HAL_UART_Receive_IT
                0x00000000080066da       0xc4 ./Drivers/STM32G0xx_HAL_Driver/stm32g0xx_hal_uart.o
                0x00000000080066da                HAL_UART_Receive_IT
 *fill*         0x000000000800679e        0x2 
 .text.HAL_UART_IRQHandler
                0x00000000080067a0      0x634 ./Drivers/STM32G0xx_HAL_Driver/stm32g0xx_hal_uart.o
                0x00000000080067a0                HAL_UART_IRQHandler
 .text.HAL_UART_TxCpltCallback
                0x0000000008006dd4       0x10 ./Drivers/STM32G0xx_HAL_Driver/stm32g0xx_hal_uart.o
                0x0000000008006dd4                HAL_UART_TxCpltCallback
 .text.HAL_UART_ErrorCallback
                0x0000000008006de4       0x10 ./Drivers/STM32G0xx_HAL_Driver/stm32g0xx_hal_uart.o
                0x0000000008006de4                HAL_UART_ErrorCallback
 .text.HAL_UARTEx_RxEventCallback
                0x0000000008006df4       0x16 ./Drivers/STM32G0xx_HAL_Driver/stm32g0xx_hal_uart.o
                0x0000000008006df4                HAL_UARTEx_RxEventCallback
 *fill*         0x0000000008006e0a        0x2 
 .text.UART_SetConfig
                0x0000000008006e0c      0x2d4 ./Drivers/STM32G0xx_HAL_Driver/stm32g0xx_hal_uart.o
                0x0000000008006e0c                UART_SetConfig
 .text.UART_AdvFeatureConfig
                0x00000000080070e0      0x168 ./Drivers/STM32G0xx_HAL_Driver/stm32g0xx_hal_uart.o
                0x00000000080070e0                UART_AdvFeatureConfig
 .text.UART_CheckIdleState
                0x0000000008007248       0x94 ./Drivers/STM32G0xx_HAL_Driver/stm32g0xx_hal_uart.o
                0x0000000008007248                UART_CheckIdleState
 .text.UART_WaitOnFlagUntilTimeout
                0x00000000080072dc      0x190 ./Drivers/STM32G0xx_HAL_Driver/stm32g0xx_hal_uart.o
                0x00000000080072dc                UART_WaitOnFlagUntilTimeout
 .text.UART_Start_Receive_IT
                0x000000000800746c      0x218 ./Drivers/STM32G0xx_HAL_Driver/stm32g0xx_hal_uart.o
                0x000000000800746c                UART_Start_Receive_IT
 .text.UART_EndRxTransfer
                0x0000000008007684       0xcc ./Drivers/STM32G0xx_HAL_Driver/stm32g0xx_hal_uart.o
 .text.UART_DMAAbortOnError
                0x0000000008007750       0x2e ./Drivers/STM32G0xx_HAL_Driver/stm32g0xx_hal_uart.o
 .text.UART_EndTransmit_IT
                0x000000000800777e       0x58 ./Drivers/STM32G0xx_HAL_Driver/stm32g0xx_hal_uart.o
 *fill*         0x00000000080077d6        0x2 
 .text.UART_RxISR_8BIT
                0x00000000080077d8      0x16c ./Drivers/STM32G0xx_HAL_Driver/stm32g0xx_hal_uart.o
 .text.UART_RxISR_16BIT
                0x0000000008007944      0x16c ./Drivers/STM32G0xx_HAL_Driver/stm32g0xx_hal_uart.o
 .text.UART_RxISR_8BIT_FIFOEN
                0x0000000008007ab0      0x2e4 ./Drivers/STM32G0xx_HAL_Driver/stm32g0xx_hal_uart.o
 .text.UART_RxISR_16BIT_FIFOEN
                0x0000000008007d94      0x2e4 ./Drivers/STM32G0xx_HAL_Driver/stm32g0xx_hal_uart.o
 .text.HAL_UARTEx_WakeupCallback
                0x0000000008008078       0x10 ./Drivers/STM32G0xx_HAL_Driver/stm32g0xx_hal_uart_ex.o
                0x0000000008008078                HAL_UARTEx_WakeupCallback
 .text.HAL_UARTEx_RxFifoFullCallback
                0x0000000008008088       0x10 ./Drivers/STM32G0xx_HAL_Driver/stm32g0xx_hal_uart_ex.o
                0x0000000008008088                HAL_UARTEx_RxFifoFullCallback
 .text.HAL_UARTEx_TxFifoEmptyCallback
                0x0000000008008098       0x10 ./Drivers/STM32G0xx_HAL_Driver/stm32g0xx_hal_uart_ex.o
                0x0000000008008098                HAL_UARTEx_TxFifoEmptyCallback
 .text.__errno  0x00000000080080a8        0xc c:/st/stm32cubeide_1.7.0/stm32cubeide/plugins/com.st.stm32cube.ide.mcu.externaltools.gnu-tools-for-stm32.9-2020-q2-update.win32_2.0.0.202105311346/tools/bin/../lib/gcc/arm-none-eabi/9.3.1/../../../../arm-none-eabi/lib/thumb/v6-m/nofp\libc_nano.a(lib_a-errno.o)
                0x00000000080080a8                __errno
 .text.__libc_init_array
                0x00000000080080b4       0x48 c:/st/stm32cubeide_1.7.0/stm32cubeide/plugins/com.st.stm32cube.ide.mcu.externaltools.gnu-tools-for-stm32.9-2020-q2-update.win32_2.0.0.202105311346/tools/bin/../lib/gcc/arm-none-eabi/9.3.1/../../../../arm-none-eabi/lib/thumb/v6-m/nofp\libc_nano.a(lib_a-init.o)
                0x00000000080080b4                __libc_init_array
 .text.memset   0x00000000080080fc       0x10 c:/st/stm32cubeide_1.7.0/stm32cubeide/plugins/com.st.stm32cube.ide.mcu.externaltools.gnu-tools-for-stm32.9-2020-q2-update.win32_2.0.0.202105311346/tools/bin/../lib/gcc/arm-none-eabi/9.3.1/../../../../arm-none-eabi/lib/thumb/v6-m/nofp\libc_nano.a(lib_a-memset.o)
                0x00000000080080fc                memset
 .text.printf   0x000000000800810c       0x34 c:/st/stm32cubeide_1.7.0/stm32cubeide/plugins/com.st.stm32cube.ide.mcu.externaltools.gnu-tools-for-stm32.9-2020-q2-update.win32_2.0.0.202105311346/tools/bin/../lib/gcc/arm-none-eabi/9.3.1/../../../../arm-none-eabi/lib/thumb/v6-m/nofp\libc_nano.a(lib_a-printf.o)
                0x000000000800810c                iprintf
                0x000000000800810c                printf
 .text._puts_r  0x0000000008008140       0xe4 c:/st/stm32cubeide_1.7.0/stm32cubeide/plugins/com.st.stm32cube.ide.mcu.externaltools.gnu-tools-for-stm32.9-2020-q2-update.win32_2.0.0.202105311346/tools/bin/../lib/gcc/arm-none-eabi/9.3.1/../../../../arm-none-eabi/lib/thumb/v6-m/nofp\libc_nano.a(lib_a-puts.o)
                0x0000000008008140                _puts_r
 .text.puts     0x0000000008008224       0x14 c:/st/stm32cubeide_1.7.0/stm32cubeide/plugins/com.st.stm32cube.ide.mcu.externaltools.gnu-tools-for-stm32.9-2020-q2-update.win32_2.0.0.202105311346/tools/bin/../lib/gcc/arm-none-eabi/9.3.1/../../../../arm-none-eabi/lib/thumb/v6-m/nofp\libc_nano.a(lib_a-puts.o)
                0x0000000008008224                puts
 .text.__swbuf_r
                0x0000000008008238       0xac c:/st/stm32cubeide_1.7.0/stm32cubeide/plugins/com.st.stm32cube.ide.mcu.externaltools.gnu-tools-for-stm32.9-2020-q2-update.win32_2.0.0.202105311346/tools/bin/../lib/gcc/arm-none-eabi/9.3.1/../../../../arm-none-eabi/lib/thumb/v6-m/nofp\libc_nano.a(lib_a-wbuf.o)
                0x0000000008008238                __swbuf_r
 .text.__swsetup_r
                0x00000000080082e4       0xf0 c:/st/stm32cubeide_1.7.0/stm32cubeide/plugins/com.st.stm32cube.ide.mcu.externaltools.gnu-tools-for-stm32.9-2020-q2-update.win32_2.0.0.202105311346/tools/bin/../lib/gcc/arm-none-eabi/9.3.1/../../../../arm-none-eabi/lib/thumb/v6-m/nofp\libc_nano.a(lib_a-wsetup.o)
                0x00000000080082e4                __swsetup_r
 .text.__sflush_r
                0x00000000080083d4      0x118 c:/st/stm32cubeide_1.7.0/stm32cubeide/plugins/com.st.stm32cube.ide.mcu.externaltools.gnu-tools-for-stm32.9-2020-q2-update.win32_2.0.0.202105311346/tools/bin/../lib/gcc/arm-none-eabi/9.3.1/../../../../arm-none-eabi/lib/thumb/v6-m/nofp\libc_nano.a(lib_a-fflush.o)
                0x00000000080083d4                __sflush_r
 .text._fflush_r
                0x00000000080084ec       0x80 c:/st/stm32cubeide_1.7.0/stm32cubeide/plugins/com.st.stm32cube.ide.mcu.externaltools.gnu-tools-for-stm32.9-2020-q2-update.win32_2.0.0.202105311346/tools/bin/../lib/gcc/arm-none-eabi/9.3.1/../../../../arm-none-eabi/lib/thumb/v6-m/nofp\libc_nano.a(lib_a-fflush.o)
                0x00000000080084ec                _fflush_r
 .text.std      0x000000000800856c       0x48 c:/st/stm32cubeide_1.7.0/stm32cubeide/plugins/com.st.stm32cube.ide.mcu.externaltools.gnu-tools-for-stm32.9-2020-q2-update.win32_2.0.0.202105311346/tools/bin/../lib/gcc/arm-none-eabi/9.3.1/../../../../arm-none-eabi/lib/thumb/v6-m/nofp\libc_nano.a(lib_a-findfp.o)
 .text._cleanup_r
                0x00000000080085b4       0x10 c:/st/stm32cubeide_1.7.0/stm32cubeide/plugins/com.st.stm32cube.ide.mcu.externaltools.gnu-tools-for-stm32.9-2020-q2-update.win32_2.0.0.202105311346/tools/bin/../lib/gcc/arm-none-eabi/9.3.1/../../../../arm-none-eabi/lib/thumb/v6-m/nofp\libc_nano.a(lib_a-findfp.o)
                0x00000000080085b4                _cleanup_r
 .text.__sfmoreglue
                0x00000000080085c4       0x2c c:/st/stm32cubeide_1.7.0/stm32cubeide/plugins/com.st.stm32cube.ide.mcu.externaltools.gnu-tools-for-stm32.9-2020-q2-update.win32_2.0.0.202105311346/tools/bin/../lib/gcc/arm-none-eabi/9.3.1/../../../../arm-none-eabi/lib/thumb/v6-m/nofp\libc_nano.a(lib_a-findfp.o)
                0x00000000080085c4                __sfmoreglue
 .text.__sfp_lock_acquire
                0x00000000080085f0       0x10 c:/st/stm32cubeide_1.7.0/stm32cubeide/plugins/com.st.stm32cube.ide.mcu.externaltools.gnu-tools-for-stm32.9-2020-q2-update.win32_2.0.0.202105311346/tools/bin/../lib/gcc/arm-none-eabi/9.3.1/../../../../arm-none-eabi/lib/thumb/v6-m/nofp\libc_nano.a(lib_a-findfp.o)
                0x00000000080085f0                __sfp_lock_acquire
 .text.__sfp_lock_release
                0x0000000008008600       0x10 c:/st/stm32cubeide_1.7.0/stm32cubeide/plugins/com.st.stm32cube.ide.mcu.externaltools.gnu-tools-for-stm32.9-2020-q2-update.win32_2.0.0.202105311346/tools/bin/../lib/gcc/arm-none-eabi/9.3.1/../../../../arm-none-eabi/lib/thumb/v6-m/nofp\libc_nano.a(lib_a-findfp.o)
                0x0000000008008600                __sfp_lock_release
 .text.__sinit_lock_acquire
                0x0000000008008610       0x10 c:/st/stm32cubeide_1.7.0/stm32cubeide/plugins/com.st.stm32cube.ide.mcu.externaltools.gnu-tools-for-stm32.9-2020-q2-update.win32_2.0.0.202105311346/tools/bin/../lib/gcc/arm-none-eabi/9.3.1/../../../../arm-none-eabi/lib/thumb/v6-m/nofp\libc_nano.a(lib_a-findfp.o)
                0x0000000008008610                __sinit_lock_acquire
 .text.__sinit_lock_release
                0x0000000008008620       0x10 c:/st/stm32cubeide_1.7.0/stm32cubeide/plugins/com.st.stm32cube.ide.mcu.externaltools.gnu-tools-for-stm32.9-2020-q2-update.win32_2.0.0.202105311346/tools/bin/../lib/gcc/arm-none-eabi/9.3.1/../../../../arm-none-eabi/lib/thumb/v6-m/nofp\libc_nano.a(lib_a-findfp.o)
                0x0000000008008620                __sinit_lock_release
 .text.__sinit  0x0000000008008630       0x70 c:/st/stm32cubeide_1.7.0/stm32cubeide/plugins/com.st.stm32cube.ide.mcu.externaltools.gnu-tools-for-stm32.9-2020-q2-update.win32_2.0.0.202105311346/tools/bin/../lib/gcc/arm-none-eabi/9.3.1/../../../../arm-none-eabi/lib/thumb/v6-m/nofp\libc_nano.a(lib_a-findfp.o)
                0x0000000008008630                __sinit
 .text.__sfp    0x00000000080086a0       0x90 c:/st/stm32cubeide_1.7.0/stm32cubeide/plugins/com.st.stm32cube.ide.mcu.externaltools.gnu-tools-for-stm32.9-2020-q2-update.win32_2.0.0.202105311346/tools/bin/../lib/gcc/arm-none-eabi/9.3.1/../../../../arm-none-eabi/lib/thumb/v6-m/nofp\libc_nano.a(lib_a-findfp.o)
                0x00000000080086a0                __sfp
 .text._fwalk_reent
                0x0000000008008730       0x40 c:/st/stm32cubeide_1.7.0/stm32cubeide/plugins/com.st.stm32cube.ide.mcu.externaltools.gnu-tools-for-stm32.9-2020-q2-update.win32_2.0.0.202105311346/tools/bin/../lib/gcc/arm-none-eabi/9.3.1/../../../../arm-none-eabi/lib/thumb/v6-m/nofp\libc_nano.a(lib_a-fwalk.o)
                0x0000000008008730                _fwalk_reent
 .text.__retarget_lock_init_recursive
                0x0000000008008770        0x2 c:/st/stm32cubeide_1.7.0/stm32cubeide/plugins/com.st.stm32cube.ide.mcu.externaltools.gnu-tools-for-stm32.9-2020-q2-update.win32_2.0.0.202105311346/tools/bin/../lib/gcc/arm-none-eabi/9.3.1/../../../../arm-none-eabi/lib/thumb/v6-m/nofp\libc_nano.a(lib_a-lock.o)
                0x0000000008008770                __retarget_lock_init_recursive
 .text.__retarget_lock_acquire_recursive
                0x0000000008008772        0x2 c:/st/stm32cubeide_1.7.0/stm32cubeide/plugins/com.st.stm32cube.ide.mcu.externaltools.gnu-tools-for-stm32.9-2020-q2-update.win32_2.0.0.202105311346/tools/bin/../lib/gcc/arm-none-eabi/9.3.1/../../../../arm-none-eabi/lib/thumb/v6-m/nofp\libc_nano.a(lib_a-lock.o)
                0x0000000008008772                __retarget_lock_acquire_recursive
 .text.__retarget_lock_release_recursive
                0x0000000008008774        0x2 c:/st/stm32cubeide_1.7.0/stm32cubeide/plugins/com.st.stm32cube.ide.mcu.externaltools.gnu-tools-for-stm32.9-2020-q2-update.win32_2.0.0.202105311346/tools/bin/../lib/gcc/arm-none-eabi/9.3.1/../../../../arm-none-eabi/lib/thumb/v6-m/nofp\libc_nano.a(lib_a-lock.o)
                0x0000000008008774                __retarget_lock_release_recursive
 *fill*         0x0000000008008776        0x2 
 .text.__swhatbuf_r
                0x0000000008008778       0x50 c:/st/stm32cubeide_1.7.0/stm32cubeide/plugins/com.st.stm32cube.ide.mcu.externaltools.gnu-tools-for-stm32.9-2020-q2-update.win32_2.0.0.202105311346/tools/bin/../lib/gcc/arm-none-eabi/9.3.1/../../../../arm-none-eabi/lib/thumb/v6-m/nofp\libc_nano.a(lib_a-makebuf.o)
                0x0000000008008778                __swhatbuf_r
 .text.__smakebuf_r
                0x00000000080087c8       0x88 c:/st/stm32cubeide_1.7.0/stm32cubeide/plugins/com.st.stm32cube.ide.mcu.externaltools.gnu-tools-for-stm32.9-2020-q2-update.win32_2.0.0.202105311346/tools/bin/../lib/gcc/arm-none-eabi/9.3.1/../../../../arm-none-eabi/lib/thumb/v6-m/nofp\libc_nano.a(lib_a-makebuf.o)
                0x00000000080087c8                __smakebuf_r
 .text._free_r  0x0000000008008850       0x94 c:/st/stm32cubeide_1.7.0/stm32cubeide/plugins/com.st.stm32cube.ide.mcu.externaltools.gnu-tools-for-stm32.9-2020-q2-update.win32_2.0.0.202105311346/tools/bin/../lib/gcc/arm-none-eabi/9.3.1/../../../../arm-none-eabi/lib/thumb/v6-m/nofp\libc_nano.a(lib_a-nano-freer.o)
                0x0000000008008850                _free_r
 .text._malloc_r
                0x00000000080088e4       0xbc c:/st/stm32cubeide_1.7.0/stm32cubeide/plugins/com.st.stm32cube.ide.mcu.externaltools.gnu-tools-for-stm32.9-2020-q2-update.win32_2.0.0.202105311346/tools/bin/../lib/gcc/arm-none-eabi/9.3.1/../../../../arm-none-eabi/lib/thumb/v6-m/nofp\libc_nano.a(lib_a-nano-mallocr.o)
                0x00000000080088e4                _malloc_r
 .text.__sfputc_r
                0x00000000080089a0       0x2a c:/st/stm32cubeide_1.7.0/stm32cubeide/plugins/com.st.stm32cube.ide.mcu.externaltools.gnu-tools-for-stm32.9-2020-q2-update.win32_2.0.0.202105311346/tools/bin/../lib/gcc/arm-none-eabi/9.3.1/../../../../arm-none-eabi/lib/thumb/v6-m/nofp\libc_nano.a(lib_a-nano-vfprintf.o)
 .text.__sfputs_r
                0x00000000080089ca       0x24 c:/st/stm32cubeide_1.7.0/stm32cubeide/plugins/com.st.stm32cube.ide.mcu.externaltools.gnu-tools-for-stm32.9-2020-q2-update.win32_2.0.0.202105311346/tools/bin/../lib/gcc/arm-none-eabi/9.3.1/../../../../arm-none-eabi/lib/thumb/v6-m/nofp\libc_nano.a(lib_a-nano-vfprintf.o)
                0x00000000080089ca                __sfputs_r
 *fill*         0x00000000080089ee        0x2 
 .text._vfprintf_r
                0x00000000080089f0      0x274 c:/st/stm32cubeide_1.7.0/stm32cubeide/plugins/com.st.stm32cube.ide.mcu.externaltools.gnu-tools-for-stm32.9-2020-q2-update.win32_2.0.0.202105311346/tools/bin/../lib/gcc/arm-none-eabi/9.3.1/../../../../arm-none-eabi/lib/thumb/v6-m/nofp\libc_nano.a(lib_a-nano-vfprintf.o)
                0x00000000080089f0                _vfprintf_r
                0x00000000080089f0                _vfiprintf_r
 .text._printf_common
                0x0000000008008c64       0xde c:/st/stm32cubeide_1.7.0/stm32cubeide/plugins/com.st.stm32cube.ide.mcu.externaltools.gnu-tools-for-stm32.9-2020-q2-update.win32_2.0.0.202105311346/tools/bin/../lib/gcc/arm-none-eabi/9.3.1/../../../../arm-none-eabi/lib/thumb/v6-m/nofp\libc_nano.a(lib_a-nano-vfprintf_i.o)
                0x0000000008008c64                _printf_common
 *fill*         0x0000000008008d42        0x2 
 .text._printf_i
                0x0000000008008d44      0x224 c:/st/stm32cubeide_1.7.0/stm32cubeide/plugins/com.st.stm32cube.ide.mcu.externaltools.gnu-tools-for-stm32.9-2020-q2-update.win32_2.0.0.202105311346/tools/bin/../lib/gcc/arm-none-eabi/9.3.1/../../../../arm-none-eabi/lib/thumb/v6-m/nofp\libc_nano.a(lib_a-nano-vfprintf_i.o)
                0x0000000008008d44                _printf_i
 .text._sbrk_r  0x0000000008008f68       0x24 c:/st/stm32cubeide_1.7.0/stm32cubeide/plugins/com.st.stm32cube.ide.mcu.externaltools.gnu-tools-for-stm32.9-2020-q2-update.win32_2.0.0.202105311346/tools/bin/../lib/gcc/arm-none-eabi/9.3.1/../../../../arm-none-eabi/lib/thumb/v6-m/nofp\libc_nano.a(lib_a-sbrkr.o)
                0x0000000008008f68                _sbrk_r
 .text.__sread  0x0000000008008f8c       0x28 c:/st/stm32cubeide_1.7.0/stm32cubeide/plugins/com.st.stm32cube.ide.mcu.externaltools.gnu-tools-for-stm32.9-2020-q2-update.win32_2.0.0.202105311346/tools/bin/../lib/gcc/arm-none-eabi/9.3.1/../../../../arm-none-eabi/lib/thumb/v6-m/nofp\libc_nano.a(lib_a-stdio.o)
                0x0000000008008f8c                __sread
 .text.__swrite
                0x0000000008008fb4       0x38 c:/st/stm32cubeide_1.7.0/stm32cubeide/plugins/com.st.stm32cube.ide.mcu.externaltools.gnu-tools-for-stm32.9-2020-q2-update.win32_2.0.0.202105311346/tools/bin/../lib/gcc/arm-none-eabi/9.3.1/../../../../arm-none-eabi/lib/thumb/v6-m/nofp\libc_nano.a(lib_a-stdio.o)
                0x0000000008008fb4                __swrite
 .text.__sseek  0x0000000008008fec       0x2c c:/st/stm32cubeide_1.7.0/stm32cubeide/plugins/com.st.stm32cube.ide.mcu.externaltools.gnu-tools-for-stm32.9-2020-q2-update.win32_2.0.0.202105311346/tools/bin/../lib/gcc/arm-none-eabi/9.3.1/../../../../arm-none-eabi/lib/thumb/v6-m/nofp\libc_nano.a(lib_a-stdio.o)
                0x0000000008008fec                __sseek
 .text.__sclose
                0x0000000008009018        0xc c:/st/stm32cubeide_1.7.0/stm32cubeide/plugins/com.st.stm32cube.ide.mcu.externaltools.gnu-tools-for-stm32.9-2020-q2-update.win32_2.0.0.202105311346/tools/bin/../lib/gcc/arm-none-eabi/9.3.1/../../../../arm-none-eabi/lib/thumb/v6-m/nofp\libc_nano.a(lib_a-stdio.o)
                0x0000000008009018                __sclose
 .text._write_r
                0x0000000008009024       0x28 c:/st/stm32cubeide_1.7.0/stm32cubeide/plugins/com.st.stm32cube.ide.mcu.externaltools.gnu-tools-for-stm32.9-2020-q2-update.win32_2.0.0.202105311346/tools/bin/../lib/gcc/arm-none-eabi/9.3.1/../../../../arm-none-eabi/lib/thumb/v6-m/nofp\libc_nano.a(lib_a-writer.o)
                0x0000000008009024                _write_r
 .text._close_r
                0x000000000800904c       0x24 c:/st/stm32cubeide_1.7.0/stm32cubeide/plugins/com.st.stm32cube.ide.mcu.externaltools.gnu-tools-for-stm32.9-2020-q2-update.win32_2.0.0.202105311346/tools/bin/../lib/gcc/arm-none-eabi/9.3.1/../../../../arm-none-eabi/lib/thumb/v6-m/nofp\libc_nano.a(lib_a-closer.o)
                0x000000000800904c                _close_r
 .text._fstat_r
                0x0000000008009070       0x24 c:/st/stm32cubeide_1.7.0/stm32cubeide/plugins/com.st.stm32cube.ide.mcu.externaltools.gnu-tools-for-stm32.9-2020-q2-update.win32_2.0.0.202105311346/tools/bin/../lib/gcc/arm-none-eabi/9.3.1/../../../../arm-none-eabi/lib/thumb/v6-m/nofp\libc_nano.a(lib_a-fstatr.o)
                0x0000000008009070                _fstat_r
 .text._isatty_r
                0x0000000008009094       0x24 c:/st/stm32cubeide_1.7.0/stm32cubeide/plugins/com.st.stm32cube.ide.mcu.externaltools.gnu-tools-for-stm32.9-2020-q2-update.win32_2.0.0.202105311346/tools/bin/../lib/gcc/arm-none-eabi/9.3.1/../../../../arm-none-eabi/lib/thumb/v6-m/nofp\libc_nano.a(lib_a-isattyr.o)
                0x0000000008009094                _isatty_r
 .text._lseek_r
                0x00000000080090b8       0x28 c:/st/stm32cubeide_1.7.0/stm32cubeide/plugins/com.st.stm32cube.ide.mcu.externaltools.gnu-tools-for-stm32.9-2020-q2-update.win32_2.0.0.202105311346/tools/bin/../lib/gcc/arm-none-eabi/9.3.1/../../../../arm-none-eabi/lib/thumb/v6-m/nofp\libc_nano.a(lib_a-lseekr.o)
                0x00000000080090b8                _lseek_r
 .text.memchr   0x00000000080090e0       0x16 c:/st/stm32cubeide_1.7.0/stm32cubeide/plugins/com.st.stm32cube.ide.mcu.externaltools.gnu-tools-for-stm32.9-2020-q2-update.win32_2.0.0.202105311346/tools/bin/../lib/gcc/arm-none-eabi/9.3.1/../../../../arm-none-eabi/lib/thumb/v6-m/nofp\libc_nano.a(lib_a-memchr-stub.o)
                0x00000000080090e0                memchr
 *fill*         0x00000000080090f6        0x2 
 .text.__malloc_lock
                0x00000000080090f8       0x10 c:/st/stm32cubeide_1.7.0/stm32cubeide/plugins/com.st.stm32cube.ide.mcu.externaltools.gnu-tools-for-stm32.9-2020-q2-update.win32_2.0.0.202105311346/tools/bin/../lib/gcc/arm-none-eabi/9.3.1/../../../../arm-none-eabi/lib/thumb/v6-m/nofp\libc_nano.a(lib_a-mlock.o)
                0x00000000080090f8                __malloc_lock
 .text.__malloc_unlock
                0x0000000008009108       0x10 c:/st/stm32cubeide_1.7.0/stm32cubeide/plugins/com.st.stm32cube.ide.mcu.externaltools.gnu-tools-for-stm32.9-2020-q2-update.win32_2.0.0.202105311346/tools/bin/../lib/gcc/arm-none-eabi/9.3.1/../../../../arm-none-eabi/lib/thumb/v6-m/nofp\libc_nano.a(lib_a-mlock.o)
                0x0000000008009108                __malloc_unlock
 .text._read_r  0x0000000008009118       0x28 c:/st/stm32cubeide_1.7.0/stm32cubeide/plugins/com.st.stm32cube.ide.mcu.externaltools.gnu-tools-for-stm32.9-2020-q2-update.win32_2.0.0.202105311346/tools/bin/../lib/gcc/arm-none-eabi/9.3.1/../../../../arm-none-eabi/lib/thumb/v6-m/nofp\libc_nano.a(lib_a-readr.o)
                0x0000000008009118                _read_r
 *(.glue_7)
 .glue_7        0x0000000008009140        0x0 linker stubs
 *(.glue_7t)
 .glue_7t       0x0000000008009140        0x0 linker stubs
 *(.eh_frame)
 .eh_frame      0x0000000008009140        0x0 c:/st/stm32cubeide_1.7.0/stm32cubeide/plugins/com.st.stm32cube.ide.mcu.externaltools.gnu-tools-for-stm32.9-2020-q2-update.win32_2.0.0.202105311346/tools/bin/../lib/gcc/arm-none-eabi/9.3.1/thumb/v6-m/nofp/crtbegin.o
 *(.init)
 .init          0x0000000008009140        0x4 c:/st/stm32cubeide_1.7.0/stm32cubeide/plugins/com.st.stm32cube.ide.mcu.externaltools.gnu-tools-for-stm32.9-2020-q2-update.win32_2.0.0.202105311346/tools/bin/../lib/gcc/arm-none-eabi/9.3.1/thumb/v6-m/nofp/crti.o
                0x0000000008009140                _init
 .init          0x0000000008009144        0x8 c:/st/stm32cubeide_1.7.0/stm32cubeide/plugins/com.st.stm32cube.ide.mcu.externaltools.gnu-tools-for-stm32.9-2020-q2-update.win32_2.0.0.202105311346/tools/bin/../lib/gcc/arm-none-eabi/9.3.1/thumb/v6-m/nofp/crtn.o
 *(.fini)
 .fini          0x000000000800914c        0x4 c:/st/stm32cubeide_1.7.0/stm32cubeide/plugins/com.st.stm32cube.ide.mcu.externaltools.gnu-tools-for-stm32.9-2020-q2-update.win32_2.0.0.202105311346/tools/bin/../lib/gcc/arm-none-eabi/9.3.1/thumb/v6-m/nofp/crti.o
                0x000000000800914c                _fini
 .fini          0x0000000008009150        0x8 c:/st/stm32cubeide_1.7.0/stm32cubeide/plugins/com.st.stm32cube.ide.mcu.externaltools.gnu-tools-for-stm32.9-2020-q2-update.win32_2.0.0.202105311346/tools/bin/../lib/gcc/arm-none-eabi/9.3.1/thumb/v6-m/nofp/crtn.o
                0x0000000008009158                . = ALIGN (0x4)
                0x0000000008009158                _etext = .

.vfp11_veneer   0x0000000008009158        0x0
 .vfp11_veneer  0x0000000008009158        0x0 linker stubs

.v4_bx          0x0000000008009158        0x0
 .v4_bx         0x0000000008009158        0x0 linker stubs

.iplt           0x0000000008009158        0x0
 .iplt          0x0000000008009158        0x0 c:/st/stm32cubeide_1.7.0/stm32cubeide/plugins/com.st.stm32cube.ide.mcu.externaltools.gnu-tools-for-stm32.9-2020-q2-update.win32_2.0.0.202105311346/tools/bin/../lib/gcc/arm-none-eabi/9.3.1/thumb/v6-m/nofp/crtbegin.o

.rodata         0x0000000008009158      0x170
                0x0000000008009158                . = ALIGN (0x4)
 *(.rodata)
 .rodata        0x0000000008009158       0x26 ./Core/Src/main.o
 *(.rodata*)
 .rodata.LED_Driver_All_Power.8089
                0x000000000800917e        0x1 ./Core/Src/IS31FL3237.o
 .rodata.LED_array_Power_G.8092
                0x000000000800917f        0x1 ./Core/Src/IS31FL3237.o
 .rodata.LED_Driver_Each_Power.8090
                0x0000000008009180        0x1 ./Core/Src/IS31FL3237.o
 .rodata.LED_array_Power_R.8091
                0x0000000008009181        0x1 ./Core/Src/IS31FL3237.o
 .rodata.LED_Power_R.8093
                0x0000000008009182        0x1 ./Core/Src/IS31FL3237.o
 .rodata.LED_Power_G.8094
                0x0000000008009183        0x1 ./Core/Src/IS31FL3237.o
 .rodata.LED_Power_B.8095
                0x0000000008009184        0x1 ./Core/Src/IS31FL3237.o
 .rodata.LED_Driver_PWM_Value.8096
                0x0000000008009185        0x1 ./Core/Src/IS31FL3237.o
 *fill*         0x0000000008009186        0x2 
 .rodata.Task_ButtonGroup
                0x0000000008009188       0x2c ./Core/Src/main.o
 .rodata.ExecuteBTNevent.10331
                0x00000000080091b4        0x1 ./Core/Src/main.o
 .rodata.HoldOnExecuteBTN.10332
                0x00000000080091b5        0x1 ./Core/Src/main.o
 *fill*         0x00000000080091b6        0x2 
 .rodata.AHBPrescTable
                0x00000000080091b8       0x40 ./Core/Src/system_stm32g0xx.o
                0x00000000080091b8                AHBPrescTable
 .rodata.APBPrescTable
                0x00000000080091f8       0x20 ./Core/Src/system_stm32g0xx.o
                0x00000000080091f8                APBPrescTable
 .rodata.UARTPrescTable
                0x0000000008009218       0x18 ./Drivers/STM32G0xx_HAL_Driver/stm32g0xx_hal_uart.o
                0x0000000008009218                UARTPrescTable
 .rodata._global_impure_ptr
                0x0000000008009230        0x4 c:/st/stm32cubeide_1.7.0/stm32cubeide/plugins/com.st.stm32cube.ide.mcu.externaltools.gnu-tools-for-stm32.9-2020-q2-update.win32_2.0.0.202105311346/tools/bin/../lib/gcc/arm-none-eabi/9.3.1/../../../../arm-none-eabi/lib/thumb/v6-m/nofp\libc_nano.a(lib_a-impure.o)
                0x0000000008009230                _global_impure_ptr
 .rodata.__sf_fake_stderr
                0x0000000008009234       0x20 c:/st/stm32cubeide_1.7.0/stm32cubeide/plugins/com.st.stm32cube.ide.mcu.externaltools.gnu-tools-for-stm32.9-2020-q2-update.win32_2.0.0.202105311346/tools/bin/../lib/gcc/arm-none-eabi/9.3.1/../../../../arm-none-eabi/lib/thumb/v6-m/nofp\libc_nano.a(lib_a-findfp.o)
                0x0000000008009234                __sf_fake_stderr
 .rodata.__sf_fake_stdin
                0x0000000008009254       0x20 c:/st/stm32cubeide_1.7.0/stm32cubeide/plugins/com.st.stm32cube.ide.mcu.externaltools.gnu-tools-for-stm32.9-2020-q2-update.win32_2.0.0.202105311346/tools/bin/../lib/gcc/arm-none-eabi/9.3.1/../../../../arm-none-eabi/lib/thumb/v6-m/nofp\libc_nano.a(lib_a-findfp.o)
                0x0000000008009254                __sf_fake_stdin
 .rodata.__sf_fake_stdout
                0x0000000008009274       0x20 c:/st/stm32cubeide_1.7.0/stm32cubeide/plugins/com.st.stm32cube.ide.mcu.externaltools.gnu-tools-for-stm32.9-2020-q2-update.win32_2.0.0.202105311346/tools/bin/../lib/gcc/arm-none-eabi/9.3.1/../../../../arm-none-eabi/lib/thumb/v6-m/nofp\libc_nano.a(lib_a-findfp.o)
                0x0000000008009274                __sf_fake_stdout
 .rodata._vfprintf_r.str1.1
                0x0000000008009294       0x11 c:/st/stm32cubeide_1.7.0/stm32cubeide/plugins/com.st.stm32cube.ide.mcu.externaltools.gnu-tools-for-stm32.9-2020-q2-update.win32_2.0.0.202105311346/tools/bin/../lib/gcc/arm-none-eabi/9.3.1/../../../../arm-none-eabi/lib/thumb/v6-m/nofp\libc_nano.a(lib_a-nano-vfprintf.o)
 .rodata._printf_i.str1.1
                0x00000000080092a5       0x22 c:/st/stm32cubeide_1.7.0/stm32cubeide/plugins/com.st.stm32cube.ide.mcu.externaltools.gnu-tools-for-stm32.9-2020-q2-update.win32_2.0.0.202105311346/tools/bin/../lib/gcc/arm-none-eabi/9.3.1/../../../../arm-none-eabi/lib/thumb/v6-m/nofp\libc_nano.a(lib_a-nano-vfprintf_i.o)
                0x00000000080092c8                . = ALIGN (0x4)
 *fill*         0x00000000080092c7        0x1 

.rel.dyn        0x00000000080092c8        0x0
 .rel.iplt      0x00000000080092c8        0x0 c:/st/stm32cubeide_1.7.0/stm32cubeide/plugins/com.st.stm32cube.ide.mcu.externaltools.gnu-tools-for-stm32.9-2020-q2-update.win32_2.0.0.202105311346/tools/bin/../lib/gcc/arm-none-eabi/9.3.1/thumb/v6-m/nofp/crtbegin.o

.ARM.extab      0x00000000080092c8        0x0
                0x00000000080092c8                . = ALIGN (0x4)
 *(.ARM.extab* .gnu.linkonce.armextab.*)
                0x00000000080092c8                . = ALIGN (0x4)

.ARM            0x00000000080092c8        0x0
                0x00000000080092c8                . = ALIGN (0x4)
                0x00000000080092c8                __exidx_start = .
 *(.ARM.exidx*)
                0x00000000080092c8                __exidx_end = .
                0x00000000080092c8                . = ALIGN (0x4)

.preinit_array  0x00000000080092c8        0x0
                0x00000000080092c8                . = ALIGN (0x4)
                0x00000000080092c8                PROVIDE (__preinit_array_start = .)
 *(.preinit_array*)
                0x00000000080092c8                PROVIDE (__preinit_array_end = .)
                0x00000000080092c8                . = ALIGN (0x4)

.init_array     0x00000000080092c8        0x4
                0x00000000080092c8                . = ALIGN (0x4)
                0x00000000080092c8                PROVIDE (__init_array_start = .)
 *(SORT_BY_NAME(.init_array.*))
 *(.init_array*)
 .init_array    0x00000000080092c8        0x4 c:/st/stm32cubeide_1.7.0/stm32cubeide/plugins/com.st.stm32cube.ide.mcu.externaltools.gnu-tools-for-stm32.9-2020-q2-update.win32_2.0.0.202105311346/tools/bin/../lib/gcc/arm-none-eabi/9.3.1/thumb/v6-m/nofp/crtbegin.o
                0x00000000080092cc                PROVIDE (__init_array_end = .)
                0x00000000080092cc                . = ALIGN (0x4)

.fini_array     0x00000000080092cc        0x4
                0x00000000080092cc                . = ALIGN (0x4)
                [!provide]                        PROVIDE (__fini_array_start = .)
 *(SORT_BY_NAME(.fini_array.*))
 *(.fini_array*)
 .fini_array    0x00000000080092cc        0x4 c:/st/stm32cubeide_1.7.0/stm32cubeide/plugins/com.st.stm32cube.ide.mcu.externaltools.gnu-tools-for-stm32.9-2020-q2-update.win32_2.0.0.202105311346/tools/bin/../lib/gcc/arm-none-eabi/9.3.1/thumb/v6-m/nofp/crtbegin.o
                [!provide]                        PROVIDE (__fini_array_end = .)
                0x00000000080092d0                . = ALIGN (0x4)
                0x00000000080092d0                _sidata = LOADADDR (.data)

.data           0x0000000020000000       0x70 load address 0x00000000080092d0
                0x0000000020000000                . = ALIGN (0x4)
                0x0000000020000000                _sdata = .
 *(.data)
 *(.data*)
 .data.SystemCoreClock
                0x0000000020000000        0x4 ./Core/Src/system_stm32g0xx.o
                0x0000000020000000                SystemCoreClock
 .data.uwTickPrio
                0x0000000020000004        0x4 ./Drivers/STM32G0xx_HAL_Driver/stm32g0xx_hal.o
                0x0000000020000004                uwTickPrio
 .data.uwTickFreq
                0x0000000020000008        0x1 ./Drivers/STM32G0xx_HAL_Driver/stm32g0xx_hal.o
                0x0000000020000008                uwTickFreq
 *fill*         0x0000000020000009        0x3 
 .data._impure_ptr
                0x000000002000000c        0x4 c:/st/stm32cubeide_1.7.0/stm32cubeide/plugins/com.st.stm32cube.ide.mcu.externaltools.gnu-tools-for-stm32.9-2020-q2-update.win32_2.0.0.202105311346/tools/bin/../lib/gcc/arm-none-eabi/9.3.1/../../../../arm-none-eabi/lib/thumb/v6-m/nofp\libc_nano.a(lib_a-impure.o)
                0x000000002000000c                _impure_ptr
 .data.impure_data
                0x0000000020000010       0x60 c:/st/stm32cubeide_1.7.0/stm32cubeide/plugins/com.st.stm32cube.ide.mcu.externaltools.gnu-tools-for-stm32.9-2020-q2-update.win32_2.0.0.202105311346/tools/bin/../lib/gcc/arm-none-eabi/9.3.1/../../../../arm-none-eabi/lib/thumb/v6-m/nofp\libc_nano.a(lib_a-impure.o)
 *(.RamFunc)
 *(.RamFunc*)
                0x0000000020000070                . = ALIGN (0x4)
                0x0000000020000070                _edata = .

.igot.plt       0x0000000020000070        0x0 load address 0x0000000008009340
 .igot.plt      0x0000000020000070        0x0 c:/st/stm32cubeide_1.7.0/stm32cubeide/plugins/com.st.stm32cube.ide.mcu.externaltools.gnu-tools-for-stm32.9-2020-q2-update.win32_2.0.0.202105311346/tools/bin/../lib/gcc/arm-none-eabi/9.3.1/thumb/v6-m/nofp/crtbegin.o
                0x0000000020000070                . = ALIGN (0x4)

.bss            0x0000000020000070      0x3bc load address 0x0000000008009340
                0x0000000020000070                _sbss = .
                0x0000000020000070                __bss_start__ = _sbss
 *(.bss)
 .bss           0x0000000020000070       0x1c c:/st/stm32cubeide_1.7.0/stm32cubeide/plugins/com.st.stm32cube.ide.mcu.externaltools.gnu-tools-for-stm32.9-2020-q2-update.win32_2.0.0.202105311346/tools/bin/../lib/gcc/arm-none-eabi/9.3.1/thumb/v6-m/nofp/crtbegin.o
 *(.bss*)
 .bss.arrayLED  0x000000002000008c        0x4 ./Core/Src/IS31FL3237.o
                0x000000002000008c                arrayLED
 .bss.LED9      0x0000000020000090        0x1 ./Core/Src/IS31FL3237.o
                0x0000000020000090                LED9
 .bss.SW3_LED19
                0x0000000020000091        0x1 ./Core/Src/IS31FL3237.o
                0x0000000020000091                SW3_LED19
 .bss.SW3_LED20
                0x0000000020000092        0x1 ./Core/Src/IS31FL3237.o
                0x0000000020000092                SW3_LED20
 .bss.SW3_LED21
                0x0000000020000093        0x1 ./Core/Src/IS31FL3237.o
                0x0000000020000093                SW3_LED21
 .bss.SW4_LED15
                0x0000000020000094        0x1 ./Core/Src/IS31FL3237.o
                0x0000000020000094                SW4_LED15
 .bss.SW4_LED16
                0x0000000020000095        0x1 ./Core/Src/IS31FL3237.o
                0x0000000020000095                SW4_LED16
 .bss.SW4_LED18
                0x0000000020000096        0x1 ./Core/Src/IS31FL3237.o
                0x0000000020000096                SW4_LED18
 .bss.SW5_LED13
                0x0000000020000097        0x1 ./Core/Src/IS31FL3237.o
                0x0000000020000097                SW5_LED13
 .bss.SW5_LED14
                0x0000000020000098        0x1 ./Core/Src/IS31FL3237.o
                0x0000000020000098                SW5_LED14
 .bss.SW5_LED17
                0x0000000020000099        0x1 ./Core/Src/IS31FL3237.o
                0x0000000020000099                SW5_LED17
 .bss.SW6_LED10
                0x000000002000009a        0x1 ./Core/Src/IS31FL3237.o
                0x000000002000009a                SW6_LED10
 .bss.SW6_LED11
                0x000000002000009b        0x1 ./Core/Src/IS31FL3237.o
                0x000000002000009b                SW6_LED11
 .bss.SW6_LED12
                0x000000002000009c        0x1 ./Core/Src/IS31FL3237.o
                0x000000002000009c                SW6_LED12
 *fill*         0x000000002000009d        0x3 
 .bss.arrayLED_Save.8101
                0x00000000200000a0        0x8 ./Core/Src/IS31FL3237.o
 .bss.LED9_Save.8102
                0x00000000200000a8        0x4 ./Core/Src/IS31FL3237.o
 .bss.SW3_LED19_Save.8103
                0x00000000200000ac        0x4 ./Core/Src/IS31FL3237.o
 .bss.SW3_LED20_Save.8104
                0x00000000200000b0        0x4 ./Core/Src/IS31FL3237.o
 .bss.SW3_LED21_Save.8105
                0x00000000200000b4        0x4 ./Core/Src/IS31FL3237.o
 .bss.SW4_LED15_Save.8106
                0x00000000200000b8        0x4 ./Core/Src/IS31FL3237.o
 .bss.SW4_LED16_Save.8107
                0x00000000200000bc        0x4 ./Core/Src/IS31FL3237.o
 .bss.SW4_LED18_Save.8108
                0x00000000200000c0        0x4 ./Core/Src/IS31FL3237.o
 .bss.SW5_LED13_Save.8109
                0x00000000200000c4        0x4 ./Core/Src/IS31FL3237.o
 .bss.SW5_LED14_Save.8110
                0x00000000200000c8        0x4 ./Core/Src/IS31FL3237.o
 .bss.SW5_LED17_Save.8111
                0x00000000200000cc        0x4 ./Core/Src/IS31FL3237.o
 .bss.SW6_LED10_Save.8112
                0x00000000200000d0        0x4 ./Core/Src/IS31FL3237.o
 .bss.SW6_LED11_Save.8113
                0x00000000200000d4        0x4 ./Core/Src/IS31FL3237.o
 .bss.SW6_LED12_Save.8114
                0x00000000200000d8        0x4 ./Core/Src/IS31FL3237.o
 .bss.Rx_Data_GetCMD_flag
                0x00000000200000dc        0x1 ./Core/Src/main.o
                0x00000000200000dc                Rx_Data_GetCMD_flag
 .bss.Rx_Data_cnt
                0x00000000200000dd        0x1 ./Core/Src/main.o
                0x00000000200000dd                Rx_Data_cnt
 *fill*         0x00000000200000de        0x2 
 .bss.Rx_Data   0x00000000200000e0      0x100 ./Core/Src/main.o
                0x00000000200000e0                Rx_Data
 .bss.Getchar   0x00000000200001e0        0x1 ./Core/Src/main.o
                0x00000000200001e0                Getchar
 .bss.isSW5_Headphone_button_Mute
                0x00000000200001e1        0x1 ./Core/Src/main.o
                0x00000000200001e1                isSW5_Headphone_button_Mute
 .bss.SW6_Pattern_button_ID
                0x00000000200001e2        0x1 ./Core/Src/main.o
                0x00000000200001e2                SW6_Pattern_button_ID
 .bss.SW2_Preset_button_ID
                0x00000000200001e3        0x1 ./Core/Src/main.o
                0x00000000200001e3                SW2_Preset_button_ID
 .bss.u8PresetLED
                0x00000000200001e4        0x1 ./Core/Src/main.o
                0x00000000200001e4                u8PresetLED
 *fill*         0x00000000200001e5        0x1 
 .bss.uwTick_10ms
                0x00000000200001e6        0x2 ./Core/Src/main.o
                0x00000000200001e6                uwTick_10ms
 .bss.uwTick_50ms
                0x00000000200001e8        0x2 ./Core/Src/main.o
                0x00000000200001e8                uwTick_50ms
 .bss.uwTick_100ms
                0x00000000200001ea        0x2 ./Core/Src/main.o
                0x00000000200001ea                uwTick_100ms
 .bss.uwTick_1s
                0x00000000200001ec        0x2 ./Core/Src/main.o
                0x00000000200001ec                uwTick_1s
 *fill*         0x00000000200001ee        0x2 
 .bss.ADC_ConvertedValue
                0x00000000200001f0       0x10 ./Core/Src/main.o
                0x00000000200001f0                ADC_ConvertedValue
 .bss.Rx_Data_cnt_Private.10307
                0x0000000020000200        0x1 ./Core/Src/main.o
 *fill*         0x0000000020000201        0x3 
 .bss.btnCNT.10329
                0x0000000020000204        0x5 ./Core/Src/main.o
 .bss.LED_Toggle.10352
                0x0000000020000209        0x1 ./Core/Src/main.o
 .bss.LED_Toggle.10353
                0x000000002000020a        0x1 ./Core/Src/main.o
 *fill*         0x000000002000020b        0x1 
 .bss.PG_VR.10357
                0x000000002000020c        0x4 ./Core/Src/main.o
 .bss.Mic_VR.10361
                0x0000000020000210        0x4 ./Core/Src/main.o
 .bss.Mix_VR.10365
                0x0000000020000214        0x4 ./Core/Src/main.o
 .bss.HP_VR.10369
                0x0000000020000218        0x4 ./Core/Src/main.o
 .bss.u8PresetLED_Save.10373
                0x000000002000021c        0x4 ./Core/Src/main.o
 .bss.__sbrk_heap_end
                0x0000000020000220        0x4 ./Core/Src/sysmem.o
 .bss.__malloc_free_list
                0x0000000020000224        0x4 c:/st/stm32cubeide_1.7.0/stm32cubeide/plugins/com.st.stm32cube.ide.mcu.externaltools.gnu-tools-for-stm32.9-2020-q2-update.win32_2.0.0.202105311346/tools/bin/../lib/gcc/arm-none-eabi/9.3.1/../../../../arm-none-eabi/lib/thumb/v6-m/nofp\libc_nano.a(lib_a-nano-mallocr.o)
                0x0000000020000224                __malloc_free_list
 .bss.__malloc_sbrk_start
                0x0000000020000228        0x4 c:/st/stm32cubeide_1.7.0/stm32cubeide/plugins/com.st.stm32cube.ide.mcu.externaltools.gnu-tools-for-stm32.9-2020-q2-update.win32_2.0.0.202105311346/tools/bin/../lib/gcc/arm-none-eabi/9.3.1/../../../../arm-none-eabi/lib/thumb/v6-m/nofp\libc_nano.a(lib_a-nano-mallocr.o)
                0x0000000020000228                __malloc_sbrk_start
 *(COMMON)
 COMMON         0x000000002000022c      0x1ec ./Core/Src/main.o
                0x000000002000022c                hi2c1
                0x0000000020000278                hadc1
                0x00000000200002dc                hdma_adc1
                0x0000000020000338                htim1
                0x0000000020000384                huart2
                0x0000000020000414                uwTick_Private
 COMMON         0x0000000020000418        0x4 ./Drivers/STM32G0xx_HAL_Driver/stm32g0xx_hal.o
                0x0000000020000418                uwTick
 COMMON         0x000000002000041c        0x9 c:/st/stm32cubeide_1.7.0/stm32cubeide/plugins/com.st.stm32cube.ide.mcu.externaltools.gnu-tools-for-stm32.9-2020-q2-update.win32_2.0.0.202105311346/tools/bin/../lib/gcc/arm-none-eabi/9.3.1/../../../../arm-none-eabi/lib/thumb/v6-m/nofp\libc_nano.a(lib_a-lock.o)
                0x000000002000041c                __lock___atexit_recursive_mutex
                0x000000002000041d                __lock___arc4random_mutex
                0x000000002000041e                __lock___env_recursive_mutex
                0x000000002000041f                __lock___sinit_recursive_mutex
                0x0000000020000420                __lock___malloc_recursive_mutex
                0x0000000020000421                __lock___at_quick_exit_mutex
                0x0000000020000422                __lock___dd_hash_mutex
                0x0000000020000423                __lock___tz_mutex
                0x0000000020000424                __lock___sfp_recursive_mutex
 *fill*         0x0000000020000425        0x3 
 COMMON         0x0000000020000428        0x4 c:/st/stm32cubeide_1.7.0/stm32cubeide/plugins/com.st.stm32cube.ide.mcu.externaltools.gnu-tools-for-stm32.9-2020-q2-update.win32_2.0.0.202105311346/tools/bin/../lib/gcc/arm-none-eabi/9.3.1/../../../../arm-none-eabi/lib/thumb/v6-m/nofp\libc_nano.a(lib_a-reent.o)
                0x0000000020000428                errno
                0x000000002000042c                . = ALIGN (0x4)
                0x000000002000042c                _ebss = .
                0x000000002000042c                __bss_end__ = _ebss

._user_heap_stack
                0x000000002000042c      0x604 load address 0x0000000008009340
                0x0000000020000430                . = ALIGN (0x8)
 *fill*         0x000000002000042c        0x4 
                [!provide]                        PROVIDE (end = .)
                0x0000000020000430                PROVIDE (_end = .)
                0x0000000020000630                . = (. + _Min_Heap_Size)
 *fill*         0x0000000020000430      0x200 
                0x0000000020000a30                . = (. + _Min_Stack_Size)
 *fill*         0x0000000020000630      0x400 
                0x0000000020000a30                . = ALIGN (0x8)

/DISCARD/
 libc.a(*)
 libm.a(*)
 libgcc.a(*)

.ARM.attributes
                0x0000000000000000       0x28
 *(.ARM.attributes)
 .ARM.attributes
                0x0000000000000000       0x1e c:/st/stm32cubeide_1.7.0/stm32cubeide/plugins/com.st.stm32cube.ide.mcu.externaltools.gnu-tools-for-stm32.9-2020-q2-update.win32_2.0.0.202105311346/tools/bin/../lib/gcc/arm-none-eabi/9.3.1/thumb/v6-m/nofp/crti.o
 .ARM.attributes
                0x000000000000001e       0x2c c:/st/stm32cubeide_1.7.0/stm32cubeide/plugins/com.st.stm32cube.ide.mcu.externaltools.gnu-tools-for-stm32.9-2020-q2-update.win32_2.0.0.202105311346/tools/bin/../lib/gcc/arm-none-eabi/9.3.1/thumb/v6-m/nofp/crtbegin.o
 .ARM.attributes
                0x000000000000004a       0x2c ./Core/Src/IS31FL3237.o
 .ARM.attributes
                0x0000000000000076       0x2c ./Core/Src/main.o
 .ARM.attributes
                0x00000000000000a2       0x2c ./Core/Src/stm32g0xx_hal_msp.o
 .ARM.attributes
                0x00000000000000ce       0x2c ./Core/Src/stm32g0xx_it.o
 .ARM.attributes
                0x00000000000000fa       0x2c ./Core/Src/syscalls.o
 .ARM.attributes
                0x0000000000000126       0x2c ./Core/Src/sysmem.o
 .ARM.attributes
                0x0000000000000152       0x2c ./Core/Src/system_stm32g0xx.o
 .ARM.attributes
                0x000000000000017e       0x22 ./Core/Startup/startup_stm32g030k8tx.o
 .ARM.attributes
                0x00000000000001a0       0x2c ./Drivers/STM32G0xx_HAL_Driver/stm32g0xx_hal.o
 .ARM.attributes
                0x00000000000001cc       0x2c ./Drivers/STM32G0xx_HAL_Driver/stm32g0xx_hal_adc.o
 .ARM.attributes
                0x00000000000001f8       0x2c ./Drivers/STM32G0xx_HAL_Driver/stm32g0xx_hal_cortex.o
 .ARM.attributes
                0x0000000000000224       0x2c ./Drivers/STM32G0xx_HAL_Driver/stm32g0xx_hal_dma.o
 .ARM.attributes
                0x0000000000000250       0x2c ./Drivers/STM32G0xx_HAL_Driver/stm32g0xx_hal_gpio.o
 .ARM.attributes
                0x000000000000027c       0x2c ./Drivers/STM32G0xx_HAL_Driver/stm32g0xx_hal_i2c.o
 .ARM.attributes
                0x00000000000002a8       0x2c ./Drivers/STM32G0xx_HAL_Driver/stm32g0xx_hal_i2c_ex.o
 .ARM.attributes
                0x00000000000002d4       0x2c ./Drivers/STM32G0xx_HAL_Driver/stm32g0xx_hal_pwr_ex.o
 .ARM.attributes
                0x0000000000000300       0x2c ./Drivers/STM32G0xx_HAL_Driver/stm32g0xx_hal_rcc.o
 .ARM.attributes
                0x000000000000032c       0x2c ./Drivers/STM32G0xx_HAL_Driver/stm32g0xx_hal_rcc_ex.o
 .ARM.attributes
                0x0000000000000358       0x2c ./Drivers/STM32G0xx_HAL_Driver/stm32g0xx_hal_tim.o
 .ARM.attributes
                0x0000000000000384       0x2c ./Drivers/STM32G0xx_HAL_Driver/stm32g0xx_hal_tim_ex.o
 .ARM.attributes
                0x00000000000003b0       0x2c ./Drivers/STM32G0xx_HAL_Driver/stm32g0xx_hal_uart.o
 .ARM.attributes
                0x00000000000003dc       0x2c ./Drivers/STM32G0xx_HAL_Driver/stm32g0xx_hal_uart_ex.o
 .ARM.attributes
                0x0000000000000408       0x2c c:/st/stm32cubeide_1.7.0/stm32cubeide/plugins/com.st.stm32cube.ide.mcu.externaltools.gnu-tools-for-stm32.9-2020-q2-update.win32_2.0.0.202105311346/tools/bin/../lib/gcc/arm-none-eabi/9.3.1/../../../../arm-none-eabi/lib/thumb/v6-m/nofp\libc_nano.a(lib_a-errno.o)
 .ARM.attributes
                0x0000000000000434       0x2c c:/st/stm32cubeide_1.7.0/stm32cubeide/plugins/com.st.stm32cube.ide.mcu.externaltools.gnu-tools-for-stm32.9-2020-q2-update.win32_2.0.0.202105311346/tools/bin/../lib/gcc/arm-none-eabi/9.3.1/../../../../arm-none-eabi/lib/thumb/v6-m/nofp\libc_nano.a(lib_a-impure.o)
 .ARM.attributes
                0x0000000000000460       0x2c c:/st/stm32cubeide_1.7.0/stm32cubeide/plugins/com.st.stm32cube.ide.mcu.externaltools.gnu-tools-for-stm32.9-2020-q2-update.win32_2.0.0.202105311346/tools/bin/../lib/gcc/arm-none-eabi/9.3.1/../../../../arm-none-eabi/lib/thumb/v6-m/nofp\libc_nano.a(lib_a-init.o)
 .ARM.attributes
                0x000000000000048c       0x2c c:/st/stm32cubeide_1.7.0/stm32cubeide/plugins/com.st.stm32cube.ide.mcu.externaltools.gnu-tools-for-stm32.9-2020-q2-update.win32_2.0.0.202105311346/tools/bin/../lib/gcc/arm-none-eabi/9.3.1/../../../../arm-none-eabi/lib/thumb/v6-m/nofp\libc_nano.a(lib_a-memset.o)
 .ARM.attributes
                0x00000000000004b8       0x2c c:/st/stm32cubeide_1.7.0/stm32cubeide/plugins/com.st.stm32cube.ide.mcu.externaltools.gnu-tools-for-stm32.9-2020-q2-update.win32_2.0.0.202105311346/tools/bin/../lib/gcc/arm-none-eabi/9.3.1/../../../../arm-none-eabi/lib/thumb/v6-m/nofp\libc_nano.a(lib_a-printf.o)
 .ARM.attributes
                0x00000000000004e4       0x2c c:/st/stm32cubeide_1.7.0/stm32cubeide/plugins/com.st.stm32cube.ide.mcu.externaltools.gnu-tools-for-stm32.9-2020-q2-update.win32_2.0.0.202105311346/tools/bin/../lib/gcc/arm-none-eabi/9.3.1/../../../../arm-none-eabi/lib/thumb/v6-m/nofp\libc_nano.a(lib_a-puts.o)
 .ARM.attributes
                0x0000000000000510       0x2c c:/st/stm32cubeide_1.7.0/stm32cubeide/plugins/com.st.stm32cube.ide.mcu.externaltools.gnu-tools-for-stm32.9-2020-q2-update.win32_2.0.0.202105311346/tools/bin/../lib/gcc/arm-none-eabi/9.3.1/../../../../arm-none-eabi/lib/thumb/v6-m/nofp\libc_nano.a(lib_a-wbuf.o)
 .ARM.attributes
                0x000000000000053c       0x2c c:/st/stm32cubeide_1.7.0/stm32cubeide/plugins/com.st.stm32cube.ide.mcu.externaltools.gnu-tools-for-stm32.9-2020-q2-update.win32_2.0.0.202105311346/tools/bin/../lib/gcc/arm-none-eabi/9.3.1/../../../../arm-none-eabi/lib/thumb/v6-m/nofp\libc_nano.a(lib_a-wsetup.o)
 .ARM.attributes
                0x0000000000000568       0x2c c:/st/stm32cubeide_1.7.0/stm32cubeide/plugins/com.st.stm32cube.ide.mcu.externaltools.gnu-tools-for-stm32.9-2020-q2-update.win32_2.0.0.202105311346/tools/bin/../lib/gcc/arm-none-eabi/9.3.1/../../../../arm-none-eabi/lib/thumb/v6-m/nofp\libc_nano.a(lib_a-fflush.o)
 .ARM.attributes
                0x0000000000000594       0x2c c:/st/stm32cubeide_1.7.0/stm32cubeide/plugins/com.st.stm32cube.ide.mcu.externaltools.gnu-tools-for-stm32.9-2020-q2-update.win32_2.0.0.202105311346/tools/bin/../lib/gcc/arm-none-eabi/9.3.1/../../../../arm-none-eabi/lib/thumb/v6-m/nofp\libc_nano.a(lib_a-findfp.o)
 .ARM.attributes
                0x00000000000005c0       0x2c c:/st/stm32cubeide_1.7.0/stm32cubeide/plugins/com.st.stm32cube.ide.mcu.externaltools.gnu-tools-for-stm32.9-2020-q2-update.win32_2.0.0.202105311346/tools/bin/../lib/gcc/arm-none-eabi/9.3.1/../../../../arm-none-eabi/lib/thumb/v6-m/nofp\libc_nano.a(lib_a-fwalk.o)
 .ARM.attributes
                0x00000000000005ec       0x2c c:/st/stm32cubeide_1.7.0/stm32cubeide/plugins/com.st.stm32cube.ide.mcu.externaltools.gnu-tools-for-stm32.9-2020-q2-update.win32_2.0.0.202105311346/tools/bin/../lib/gcc/arm-none-eabi/9.3.1/../../../../arm-none-eabi/lib/thumb/v6-m/nofp\libc_nano.a(lib_a-lock.o)
 .ARM.attributes
                0x0000000000000618       0x2c c:/st/stm32cubeide_1.7.0/stm32cubeide/plugins/com.st.stm32cube.ide.mcu.externaltools.gnu-tools-for-stm32.9-2020-q2-update.win32_2.0.0.202105311346/tools/bin/../lib/gcc/arm-none-eabi/9.3.1/../../../../arm-none-eabi/lib/thumb/v6-m/nofp\libc_nano.a(lib_a-makebuf.o)
 .ARM.attributes
                0x0000000000000644       0x2c c:/st/stm32cubeide_1.7.0/stm32cubeide/plugins/com.st.stm32cube.ide.mcu.externaltools.gnu-tools-for-stm32.9-2020-q2-update.win32_2.0.0.202105311346/tools/bin/../lib/gcc/arm-none-eabi/9.3.1/../../../../arm-none-eabi/lib/thumb/v6-m/nofp\libc_nano.a(lib_a-nano-freer.o)
 .ARM.attributes
                0x0000000000000670       0x2c c:/st/stm32cubeide_1.7.0/stm32cubeide/plugins/com.st.stm32cube.ide.mcu.externaltools.gnu-tools-for-stm32.9-2020-q2-update.win32_2.0.0.202105311346/tools/bin/../lib/gcc/arm-none-eabi/9.3.1/../../../../arm-none-eabi/lib/thumb/v6-m/nofp\libc_nano.a(lib_a-nano-mallocr.o)
 .ARM.attributes
                0x000000000000069c       0x2c c:/st/stm32cubeide_1.7.0/stm32cubeide/plugins/com.st.stm32cube.ide.mcu.externaltools.gnu-tools-for-stm32.9-2020-q2-update.win32_2.0.0.202105311346/tools/bin/../lib/gcc/arm-none-eabi/9.3.1/../../../../arm-none-eabi/lib/thumb/v6-m/nofp\libc_nano.a(lib_a-nano-vfprintf.o)
 .ARM.attributes
                0x00000000000006c8       0x2c c:/st/stm32cubeide_1.7.0/stm32cubeide/plugins/com.st.stm32cube.ide.mcu.externaltools.gnu-tools-for-stm32.9-2020-q2-update.win32_2.0.0.202105311346/tools/bin/../lib/gcc/arm-none-eabi/9.3.1/../../../../arm-none-eabi/lib/thumb/v6-m/nofp\libc_nano.a(lib_a-nano-vfprintf_i.o)
 .ARM.attributes
                0x00000000000006f4       0x2c c:/st/stm32cubeide_1.7.0/stm32cubeide/plugins/com.st.stm32cube.ide.mcu.externaltools.gnu-tools-for-stm32.9-2020-q2-update.win32_2.0.0.202105311346/tools/bin/../lib/gcc/arm-none-eabi/9.3.1/../../../../arm-none-eabi/lib/thumb/v6-m/nofp\libc_nano.a(lib_a-sbrkr.o)
 .ARM.attributes
                0x0000000000000720       0x2c c:/st/stm32cubeide_1.7.0/stm32cubeide/plugins/com.st.stm32cube.ide.mcu.externaltools.gnu-tools-for-stm32.9-2020-q2-update.win32_2.0.0.202105311346/tools/bin/../lib/gcc/arm-none-eabi/9.3.1/../../../../arm-none-eabi/lib/thumb/v6-m/nofp\libc_nano.a(lib_a-stdio.o)
 .ARM.attributes
                0x000000000000074c       0x2c c:/st/stm32cubeide_1.7.0/stm32cubeide/plugins/com.st.stm32cube.ide.mcu.externaltools.gnu-tools-for-stm32.9-2020-q2-update.win32_2.0.0.202105311346/tools/bin/../lib/gcc/arm-none-eabi/9.3.1/../../../../arm-none-eabi/lib/thumb/v6-m/nofp\libc_nano.a(lib_a-writer.o)
 .ARM.attributes
                0x0000000000000778       0x2c c:/st/stm32cubeide_1.7.0/stm32cubeide/plugins/com.st.stm32cube.ide.mcu.externaltools.gnu-tools-for-stm32.9-2020-q2-update.win32_2.0.0.202105311346/tools/bin/../lib/gcc/arm-none-eabi/9.3.1/../../../../arm-none-eabi/lib/thumb/v6-m/nofp\libc_nano.a(lib_a-closer.o)
 .ARM.attributes
                0x00000000000007a4       0x2c c:/st/stm32cubeide_1.7.0/stm32cubeide/plugins/com.st.stm32cube.ide.mcu.externaltools.gnu-tools-for-stm32.9-2020-q2-update.win32_2.0.0.202105311346/tools/bin/../lib/gcc/arm-none-eabi/9.3.1/../../../../arm-none-eabi/lib/thumb/v6-m/nofp\libc_nano.a(lib_a-fstatr.o)
 .ARM.attributes
                0x00000000000007d0       0x2c c:/st/stm32cubeide_1.7.0/stm32cubeide/plugins/com.st.stm32cube.ide.mcu.externaltools.gnu-tools-for-stm32.9-2020-q2-update.win32_2.0.0.202105311346/tools/bin/../lib/gcc/arm-none-eabi/9.3.1/../../../../arm-none-eabi/lib/thumb/v6-m/nofp\libc_nano.a(lib_a-isattyr.o)
 .ARM.attributes
                0x00000000000007fc       0x2c c:/st/stm32cubeide_1.7.0/stm32cubeide/plugins/com.st.stm32cube.ide.mcu.externaltools.gnu-tools-for-stm32.9-2020-q2-update.win32_2.0.0.202105311346/tools/bin/../lib/gcc/arm-none-eabi/9.3.1/../../../../arm-none-eabi/lib/thumb/v6-m/nofp\libc_nano.a(lib_a-lseekr.o)
 .ARM.attributes
                0x0000000000000828       0x2c c:/st/stm32cubeide_1.7.0/stm32cubeide/plugins/com.st.stm32cube.ide.mcu.externaltools.gnu-tools-for-stm32.9-2020-q2-update.win32_2.0.0.202105311346/tools/bin/../lib/gcc/arm-none-eabi/9.3.1/../../../../arm-none-eabi/lib/thumb/v6-m/nofp\libc_nano.a(lib_a-memchr-stub.o)
 .ARM.attributes
                0x0000000000000854       0x2c c:/st/stm32cubeide_1.7.0/stm32cubeide/plugins/com.st.stm32cube.ide.mcu.externaltools.gnu-tools-for-stm32.9-2020-q2-update.win32_2.0.0.202105311346/tools/bin/../lib/gcc/arm-none-eabi/9.3.1/../../../../arm-none-eabi/lib/thumb/v6-m/nofp\libc_nano.a(lib_a-mlock.o)
 .ARM.attributes
                0x0000000000000880       0x2c c:/st/stm32cubeide_1.7.0/stm32cubeide/plugins/com.st.stm32cube.ide.mcu.externaltools.gnu-tools-for-stm32.9-2020-q2-update.win32_2.0.0.202105311346/tools/bin/../lib/gcc/arm-none-eabi/9.3.1/../../../../arm-none-eabi/lib/thumb/v6-m/nofp\libc_nano.a(lib_a-readr.o)
 .ARM.attributes
                0x00000000000008ac       0x2c c:/st/stm32cubeide_1.7.0/stm32cubeide/plugins/com.st.stm32cube.ide.mcu.externaltools.gnu-tools-for-stm32.9-2020-q2-update.win32_2.0.0.202105311346/tools/bin/../lib/gcc/arm-none-eabi/9.3.1/../../../../arm-none-eabi/lib/thumb/v6-m/nofp\libc_nano.a(lib_a-reent.o)
 .ARM.attributes
                0x00000000000008d8       0x1e c:/st/stm32cubeide_1.7.0/stm32cubeide/plugins/com.st.stm32cube.ide.mcu.externaltools.gnu-tools-for-stm32.9-2020-q2-update.win32_2.0.0.202105311346/tools/bin/../lib/gcc/arm-none-eabi/9.3.1/thumb/v6-m/nofp\libgcc.a(_thumb1_case_shi.o)
 .ARM.attributes
                0x00000000000008f6       0x1e c:/st/stm32cubeide_1.7.0/stm32cubeide/plugins/com.st.stm32cube.ide.mcu.externaltools.gnu-tools-for-stm32.9-2020-q2-update.win32_2.0.0.202105311346/tools/bin/../lib/gcc/arm-none-eabi/9.3.1/thumb/v6-m/nofp\libgcc.a(_udivsi3.o)
 .ARM.attributes
                0x0000000000000914       0x1e c:/st/stm32cubeide_1.7.0/stm32cubeide/plugins/com.st.stm32cube.ide.mcu.externaltools.gnu-tools-for-stm32.9-2020-q2-update.win32_2.0.0.202105311346/tools/bin/../lib/gcc/arm-none-eabi/9.3.1/thumb/v6-m/nofp\libgcc.a(_dvmd_tls.o)
 .ARM.attributes
                0x0000000000000932       0x1e c:/st/stm32cubeide_1.7.0/stm32cubeide/plugins/com.st.stm32cube.ide.mcu.externaltools.gnu-tools-for-stm32.9-2020-q2-update.win32_2.0.0.202105311346/tools/bin/../lib/gcc/arm-none-eabi/9.3.1/thumb/v6-m/nofp/crtn.o
OUTPUT(SmartMic_G030K8.elf elf32-littlearm)
LOAD linker stubs
LOAD c:/st/stm32cubeide_1.7.0/stm32cubeide/plugins/com.st.stm32cube.ide.mcu.externaltools.gnu-tools-for-stm32.9-2020-q2-update.win32_2.0.0.202105311346/tools/bin/../lib/gcc/arm-none-eabi/9.3.1/../../../../arm-none-eabi/lib/thumb/v6-m/nofp\libc.a
LOAD c:/st/stm32cubeide_1.7.0/stm32cubeide/plugins/com.st.stm32cube.ide.mcu.externaltools.gnu-tools-for-stm32.9-2020-q2-update.win32_2.0.0.202105311346/tools/bin/../lib/gcc/arm-none-eabi/9.3.1/../../../../arm-none-eabi/lib/thumb/v6-m/nofp\libm.a
LOAD c:/st/stm32cubeide_1.7.0/stm32cubeide/plugins/com.st.stm32cube.ide.mcu.externaltools.gnu-tools-for-stm32.9-2020-q2-update.win32_2.0.0.202105311346/tools/bin/../lib/gcc/arm-none-eabi/9.3.1/thumb/v6-m/nofp\libgcc.a

.debug_info     0x0000000000000000    0x1a686
 .debug_info    0x0000000000000000     0x11e7 ./Core/Src/IS31FL3237.o
 .debug_info    0x00000000000011e7     0x2965 ./Core/Src/main.o
 .debug_info    0x0000000000003b4c     0x187d ./Core/Src/stm32g0xx_hal_msp.o
 .debug_info    0x00000000000053c9      0xd2a ./Core/Src/stm32g0xx_it.o
 .debug_info    0x00000000000060f3      0xfa8 ./Core/Src/syscalls.o
 .debug_info    0x000000000000709b      0xa25 ./Core/Src/sysmem.o
 .debug_info    0x0000000000007ac0      0x48b ./Core/Src/system_stm32g0xx.o
 .debug_info    0x0000000000007f4b       0x22 ./Core/Startup/startup_stm32g030k8tx.o
 .debug_info    0x0000000000007f6d      0xa38 ./Drivers/STM32G0xx_HAL_Driver/stm32g0xx_hal.o
 .debug_info    0x00000000000089a5     0x168d ./Drivers/STM32G0xx_HAL_Driver/stm32g0xx_hal_adc.o
 .debug_info    0x000000000000a032      0xa6e ./Drivers/STM32G0xx_HAL_Driver/stm32g0xx_hal_cortex.o
 .debug_info    0x000000000000aaa0      0xa25 ./Drivers/STM32G0xx_HAL_Driver/stm32g0xx_hal_dma.o
 .debug_info    0x000000000000b4c5      0x750 ./Drivers/STM32G0xx_HAL_Driver/stm32g0xx_hal_gpio.o
 .debug_info    0x000000000000bc15     0x233c ./Drivers/STM32G0xx_HAL_Driver/stm32g0xx_hal_i2c.o
 .debug_info    0x000000000000df51      0xbb7 ./Drivers/STM32G0xx_HAL_Driver/stm32g0xx_hal_i2c_ex.o
 .debug_info    0x000000000000eb08      0x66d ./Drivers/STM32G0xx_HAL_Driver/stm32g0xx_hal_pwr_ex.o
 .debug_info    0x000000000000f175      0xbe7 ./Drivers/STM32G0xx_HAL_Driver/stm32g0xx_hal_rcc.o
 .debug_info    0x000000000000fd5c      0x8ec ./Drivers/STM32G0xx_HAL_Driver/stm32g0xx_hal_rcc_ex.o
 .debug_info    0x0000000000010648     0x2d08 ./Drivers/STM32G0xx_HAL_Driver/stm32g0xx_hal_tim.o
 .debug_info    0x0000000000013350     0x1950 ./Drivers/STM32G0xx_HAL_Driver/stm32g0xx_hal_tim_ex.o
 .debug_info    0x0000000000014ca0     0x4990 ./Drivers/STM32G0xx_HAL_Driver/stm32g0xx_hal_uart.o
 .debug_info    0x0000000000019630     0x1056 ./Drivers/STM32G0xx_HAL_Driver/stm32g0xx_hal_uart_ex.o

.debug_abbrev   0x0000000000000000     0x302f
 .debug_abbrev  0x0000000000000000      0x28a ./Core/Src/IS31FL3237.o
 .debug_abbrev  0x000000000000028a      0x390 ./Core/Src/main.o
 .debug_abbrev  0x000000000000061a      0x211 ./Core/Src/stm32g0xx_hal_msp.o
 .debug_abbrev  0x000000000000082b      0x198 ./Core/Src/stm32g0xx_it.o
 .debug_abbrev  0x00000000000009c3      0x286 ./Core/Src/syscalls.o
 .debug_abbrev  0x0000000000000c49      0x1bf ./Core/Src/sysmem.o
 .debug_abbrev  0x0000000000000e08      0x165 ./Core/Src/system_stm32g0xx.o
 .debug_abbrev  0x0000000000000f6d       0x12 ./Core/Startup/startup_stm32g030k8tx.o
 .debug_abbrev  0x0000000000000f7f      0x276 ./Drivers/STM32G0xx_HAL_Driver/stm32g0xx_hal.o
 .debug_abbrev  0x00000000000011f5      0x247 ./Drivers/STM32G0xx_HAL_Driver/stm32g0xx_hal_adc.o
 .debug_abbrev  0x000000000000143c      0x2c5 ./Drivers/STM32G0xx_HAL_Driver/stm32g0xx_hal_cortex.o
 .debug_abbrev  0x0000000000001701      0x1ec ./Drivers/STM32G0xx_HAL_Driver/stm32g0xx_hal_dma.o
 .debug_abbrev  0x00000000000018ed      0x1df ./Drivers/STM32G0xx_HAL_Driver/stm32g0xx_hal_gpio.o
 .debug_abbrev  0x0000000000001acc      0x278 ./Drivers/STM32G0xx_HAL_Driver/stm32g0xx_hal_i2c.o
 .debug_abbrev  0x0000000000001d44      0x1fd ./Drivers/STM32G0xx_HAL_Driver/stm32g0xx_hal_i2c_ex.o
 .debug_abbrev  0x0000000000001f41      0x204 ./Drivers/STM32G0xx_HAL_Driver/stm32g0xx_hal_pwr_ex.o
 .debug_abbrev  0x0000000000002145      0x25b ./Drivers/STM32G0xx_HAL_Driver/stm32g0xx_hal_rcc.o
 .debug_abbrev  0x00000000000023a0      0x1fc ./Drivers/STM32G0xx_HAL_Driver/stm32g0xx_hal_rcc_ex.o
 .debug_abbrev  0x000000000000259c      0x280 ./Drivers/STM32G0xx_HAL_Driver/stm32g0xx_hal_tim.o
 .debug_abbrev  0x000000000000281c      0x277 ./Drivers/STM32G0xx_HAL_Driver/stm32g0xx_hal_tim_ex.o
 .debug_abbrev  0x0000000000002a93      0x2e2 ./Drivers/STM32G0xx_HAL_Driver/stm32g0xx_hal_uart.o
 .debug_abbrev  0x0000000000002d75      0x2ba ./Drivers/STM32G0xx_HAL_Driver/stm32g0xx_hal_uart_ex.o

.debug_aranges  0x0000000000000000     0x1450
 .debug_aranges
                0x0000000000000000       0x40 ./Core/Src/IS31FL3237.o
 .debug_aranges
                0x0000000000000040       0xd8 ./Core/Src/main.o
 .debug_aranges
                0x0000000000000118       0x60 ./Core/Src/stm32g0xx_hal_msp.o
 .debug_aranges
                0x0000000000000178       0x60 ./Core/Src/stm32g0xx_it.o
 .debug_aranges
                0x00000000000001d8       0xa8 ./Core/Src/syscalls.o
 .debug_aranges
                0x0000000000000280       0x20 ./Core/Src/sysmem.o
 .debug_aranges
                0x00000000000002a0       0x28 ./Core/Src/system_stm32g0xx.o
 .debug_aranges
                0x00000000000002c8       0x28 ./Core/Startup/startup_stm32g030k8tx.o
 .debug_aranges
                0x00000000000002f0      0x100 ./Drivers/STM32G0xx_HAL_Driver/stm32g0xx_hal.o
 .debug_aranges
                0x00000000000003f0      0x1e8 ./Drivers/STM32G0xx_HAL_Driver/stm32g0xx_hal_adc.o
 .debug_aranges
                0x00000000000005d8       0xd8 ./Drivers/STM32G0xx_HAL_Driver/stm32g0xx_hal_cortex.o
 .debug_aranges
                0x00000000000006b0       0x90 ./Drivers/STM32G0xx_HAL_Driver/stm32g0xx_hal_dma.o
 .debug_aranges
                0x0000000000000740       0x60 ./Drivers/STM32G0xx_HAL_Driver/stm32g0xx_hal_gpio.o
 .debug_aranges
                0x00000000000007a0      0x290 ./Drivers/STM32G0xx_HAL_Driver/stm32g0xx_hal_i2c.o
 .debug_aranges
                0x0000000000000a30       0x48 ./Drivers/STM32G0xx_HAL_Driver/stm32g0xx_hal_i2c_ex.o
 .debug_aranges
                0x0000000000000a78       0x98 ./Drivers/STM32G0xx_HAL_Driver/stm32g0xx_hal_pwr_ex.o
 .debug_aranges
                0x0000000000000b10       0xa0 ./Drivers/STM32G0xx_HAL_Driver/stm32g0xx_hal_rcc.o
 .debug_aranges
                0x0000000000000bb0       0x40 ./Drivers/STM32G0xx_HAL_Driver/stm32g0xx_hal_rcc_ex.o
 .debug_aranges
                0x0000000000000bf0      0x3e0 ./Drivers/STM32G0xx_HAL_Driver/stm32g0xx_hal_tim.o
 .debug_aranges
                0x0000000000000fd0      0x198 ./Drivers/STM32G0xx_HAL_Driver/stm32g0xx_hal_tim_ex.o
 .debug_aranges
                0x0000000000001168      0x248 ./Drivers/STM32G0xx_HAL_Driver/stm32g0xx_hal_uart.o
 .debug_aranges
                0x00000000000013b0       0xa0 ./Drivers/STM32G0xx_HAL_Driver/stm32g0xx_hal_uart_ex.o

.debug_ranges   0x0000000000000000     0x1340
 .debug_ranges  0x0000000000000000       0x30 ./Core/Src/IS31FL3237.o
 .debug_ranges  0x0000000000000030       0xe0 ./Core/Src/main.o
 .debug_ranges  0x0000000000000110       0x50 ./Core/Src/stm32g0xx_hal_msp.o
 .debug_ranges  0x0000000000000160       0x50 ./Core/Src/stm32g0xx_it.o
 .debug_ranges  0x00000000000001b0       0x98 ./Core/Src/syscalls.o
 .debug_ranges  0x0000000000000248       0x10 ./Core/Src/sysmem.o
 .debug_ranges  0x0000000000000258       0x18 ./Core/Src/system_stm32g0xx.o