Archive member included to satisfy reference by file (symbol)

c:/st/stm32cubeide_1.7.0/stm32cubeide/plugins/com.st.stm32cube.ide.mcu.externaltools.gnu-tools-for-stm32.9-2020-q2-update.win32_2.0.0.202105311346/tools/bin/../lib/gcc/arm-none-eabi/9.3.1/../../../../arm-none-eabi/lib/thumb/v6-m/nofp\libc_nano.a(lib_a-errno.o)
                              ./Core/Src/syscalls.o (__errno)
c:/st/stm32cubeide_1.7.0/stm32cubeide/plugins/com.st.stm32cube.ide.mcu.externaltools.gnu-tools-for-stm32.9-2020-q2-update.win32_2.0.0.202105311346/tools/bin/../lib/gcc/arm-none-eabi/9.3.1/../../../../arm-none-eabi/lib/thumb/v6-m/nofp\libc_nano.a(lib_a-exit.o)
                              c:/st/stm32cubeide_1.7.0/stm32cubeide/plugins/com.st.stm32cube.ide.mcu.externaltools.gnu-tools-for-stm32.9-2020-q2-update.win32_2.0.0.202105311346/tools/bin/../lib/gcc/arm-none-eabi/9.3.1/../../../../arm-none-eabi/lib/thumb/v6-m/nofp/crt0.o (exit)
c:/st/stm32cubeide_1.7.0/stm32cubeide/plugins/com.st.stm32cube.ide.mcu.externaltools.gnu-tools-for-stm32.9-2020-q2-update.win32_2.0.0.202105311346/tools/bin/../lib/gcc/arm-none-eabi/9.3.1/../../../../arm-none-eabi/lib/thumb/v6-m/nofp\libc_nano.a(lib_a-impure.o)
                              c:/st/stm32cubeide_1.7.0/stm32cubeide/plugins/com.st.stm32cube.ide.mcu.externaltools.gnu-tools-for-stm32.9-2020-q2-update.win32_2.0.0.202105311346/tools/bin/../lib/gcc/arm-none-eabi/9.3.1/../../../../arm-none-eabi/lib/thumb/v6-m/nofp\libc_nano.a(lib_a-exit.o) (_global_impure_ptr)
c:/st/stm32cubeide_1.7.0/stm32cubeide/plugins/com.st.stm32cube.ide.mcu.externaltools.gnu-tools-for-stm32.9-2020-q2-update.win32_2.0.0.202105311346/tools/bin/../lib/gcc/arm-none-eabi/9.3.1/../../../../arm-none-eabi/lib/thumb/v6-m/nofp\libc_nano.a(lib_a-init.o)
                              c:/st/stm32cubeide_1.7.0/stm32cubeide/plugins/com.st.stm32cube.ide.mcu.externaltools.gnu-tools-for-stm32.9-2020-q2-update.win32_2.0.0.202105311346/tools/bin/../lib/gcc/arm-none-eabi/9.3.1/../../../../arm-none-eabi/lib/thumb/v6-m/nofp/crt0.o (__libc_init_array)
c:/st/stm32cubeide_1.7.0/stm32cubeide/plugins/com.st.stm32cube.ide.mcu.externaltools.gnu-tools-for-stm32.9-2020-q2-update.win32_2.0.0.202105311346/tools/bin/../lib/gcc/arm-none-eabi/9.3.1/../../../../arm-none-eabi/lib/thumb/v6-m/nofp\libc_nano.a(lib_a-memset.o)
                              c:/st/stm32cubeide_1.7.0/stm32cubeide/plugins/com.st.stm32cube.ide.mcu.externaltools.gnu-tools-for-stm32.9-2020-q2-update.win32_2.0.0.202105311346/tools/bin/../lib/gcc/arm-none-eabi/9.3.1/../../../../arm-none-eabi/lib/thumb/v6-m/nofp/crt0.o (memset)
c:/st/stm32cubeide_1.7.0/stm32cubeide/plugins/com.st.stm32cube.ide.mcu.externaltools.gnu-tools-for-stm32.9-2020-q2-update.win32_2.0.0.202105311346/tools/bin/../lib/gcc/arm-none-eabi/9.3.1/../../../../arm-none-eabi/lib/thumb/v6-m/nofp\libc_nano.a(lib_a-printf.o)
                              ./Core/Src/main.o (printf)
c:/st/stm32cubeide_1.7.0/stm32cubeide/plugins/com.st.stm32cube.ide.mcu.externaltools.gnu-tools-for-stm32.9-2020-q2-update.win32_2.0.0.202105311346/tools/bin/../lib/gcc/arm-none-eabi/9.3.1/../../../../arm-none-eabi/lib/thumb/v6-m/nofp\libc_nano.a(lib_a-puts.o)
                              ./Core/Src/main.o (puts)
c:/st/stm32cubeide_1.7.0/stm32cubeide/plugins/com.st.stm32cube.ide.mcu.externaltools.gnu-tools-for-stm32.9-2020-q2-update.win32_2.0.0.202105311346/tools/bin/../lib/gcc/arm-none-eabi/9.3.1/../../../../arm-none-eabi/lib/thumb/v6-m/nofp\libc_nano.a(lib_a-wbuf.o)
                              c:/st/stm32cubeide_1.7.0/stm32cubeide/plugins/com.st.stm32cube.ide.mcu.externaltools.gnu-tools-for-stm32.9-2020-q2-update.win32_2.0.0.202105311346/tools/bin/../lib/gcc/arm-none-eabi/9.3.1/../../../../arm-none-eabi/lib/thumb/v6-m/nofp\libc_nano.a(lib_a-puts.o) (__swbuf_r)
c:/st/stm32cubeide_1.7.0/stm32cubeide/plugins/com.st.stm32cube.ide.mcu.externaltools.gnu-tools-for-stm32.9-2020-q2-update.win32_2.0.0.202105311346/tools/bin/../lib/gcc/arm-none-eabi/9.3.1/../../../../arm-none-eabi/lib/thumb/v6-m/nofp\libc_nano.a(lib_a-wsetup.o)
                              c:/st/stm32cubeide_1.7.0/stm32cubeide/plugins/com.st.stm32cube.ide.mcu.externaltools.gnu-tools-for-stm32.9-2020-q2-update.win32_2.0.0.202105311346/tools/bin/../lib/gcc/arm-none-eabi/9.3.1/../../../../arm-none-eabi/lib/thumb/v6-m/nofp\libc_nano.a(lib_a-puts.o) (__swsetup_r)
c:/st/stm32cubeide_1.7.0/stm32cubeide/plugins/com.st.stm32cube.ide.mcu.externaltools.gnu-tools-for-stm32.9-2020-q2-update.win32_2.0.0.202105311346/tools/bin/../lib/gcc/arm-none-eabi/9.3.1/../../../../arm-none-eabi/lib/thumb/v6-m/nofp\libc_nano.a(lib_a-fflush.o)
                              c:/st/stm32cubeide_1.7.0/stm32cubeide/plugins/com.st.stm32cube.ide.mcu.externaltools.gnu-tools-for-stm32.9-2020-q2-update.win32_2.0.0.202105311346/tools/bin/../lib/gcc/arm-none-eabi/9.3.1/../../../../arm-none-eabi/lib/thumb/v6-m/nofp\libc_nano.a(lib_a-wbuf.o) (_fflush_r)
[...]
Memory Configuration

Name             Origin             Length             Attributes
RAM              0x0000000020000000 0x0000000000002000 xrw
FLASH            0x0000000008000000 0x0000000000010000 xr
*default*        0x0000000000000000 0xffffffffffffffff

Linker script and memory map

LOAD c:/st/stm32cubeide_1.7.0/stm32cubeide/plugins/com.st.stm32cube.ide.mcu.externaltools.gnu-tools-for-stm32.9-2020-q2-update.win32_2.0.0.202105311346/tools/bin/../lib/gcc/arm-none-eabi/9.3.1/thumb/v6-m/nofp/crti.o
LOAD c:/st/stm32cubeide_1.7.0/stm32cubeide/plugins/com.st.stm32cube.ide.mcu.externaltools.gnu-tools-for-stm32.9-2020-q2-update.win32_2.0.0.202105311346/tools/bin/../lib/gcc/arm-none-eabi/9.3.1/thumb/v6-m/nofp/crtbegin.o
LOAD c:/st/stm32cubeide_1.7.0/stm32cubeide/plugins/com.st.stm32cube.ide.mcu.externaltools.gnu-tools-for-stm32.9-2020-q2-update.win32_2.0.0.202105311346/tools/bin/../lib/gcc/arm-none-eabi/9.3.1/../../../../arm-none-eabi/lib/thumb/v6-m/nofp/crt0.o
LOAD ./Core/Src/IS31FL3237.o
LOAD ./Core/Src/main.o
LOAD ./Core/Src/stm32g0xx_hal_msp.o
LOAD ./Core/Src/stm32g0xx_it.o
LOAD ./Core/Src/syscalls.o
LOAD ./Core/Src/sysmem.o
LOAD ./Core/Src/system_stm32g0xx.o
LOAD ./Core/Startup/startup_stm32g030k8tx.o
LOAD ./Drivers/STM32G0xx_HAL_Driver/stm32g0xx_hal.o
LOAD ./Drivers/STM32G0xx_HAL_Driver/stm32g0xx_hal_adc.o
LOAD ./Drivers/STM32G0xx_HAL_Driver/stm32g0xx_hal_adc_ex.o
LOAD ./Drivers/STM32G0xx_HAL_Driver/stm32g0xx_hal_cortex.o
LOAD ./Drivers/STM32G0xx_HAL_Driver/stm32g0xx_hal_dma.o
LOAD ./Drivers/STM32G0xx_HAL_Driver/stm32g0xx_hal_dma_ex.o
LOAD ./Drivers/STM32G0xx_HAL_Driver/stm32g0xx_hal_exti.o
LOAD ./Drivers/STM32G0xx_HAL_Driver/stm32g0xx_hal_flash.o
LOAD ./Drivers/STM32G0xx_HAL_Driver/stm32g0xx_hal_flash_ex.o
LOAD ./Drivers/STM32G0xx_HAL_Driver/stm32g0xx_hal_gpio.o
LOAD ./Drivers/STM32G0xx_HAL_Driver/stm32g0xx_hal_i2c.o
LOAD ./Drivers/STM32G0xx_HAL_Driver/stm32g0xx_hal_i2c_ex.o
LOAD ./Drivers/STM32G0xx_HAL_Driver/stm32g0xx_hal_pwr.o
LOAD ./Drivers/STM32G0xx_HAL_Driver/stm32g0xx_hal_pwr_ex.o
LOAD ./Drivers/STM32G0xx_HAL_Driver/stm32g0xx_hal_rcc.o
LOAD ./Drivers/STM32G0xx_HAL_Driver/stm32g0xx_hal_rcc_ex.o
LOAD ./Drivers/STM32G0xx_HAL_Driver/stm32g0xx_hal_tim.o
LOAD ./Drivers/STM32G0xx_HAL_Driver/stm32g0xx_hal_tim_ex.o
LOAD ./Drivers/STM32G0xx_HAL_Driver/stm32g0xx_hal_uart.o
LOAD ./Drivers/STM32G0xx_HAL_Driver/stm32g0xx_hal_uart_ex.o
LOAD ./Drivers/STM32G0xx_HAL_Driver/stm32g0xx_ll_adc.o
LOAD ./Drivers/STM32G0xx_HAL_Driver/stm32g0xx_ll_dma.o
LOAD ./Drivers/STM32G0xx_HAL_Driver/stm32g0xx_ll_rcc.o
START GROUP
LOAD c:/st/stm32cubeide_1.7.0/stm32cubeide/plugins/com.st.stm32cube.ide.mcu.externaltools.gnu-tools-for-stm32.9-2020-q2-update.win32_2.0.0.202105311346/tools/bin/../lib/gcc/arm-none-eabi/9.3.1/../../../../arm-none-eabi/lib/thumb/v6-m/nofp\libc_nano.a
LOAD c:/st/stm32cubeide_1.7.0/stm32cubeide/plugins/com.st.stm32cube.ide.mcu.externaltools.gnu-tools-for-stm32.9-2020-q2-update.win32_2.0.0.202105311346/tools/bin/../lib/gcc/arm-none-eabi/9.3.1/../../../../arm-none-eabi/lib/thumb/v6-m/nofp\libm.a
END GROUP
START GROUP
LOAD c:/st/stm32cubeide_1.7.0/stm32cubeide/plugins/com.st.stm32cube.ide.mcu.externaltools.gnu-tools-for-stm32.9-2020-q2-update.win32_2.0.0.202105311346/tools/bin/../lib/gcc/arm-none-eabi/9.3.1/thumb/v6-m/nofp\libgcc.a
LOAD c:/st/stm32cubeide_1.7.0/stm32cubeide/plugins/com.st.stm32cube.ide.mcu.externaltools.gnu-tools-for-stm32.9-2020-q2-update.win32_2.0.0.202105311346/tools/bin/../lib/gcc/arm-none-eabi/9.3.1/../../../../arm-none-eabi/lib/thumb/v6-m/nofp\libc_nano.a
END GROUP
START GROUP
LOAD c:/st/stm32cubeide_1.7.0/stm32cubeide/plugins/com.st.stm32cube.ide.mcu.externaltools.gnu-tools-for-stm32.9-2020-q2-update.win32_2.0.0.202105311346/tools/bin/../lib/gcc/arm-none-eabi/9.3.1/thumb/v6-m/nofp\libgcc.a
LOAD c:/st/stm32cubeide_1.7.0/stm32cubeide/plugins/com.st.stm32cube.ide.mcu.externaltools.gnu-tools-for-stm32.9-2020-q2-update.win32_2.0.0.202105311346/tools/bin/../lib/gcc/arm-none-eabi/9.3.1/../../../../arm-none-eabi/lib/thumb/v6-m/nofp\libc_nano.a
LOAD c:/st/stm32cubeide_1.7.0/stm32cubeide/plugins/com.st.stm32cube.ide.mcu.externaltools.gnu-tools-for-stm32.9-2020-q2-update.win32_2.0.0.202105311346/tools/bin/../lib/gcc/arm-none-eabi/9.3.1/../../../../arm-none-eabi/lib/thumb/v6-m/nofp\libnosys.a
END GROUP
START GROUP
LOAD c:/st/stm32cubeide_1.7.0/stm32cubeide/plugins/com.st.stm32cube.ide.mcu.externaltools.gnu-tools-for-stm32.9-2020-q2-update.win32_2.0.0.202105311346/tools/bin/../lib/gcc/arm-none-eabi/9.3.1/thumb/v6-m/nofp\libgcc.a
LOAD c:/st/stm32cubeide_1.7.0/stm32cubeide/plugins/com.st.stm32cube.ide.mcu.externaltools.gnu-tools-for-stm32.9-2020-q2-update.win32_2.0.0.202105311346/tools/bin/../lib/gcc/arm-none-eabi/9.3.1/../../../../arm-none-eabi/lib/thumb/v6-m/nofp\libc_nano.a
LOAD c:/st/stm32cubeide_1.7.0/stm32cubeide/plugins/com.st.stm32cube.ide.mcu.externaltools.gnu-tools-for-stm32.9-2020-q2-update.win32_2.0.0.202105311346/tools/bin/../lib/gcc/arm-none-eabi/9.3.1/../../../../arm-none-eabi/lib/thumb/v6-m/nofp\libnosys.a
END GROUP
LOAD c:/st/stm32cubeide_1.7.0/stm32cubeide/plugins/com.st.stm32cube.ide.mcu.externaltools.gnu-tools-for-stm32.9-2020-q2-update.win32_2.0.0.202105311346/tools/bin/../lib/gcc/arm-none-eabi/9.3.1/thumb/v6-m/nofp/crtend.o
LOAD c:/st/stm32cubeide_1.7.0/stm32cubeide/plugins/com.st.stm32cube.ide.mcu.externaltools.gnu-tools-for-stm32.9-2020-q2-update.win32_2.0.0.202105311346/tools/bin/../lib/gcc/arm-none-eabi/9.3.1/thumb/v6-m/nofp/crtn.o
                0x0000000020002000                _estack = (ORIGIN (RAM) + LENGTH (RAM))
                0x0000000000000200                _Min_Heap_Size = 0x200
                0x0000000000000400                _Min_Stack_Size = 0x400

.isr_vector     0x0000000008000000       0xb8
                0x0000000008000000                . = ALIGN (0x4)
 *(.isr_vector)
 .isr_vector    0x0000000008000000       0xb8 ./Core/Startup/startup_stm32g030k8tx.o
                0x0000000008000000                g_pfnVectors
                0x00000000080000b8                . = ALIGN (0x4)

.text           0x00000000080000b8     0x90ec
                0x00000000080000b8                . = ALIGN (0x4)
 *(.text)
 .text          0x00000000080000b8       0x48 c:/st/stm32cubeide_1.7.0/stm32cubeide/plugins/com.st.stm32cube.ide.mcu.externaltools.gnu-tools-for-stm32.9-2020-q2-update.win32_2.0.0.202105311346/tools/bin/../lib/gcc/arm-none-eabi/9.3.1/thumb/v6-m/nofp/crtbegin.o
 .text          0x0000000008000100       0x14 c:/st/stm32cubeide_1.7.0/stm32cubeide/plugins/com.st.stm32cube.ide.mcu.externaltools.gnu-tools-for-stm32.9-2020-q2-update.win32_2.0.0.202105311346/tools/bin/../lib/gcc/arm-none-eabi/9.3.1/thumb/v6-m/nofp\libgcc.a(_thumb1_case_shi.o)
                0x0000000008000100                __gnu_thumb1_case_shi
 .text          0x0000000008000114      0x114 c:/st/stm32cubeide_1.7.0/stm32cubeide/plugins/com.st.stm32cube.ide.mcu.externaltools.gnu-tools-for-stm32.9-2020-q2-update.win32_2.0.0.202105311346/tools/bin/../lib/gcc/arm-none-eabi/9.3.1/thumb/v6-m/nofp\libgcc.a(_udivsi3.o)
                0x0000000008000114                __aeabi_uidiv
                0x0000000008000114                __udivsi3
                0x0000000008000220                __aeabi_uidivmod
 .text          0x0000000008000228        0x4 c:/st/stm32cubeide_1.7.0/stm32cubeide/plugins/com.st.stm32cube.ide.mcu.externaltools.gnu-tools-for-stm32.9-2020-q2-update.win32_2.0.0.202105311346/tools/bin/../lib/gcc/arm-none-eabi/9.3.1/thumb/v6-m/nofp\libgcc.a(_dvmd_tls.o)
                0x0000000008000228                __aeabi_idiv0
                0x0000000008000228                __aeabi_ldiv0
 *(.text*)
 .text.Hal_LED_Driver_Initial
                0x000000000800022c      0x6ec ./Core/Src/IS31FL3237.o
                0x000000000800022c                Hal_LED_Driver_Initial
 .text.Task_LED_Driver
                0x0000000008000918      0x924 ./Core/Src/IS31FL3237.o
                0x0000000008000918                Task_LED_Driver
 .text.I2C_WriteByte
                0x000000000800123c       0x54 ./Core/Src/IS31FL3237.o
                0x000000000800123c                I2C_WriteByte
 .text.main     0x0000000008001290      0x148 ./Core/Src/main.o
                0x0000000008001290                main
 .text.SystemClock_Config
                0x00000000080013d8       0xec ./Core/Src/main.o
                0x00000000080013d8                SystemClock_Config
 .text.MX_ADC1_Init
                0x00000000080014c4      0x148 ./Core/Src/main.o
 .text.MX_I2C1_Init
                0x000000000800160c       0x80 ./Core/Src/main.o
 .text.MX_TIM1_Init
                0x000000000800168c       0xbc ./Core/Src/main.o
 .text.MX_USART2_UART_Init
                0x0000000008001748       0x78 ./Core/Src/main.o
 .text.MX_DMA_Init
                0x00000000080017c0       0x3c ./Core/Src/main.o
 .text.MX_GPIO_Init
                0x00000000080017fc      0x330 ./Core/Src/main.o
 .text.Polling_Task_1ms
                0x0000000008001b2c       0x94 ./Core/Src/main.o
                0x0000000008001b2c                Polling_Task_1ms
 .text.Polling_Task_10ms
                0x0000000008001bc0       0x16 ./Core/Src/main.o
                0x0000000008001bc0                Polling_Task_10ms
 .text.Polling_Task_50ms
                0x0000000008001bd6        0xa ./Core/Src/main.o
                0x0000000008001bd6                Polling_Task_50ms
 .text.Polling_Task_100ms
                0x0000000008001be0       0x34 ./Core/Src/main.o
                0x0000000008001be0                Polling_Task_100ms
 .text.Polling_Task_1s
                0x0000000008001c14       0x30 ./Core/Src/main.o
                0x0000000008001c14                Polling_Task_1s
 .text.Task_ButtonGroup
                0x0000000008001c44      0x3a8 ./Core/Src/main.o
                0x0000000008001c44                Task_ButtonGroup
 .text.VR1_PreGain
                0x0000000008001fec      0x230 ./Core/Src/main.o
                0x0000000008001fec                VR1_PreGain
 .text.VR2_Microphone
                0x000000000800221c      0x1ac ./Core/Src/main.o
                0x000000000800221c                VR2_Microphone
 .text.VR3_Mix  0x00000000080023c8      0x1ac ./Core/Src/main.o
                0x00000000080023c8                VR3_Mix
 .text.VR4_Headphone
                0x0000000008002574      0x230 ./Core/Src/main.o
                0x0000000008002574                VR4_Headphone
 .text.Task_Preset_LED_GPIO
                0x00000000080027a4       0xf0 ./Core/Src/main.o
                0x00000000080027a4                Task_Preset_LED_GPIO
 .text.Task_Button
                0x0000000008002894       0xf8 ./Core/Src/main.o
                0x0000000008002894                Task_Button
 .text.HAL_TIM_PeriodElapsedCallback
                0x000000000800298c       0x10 ./Core/Src/main.o
                0x000000000800298c                HAL_TIM_PeriodElapsedCallback
 .text.__io_putchar
                0x000000000800299c       0x24 ./Core/Src/main.o
                0x000000000800299c                __io_putchar
 .text.HAL_UART_RxCpltCallback
                0x00000000080029c0       0x48 ./Core/Src/main.o
                0x00000000080029c0                HAL_UART_RxCpltCallback
 .text.Error_Handler
                0x0000000008002a08        0xa ./Core/Src/main.o
                0x0000000008002a08                Error_Handler
 *fill*         0x0000000008002a12        0x2 
 .text.HAL_MspInit
                0x0000000008002a14       0x58 ./Core/Src/stm32g0xx_hal_msp.o
                0x0000000008002a14                HAL_MspInit
 .text.HAL_ADC_MspInit
                0x0000000008002a6c      0x120 ./Core/Src/stm32g0xx_hal_msp.o
                0x0000000008002a6c                HAL_ADC_MspInit
 .text.HAL_I2C_MspInit
                0x0000000008002b8c       0x98 ./Core/Src/stm32g0xx_hal_msp.o
                0x0000000008002b8c                HAL_I2C_MspInit
 .text.HAL_TIM_Base_MspInit
                0x0000000008002c24       0x50 ./Core/Src/stm32g0xx_hal_msp.o
                0x0000000008002c24                HAL_TIM_Base_MspInit
 .text.HAL_UART_MspInit
                0x0000000008002c74       0xa4 ./Core/Src/stm32g0xx_hal_msp.o
                0x0000000008002c74                HAL_UART_MspInit
 .text.NMI_Handler
                0x0000000008002d18        0x6 ./Core/Src/stm32g0xx_it.o
                0x0000000008002d18                NMI_Handler
 .text.HardFault_Handler
                0x0000000008002d1e        0x6 ./Core/Src/stm32g0xx_it.o
                0x0000000008002d1e                HardFault_Handler
 .text.SVC_Handler
                0x0000000008002d24        0xa ./Core/Src/stm32g0xx_it.o
                0x0000000008002d24                SVC_Handler
 .text.PendSV_Handler
                0x0000000008002d2e        0xa ./Core/Src/stm32g0xx_it.o
                0x0000000008002d2e                PendSV_Handler
 .text.SysTick_Handler
                0x0000000008002d38        0xe ./Core/Src/stm32g0xx_it.o
                0x0000000008002d38                SysTick_Handler
 .text.RCC_IRQHandler
                0x0000000008002d46        0xa ./Core/Src/stm32g0xx_it.o
                0x0000000008002d46                RCC_IRQHandler
 .text.DMA1_Channel1_IRQHandler
                0x0000000008002d50       0x18 ./Core/Src/stm32g0xx_it.o
                0x0000000008002d50                DMA1_Channel1_IRQHandler
 .text.TIM1_BRK_UP_TRG_COM_IRQHandler
                0x0000000008002d68       0x18 ./Core/Src/stm32g0xx_it.o
                0x0000000008002d68                TIM1_BRK_UP_TRG_COM_IRQHandler
 .text.USART2_IRQHandler
                0x0000000008002d80       0x18 ./Core/Src/stm32g0xx_it.o
                0x0000000008002d80                USART2_IRQHandler
 .text._read    0x0000000008002d98       0x3a ./Core/Src/syscalls.o
                0x0000000008002d98                _read
 .text._write   0x0000000008002dd2       0x38 ./Core/Src/syscalls.o
                0x0000000008002dd2                _write
 .text._close   0x0000000008002e0a       0x14 ./Core/Src/syscalls.o
                0x0000000008002e0a                _close
 .text._fstat   0x0000000008002e1e       0x1c ./Core/Src/syscalls.o
                0x0000000008002e1e                _fstat
 .text._isatty  0x0000000008002e3a       0x12 ./Core/Src/syscalls.o
                0x0000000008002e3a                _isatty
 .text._lseek   0x0000000008002e4c       0x16 ./Core/Src/syscalls.o
                0x0000000008002e4c                _lseek
 *fill*         0x0000000008002e62        0x2 
 .text._sbrk    0x0000000008002e64       0x6c ./Core/Src/sysmem.o
                0x0000000008002e64                _sbrk
 .text.SystemInit
                0x0000000008002ed0        0xa ./Core/Src/system_stm32g0xx.o
                0x0000000008002ed0                SystemInit
 *fill*         0x0000000008002eda        0x2 
 .text.Reset_Handler
                0x0000000008002edc       0x50 ./Core/Startup/startup_stm32g030k8tx.o
                0x0000000008002edc                Reset_Handler
 .text.Default_Handler
                0x0000000008002f2c        0x2 ./Core/Startup/startup_stm32g030k8tx.o
                0x0000000008002f2c                TIM1_CC_IRQHandler
                0x0000000008002f2c                I2C1_IRQHandler
                0x0000000008002f2c                RTC_TAMP_IRQHandler
                0x0000000008002f2c                SPI1_IRQHandler
                0x0000000008002f2c                DMA1_Ch4_5_DMAMUX1_OVR_IRQHandler
                0x0000000008002f2c                EXTI2_3_IRQHandler
                0x0000000008002f2c                ADC1_IRQHandler
                0x0000000008002f2c                I2C2_IRQHandler
                0x0000000008002f2c                TIM17_IRQHandler
                0x0000000008002f2c                TIM16_IRQHandler
                0x0000000008002f2c                TIM3_IRQHandler
                0x0000000008002f2c                EXTI4_15_IRQHandler
                0x0000000008002f2c                Default_Handler
                0x0000000008002f2c                TIM14_IRQHandler
                0x0000000008002f2c                EXTI0_1_IRQHandler
                0x0000000008002f2c                SPI2_IRQHandler
                0x0000000008002f2c                WWDG_IRQHandler
                0x0000000008002f2c                DMA1_Channel2_3_IRQHandler
                0x0000000008002f2c                FLASH_IRQHandler
                0x0000000008002f2c                USART1_IRQHandler
 *fill*         0x0000000008002f2e        0x2 
 .text.HAL_Init
                0x0000000008002f30       0x40 ./Drivers/STM32G0xx_HAL_Driver/stm32g0xx_hal.o
                0x0000000008002f30                HAL_Init
 .text.HAL_InitTick
                0x0000000008002f70       0x94 ./Drivers/STM32G0xx_HAL_Driver/stm32g0xx_hal.o
                0x0000000008002f70                HAL_InitTick
 .text.HAL_IncTick
                0x0000000008003004       0x24 ./Drivers/STM32G0xx_HAL_Driver/stm32g0xx_hal.o
                0x0000000008003004                HAL_IncTick
 .text.HAL_GetTick
                0x0000000008003028       0x14 ./Drivers/STM32G0xx_HAL_Driver/stm32g0xx_hal.o
                0x0000000008003028                HAL_GetTick
 .text.LL_ADC_SetCommonPathInternalCh
                0x000000000800303c       0x28 ./Drivers/STM32G0xx_HAL_Driver/stm32g0xx_hal_adc.o
 .text.LL_ADC_GetCommonPathInternalCh
                0x0000000008003064       0x1a ./Drivers/STM32G0xx_HAL_Driver/stm32g0xx_hal_adc.o
 .text.LL_ADC_SetSamplingTimeCommonChannels
                0x000000000800307e       0x3a ./Drivers/STM32G0xx_HAL_Driver/stm32g0xx_hal_adc.o
 .text.LL_ADC_REG_IsTriggerSourceSWStart
                0x00000000080030b8       0x22 ./Drivers/STM32G0xx_HAL_Driver/stm32g0xx_hal_adc.o
 .text.LL_ADC_REG_SetSequencerRanks
                0x00000000080030da       0x40 ./Drivers/STM32G0xx_HAL_Driver/stm32g0xx_hal_adc.o
 .text.LL_ADC_REG_SetSequencerChAdd
                0x000000000800311a       0x22 ./Drivers/STM32G0xx_HAL_Driver/stm32g0xx_hal_adc.o
 .text.LL_ADC_REG_SetSequencerChRem
                0x000000000800313c       0x24 ./Drivers/STM32G0xx_HAL_Driver/stm32g0xx_hal_adc.o
 .text.LL_ADC_SetChannelSamplingTime
                0x0000000008003160       0x38 ./Drivers/STM32G0xx_HAL_Driver/stm32g0xx_hal_adc.o
 .text.LL_ADC_EnableInternalRegulator
                0x0000000008003198       0x28 ./Drivers/STM32G0xx_HAL_Driver/stm32g0xx_hal_adc.o
 .text.LL_ADC_IsInternalRegulatorEnabled
                0x00000000080031c0       0x28 ./Drivers/STM32G0xx_HAL_Driver/stm32g0xx_hal_adc.o
 .text.LL_ADC_Enable
                0x00000000080031e8       0x24 ./Drivers/STM32G0xx_HAL_Driver/stm32g0xx_hal_adc.o
 .text.LL_ADC_Disable
                0x000000000800320c       0x24 ./Drivers/STM32G0xx_HAL_Driver/stm32g0xx_hal_adc.o
 .text.LL_ADC_IsEnabled
                0x0000000008003230       0x22 ./Drivers/STM32G0xx_HAL_Driver/stm32g0xx_hal_adc.o
 *fill*         0x0000000008003252        0x2 
 .text.LL_ADC_REG_StartConversion
                0x0000000008003254       0x24 ./Drivers/STM32G0xx_HAL_Driver/stm32g0xx_hal_adc.o
 .text.LL_ADC_REG_IsConversionOngoing
                0x0000000008003278       0x22 ./Drivers/STM32G0xx_HAL_Driver/stm32g0xx_hal_adc.o
 *fill*         0x000000000800329a        0x2 
 .text.HAL_ADC_Init
                0x000000000800329c      0x3bc ./Drivers/STM32G0xx_HAL_Driver/stm32g0xx_hal_adc.o
                0x000000000800329c                HAL_ADC_Init
 .text.HAL_ADC_Start_DMA
                0x0000000008003658      0x11c ./Drivers/STM32G0xx_HAL_Driver/stm32g0xx_hal_adc.o
                0x0000000008003658                HAL_ADC_Start_DMA
 .text.HAL_ADC_ConvCpltCallback
                0x0000000008003774       0x10 ./Drivers/STM32G0xx_HAL_Driver/stm32g0xx_hal_adc.o
                0x0000000008003774                HAL_ADC_ConvCpltCallback
 .text.HAL_ADC_ConvHalfCpltCallback
                0x0000000008003784       0x10 ./Drivers/STM32G0xx_HAL_Driver/stm32g0xx_hal_adc.o
                0x0000000008003784                HAL_ADC_ConvHalfCpltCallback
 .text.HAL_ADC_ErrorCallback
                0x0000000008003794       0x10 ./Drivers/STM32G0xx_HAL_Driver/stm32g0xx_hal_adc.o
                0x0000000008003794                HAL_ADC_ErrorCallback
 .text.HAL_ADC_ConfigChannel
                0x00000000080037a4      0x3b0 ./Drivers/STM32G0xx_HAL_Driver/stm32g0xx_hal_adc.o
                0x00000000080037a4                HAL_ADC_ConfigChannel
 .text.ADC_Enable
                0x0000000008003b54      0x10c ./Drivers/STM32G0xx_HAL_Driver/stm32g0xx_hal_adc.o
                0x0000000008003b54                ADC_Enable
 .text.ADC_DMAConvCplt
                0x0000000008003c60       0xc8 ./Drivers/STM32G0xx_HAL_Driver/stm32g0xx_hal_adc.o
 .text.ADC_DMAHalfConvCplt
                0x0000000008003d28       0x1e ./Drivers/STM32G0xx_HAL_Driver/stm32g0xx_hal_adc.o
 .text.ADC_DMAError
                0x0000000008003d46       0x36 ./Drivers/STM32G0xx_HAL_Driver/stm32g0xx_hal_adc.o
 .text.__NVIC_EnableIRQ
                0x0000000008003d7c       0x34 ./Drivers/STM32G0xx_HAL_Driver/stm32g0xx_hal_cortex.o
 .text.__NVIC_SetPriority
                0x0000000008003db0       0xdc ./Drivers/STM32G0xx_HAL_Driver/stm32g0xx_hal_cortex.o
 .text.SysTick_Config
                0x0000000008003e8c       0x48 ./Drivers/STM32G0xx_HAL_Driver/stm32g0xx_hal_cortex.o
 .text.HAL_NVIC_SetPriority
                0x0000000008003ed4       0x2a ./Drivers/STM32G0xx_HAL_Driver/stm32g0xx_hal_cortex.o
                0x0000000008003ed4                HAL_NVIC_SetPriority
 .text.HAL_NVIC_EnableIRQ
                0x0000000008003efe       0x20 ./Drivers/STM32G0xx_HAL_Driver/stm32g0xx_hal_cortex.o
                0x0000000008003efe                HAL_NVIC_EnableIRQ
 .text.HAL_SYSTICK_Config
                0x0000000008003f1e       0x1a ./Drivers/STM32G0xx_HAL_Driver/stm32g0xx_hal_cortex.o
                0x0000000008003f1e                HAL_SYSTICK_Config
 .text.HAL_DMA_Init
                0x0000000008003f38      0x114 ./Drivers/STM32G0xx_HAL_Driver/stm32g0xx_hal_dma.o
                0x0000000008003f38                HAL_DMA_Init
 .text.HAL_DMA_Start_IT
                0x000000000800404c      0x10c ./Drivers/STM32G0xx_HAL_Driver/stm32g0xx_hal_dma.o
                0x000000000800404c                HAL_DMA_Start_IT
 .text.HAL_DMA_Abort
                0x0000000008004158       0xc4 ./Drivers/STM32G0xx_HAL_Driver/stm32g0xx_hal_dma.o
                0x0000000008004158                HAL_DMA_Abort
 .text.HAL_DMA_Abort_IT
                0x000000000800421c       0xd4 ./Drivers/STM32G0xx_HAL_Driver/stm32g0xx_hal_dma.o
                0x000000000800421c                HAL_DMA_Abort_IT
 .text.HAL_DMA_IRQHandler
                0x00000000080042f0      0x164 ./Drivers/STM32G0xx_HAL_Driver/stm32g0xx_hal_dma.o
                0x00000000080042f0                HAL_DMA_IRQHandler
 .text.DMA_SetConfig
                0x0000000008004454       0x80 ./Drivers/STM32G0xx_HAL_Driver/stm32g0xx_hal_dma.o
 .text.DMA_CalcDMAMUXChannelBaseAndMask
                0x00000000080044d4       0x58 ./Drivers/STM32G0xx_HAL_Driver/stm32g0xx_hal_dma.o
 .text.DMA_CalcDMAMUXRequestGenBaseAndMask
                0x000000000800452c       0x48 ./Drivers/STM32G0xx_HAL_Driver/stm32g0xx_hal_dma.o
 .text.HAL_GPIO_Init
                0x0000000008004574      0x2c8 ./Drivers/STM32G0xx_HAL_Driver/stm32g0xx_hal_gpio.o
                0x0000000008004574                HAL_GPIO_Init
 .text.HAL_GPIO_ReadPin
                0x000000000800483c       0x3a ./Drivers/STM32G0xx_HAL_Driver/stm32g0xx_hal_gpio.o
                0x000000000800483c                HAL_GPIO_ReadPin
 .text.HAL_GPIO_WritePin
                0x0000000008004876       0x3a ./Drivers/STM32G0xx_HAL_Driver/stm32g0xx_hal_gpio.o
                0x0000000008004876                HAL_GPIO_WritePin
 .text.HAL_I2C_Init
                0x00000000080048b0      0x12c ./Drivers/STM32G0xx_HAL_Driver/stm32g0xx_hal_i2c.o
                0x00000000080048b0                HAL_I2C_Init
 .text.HAL_I2C_Master_Transmit
                0x00000000080049dc      0x210 ./Drivers/STM32G0xx_HAL_Driver/stm32g0xx_hal_i2c.o
                0x00000000080049dc                HAL_I2C_Master_Transmit
 .text.I2C_Flush_TXDR
                0x0000000008004bec       0x44 ./Drivers/STM32G0xx_HAL_Driver/stm32g0xx_hal_i2c.o
 .text.I2C_WaitOnFlagUntilTimeout
                0x0000000008004c30       0x7e ./Drivers/STM32G0xx_HAL_Driver/stm32g0xx_hal_i2c.o
 .text.I2C_WaitOnTXISFlagUntilTimeout
                0x0000000008004cae       0x7e ./Drivers/STM32G0xx_HAL_Driver/stm32g0xx_hal_i2c.o
 .text.I2C_WaitOnSTOPFlagUntilTimeout
                0x0000000008004d2c       0x78 ./Drivers/STM32G0xx_HAL_Driver/stm32g0xx_hal_i2c.o
 .text.I2C_IsAcknowledgeFailed
                0x0000000008004da4       0xf4 ./Drivers/STM32G0xx_HAL_Driver/stm32g0xx_hal_i2c.o
 .text.I2C_TransferConfig
                0x0000000008004e98       0x6c ./Drivers/STM32G0xx_HAL_Driver/stm32g0xx_hal_i2c.o
 .text.HAL_I2CEx_ConfigAnalogFilter
                0x0000000008004f04       0x98 ./Drivers/STM32G0xx_HAL_Driver/stm32g0xx_hal_i2c_ex.o
                0x0000000008004f04                HAL_I2CEx_ConfigAnalogFilter
 .text.HAL_I2CEx_ConfigDigitalFilter
                0x0000000008004f9c       0x98 ./Drivers/STM32G0xx_HAL_Driver/stm32g0xx_hal_i2c_ex.o
                0x0000000008004f9c                HAL_I2CEx_ConfigDigitalFilter
 .text.HAL_PWREx_ControlVoltageScaling
                0x0000000008005034       0x80 ./Drivers/STM32G0xx_HAL_Driver/stm32g0xx_hal_pwr_ex.o
                0x0000000008005034                HAL_PWREx_ControlVoltageScaling
 .text.LL_RCC_GetAPB1Prescaler
                0x00000000080050b4       0x18 ./Drivers/STM32G0xx_HAL_Driver/stm32g0xx_hal_rcc.o
 .text.HAL_RCC_OscConfig
                0x00000000080050cc      0x62c ./Drivers/STM32G0xx_HAL_Driver/stm32g0xx_hal_rcc.o
                0x00000000080050cc                HAL_RCC_OscConfig
 .text.HAL_RCC_ClockConfig
                0x00000000080056f8      0x210 ./Drivers/STM32G0xx_HAL_Driver/stm32g0xx_hal_rcc.o
                0x00000000080056f8                HAL_RCC_ClockConfig
 .text.HAL_RCC_GetSysClockFreq
                0x0000000008005908      0x104 ./Drivers/STM32G0xx_HAL_Driver/stm32g0xx_hal_rcc.o
                0x0000000008005908                HAL_RCC_GetSysClockFreq
 .text.HAL_RCC_GetHCLKFreq
                0x0000000008005a0c       0x14 ./Drivers/STM32G0xx_HAL_Driver/stm32g0xx_hal_rcc.o
                0x0000000008005a0c                HAL_RCC_GetHCLKFreq
 .text.HAL_RCC_GetPCLK1Freq
                0x0000000008005a20       0x2c ./Drivers/STM32G0xx_HAL_Driver/stm32g0xx_hal_rcc.o
                0x0000000008005a20                HAL_RCC_GetPCLK1Freq
 .text.HAL_RCCEx_PeriphCLKConfig
                0x0000000008005a4c      0x24c ./Drivers/STM32G0xx_HAL_Driver/stm32g0xx_hal_rcc_ex.o
                0x0000000008005a4c                HAL_RCCEx_PeriphCLKConfig
 .text.HAL_TIM_Base_Init
                0x0000000008005c98       0xb0 ./Drivers/STM32G0xx_HAL_Driver/stm32g0xx_hal_tim.o
                0x0000000008005c98                HAL_TIM_Base_Init
 .text.HAL_TIM_Base_Start_IT
                0x0000000008005d48       0x9c ./Drivers/STM32G0xx_HAL_Driver/stm32g0xx_hal_tim.o
                0x0000000008005d48                HAL_TIM_Base_Start_IT
 .text.HAL_TIM_IRQHandler
                0x0000000008005de4      0x264 ./Drivers/STM32G0xx_HAL_Driver/stm32g0xx_hal_tim.o
                0x0000000008005de4                HAL_TIM_IRQHandler
 .text.HAL_TIM_ConfigClockSource
                0x0000000008006048      0x198 ./Drivers/STM32G0xx_HAL_Driver/stm32g0xx_hal_tim.o
                0x0000000008006048                HAL_TIM_ConfigClockSource
 .text.HAL_TIM_OC_DelayElapsedCallback
                0x00000000080061e0       0x10 ./Drivers/STM32G0xx_HAL_Driver/stm32g0xx_hal_tim.o
                0x00000000080061e0                HAL_TIM_OC_DelayElapsedCallback
 .text.HAL_TIM_IC_CaptureCallback
                0x00000000080061f0       0x10 ./Drivers/STM32G0xx_HAL_Driver/stm32g0xx_hal_tim.o
                0x00000000080061f0                HAL_TIM_IC_CaptureCallback
 .text.HAL_TIM_PWM_PulseFinishedCallback
                0x0000000008006200       0x10 ./Drivers/STM32G0xx_HAL_Driver/stm32g0xx_hal_tim.o
                0x0000000008006200                HAL_TIM_PWM_PulseFinishedCallback
 .text.HAL_TIM_TriggerCallback
                0x0000000008006210       0x10 ./Drivers/STM32G0xx_HAL_Driver/stm32g0xx_hal_tim.o
                0x0000000008006210                HAL_TIM_TriggerCallback
 .text.TIM_Base_SetConfig
                0x0000000008006220       0xd8 ./Drivers/STM32G0xx_HAL_Driver/stm32g0xx_hal_tim.o
                0x0000000008006220                TIM_Base_SetConfig
 .text.TIM_TI1_ConfigInputStage
                0x00000000080062f8       0x5c ./Drivers/STM32G0xx_HAL_Driver/stm32g0xx_hal_tim.o
 .text.TIM_TI2_ConfigInputStage
                0x0000000008006354       0x64 ./Drivers/STM32G0xx_HAL_Driver/stm32g0xx_hal_tim.o
 .text.TIM_ITRx_SetConfig
                0x00000000080063b8       0x38 ./Drivers/STM32G0xx_HAL_Driver/stm32g0xx_hal_tim.o
 .text.TIM_ETR_SetConfig
                0x00000000080063f0       0x40 ./Drivers/STM32G0xx_HAL_Driver/stm32g0xx_hal_tim.o
                0x00000000080063f0                TIM_ETR_SetConfig
 .text.HAL_TIMEx_MasterConfigSynchronization
                0x0000000008006430       0xc4 ./Drivers/STM32G0xx_HAL_Driver/stm32g0xx_hal_tim_ex.o
                0x0000000008006430                HAL_TIMEx_MasterConfigSynchronization
 .text.HAL_TIMEx_CommutCallback
                0x00000000080064f4       0x10 ./Drivers/STM32G0xx_HAL_Driver/stm32g0xx_hal_tim_ex.o
                0x00000000080064f4                HAL_TIMEx_CommutCallback
 .text.HAL_TIMEx_BreakCallback
                0x0000000008006504       0x10 ./Drivers/STM32G0xx_HAL_Driver/stm32g0xx_hal_tim_ex.o
                0x0000000008006504                HAL_TIMEx_BreakCallback
 .text.HAL_TIMEx_Break2Callback
                0x0000000008006514       0x10 ./Drivers/STM32G0xx_HAL_Driver/stm32g0xx_hal_tim_ex.o
                0x0000000008006514                HAL_TIMEx_Break2Callback
 .text.HAL_UART_Init
                0x0000000008006524       0xac ./Drivers/STM32G0xx_HAL_Driver/stm32g0xx_hal_uart.o
                0x0000000008006524                HAL_UART_Init
 .text.HAL_UART_Transmit
                0x00000000080065d0      0x156 ./Drivers/STM32G0xx_HAL_Driver/stm32g0xx_hal_uart.o
                0x00000000080065d0                HAL_UART_Transmit
 .text.HAL_UART_Receive_IT
                0x0000000008006726       0xc4 ./Drivers/STM32G0xx_HAL_Driver/stm32g0xx_hal_uart.o
                0x0000000008006726                HAL_UART_Receive_IT
 *fill*         0x00000000080067ea        0x2 
 .text.HAL_UART_IRQHandler
                0x00000000080067ec      0x634 ./Drivers/STM32G0xx_HAL_Driver/stm32g0xx_hal_uart.o
                0x00000000080067ec                HAL_UART_IRQHandler
 .text.HAL_UART_TxCpltCallback
                0x0000000008006e20       0x10 ./Drivers/STM32G0xx_HAL_Driver/stm32g0xx_hal_uart.o
                0x0000000008006e20                HAL_UART_TxCpltCallback
 .text.HAL_UART_ErrorCallback
                0x0000000008006e30       0x10 ./Drivers/STM32G0xx_HAL_Driver/stm32g0xx_hal_uart.o
                0x0000000008006e30                HAL_UART_ErrorCallback
 .text.HAL_UARTEx_RxEventCallback
                0x0000000008006e40       0x16 ./Drivers/STM32G0xx_HAL_Driver/stm32g0xx_hal_uart.o
                0x0000000008006e40                HAL_UARTEx_RxEventCallback
 *fill*         0x0000000008006e56        0x2 
 .text.UART_SetConfig
                0x0000000008006e58      0x2d4 ./Drivers/STM32G0xx_HAL_Driver/stm32g0xx_hal_uart.o
                0x0000000008006e58                UART_SetConfig
 .text.UART_AdvFeatureConfig
                0x000000000800712c      0x168 ./Drivers/STM32G0xx_HAL_Driver/stm32g0xx_hal_uart.o
                0x000000000800712c                UART_AdvFeatureConfig
 .text.UART_CheckIdleState
                0x0000000008007294       0x94 ./Drivers/STM32G0xx_HAL_Driver/stm32g0xx_hal_uart.o
                0x0000000008007294                UART_CheckIdleState
 .text.UART_WaitOnFlagUntilTimeout
                0x0000000008007328      0x190 ./Drivers/STM32G0xx_HAL_Driver/stm32g0xx_hal_uart.o
                0x0000000008007328                UART_WaitOnFlagUntilTimeout
 .text.UART_Start_Receive_IT
                0x00000000080074b8      0x218 ./Drivers/STM32G0xx_HAL_Driver/stm32g0xx_hal_uart.o
                0x00000000080074b8                UART_Start_Receive_IT
 .text.UART_EndRxTransfer
                0x00000000080076d0       0xcc ./Drivers/STM32G0xx_HAL_Driver/stm32g0xx_hal_uart.o
 .text.UART_DMAAbortOnError
                0x000000000800779c       0x2e ./Drivers/STM32G0xx_HAL_Driver/stm32g0xx_hal_uart.o
 .text.UART_EndTransmit_IT
                0x00000000080077ca       0x58 ./Drivers/STM32G0xx_HAL_Driver/stm32g0xx_hal_uart.o
 *fill*         0x0000000008007822        0x2 
 .text.UART_RxISR_8BIT
                0x0000000008007824      0x16c ./Drivers/STM32G0xx_HAL_Driver/stm32g0xx_hal_uart.o
 .text.UART_RxISR_16BIT
                0x0000000008007990      0x16c ./Drivers/STM32G0xx_HAL_Driver/stm32g0xx_hal_uart.o
 .text.UART_RxISR_8BIT_FIFOEN
                0x0000000008007afc      0x2e4 ./Drivers/STM32G0xx_HAL_Driver/stm32g0xx_hal_uart.o
 .text.UART_RxISR_16BIT_FIFOEN
                0x0000000008007de0      0x2e4 ./Drivers/STM32G0xx_HAL_Driver/stm32g0xx_hal_uart.o
 .text.HAL_UARTEx_WakeupCallback
                0x00000000080080c4       0x10 ./Drivers/STM32G0xx_HAL_Driver/stm32g0xx_hal_uart_ex.o
                0x00000000080080c4                HAL_UARTEx_WakeupCallback
 .text.HAL_UARTEx_RxFifoFullCallback
                0x00000000080080d4       0x10 ./Drivers/STM32G0xx_HAL_Driver/stm32g0xx_hal_uart_ex.o
                0x00000000080080d4                HAL_UARTEx_RxFifoFullCallback
 .text.HAL_UARTEx_TxFifoEmptyCallback
                0x00000000080080e4       0x10 ./Drivers/STM32G0xx_HAL_Driver/stm32g0xx_hal_uart_ex.o
                0x00000000080080e4                HAL_UARTEx_TxFifoEmptyCallback
 .text.__errno  0x00000000080080f4        0xc c:/st/stm32cubeide_1.7.0/stm32cubeide/plugins/com.st.stm32cube.ide.mcu.externaltools.gnu-tools-for-stm32.9-2020-q2-update.win32_2.0.0.202105311346/tools/bin/../lib/gcc/arm-none-eabi/9.3.1/../../../../arm-none-eabi/lib/thumb/v6-m/nofp\libc_nano.a(lib_a-errno.o)
                0x00000000080080f4                __errno
 .text.__libc_init_array
                0x0000000008008100       0x48 c:/st/stm32cubeide_1.7.0/stm32cubeide/plugins/com.st.stm32cube.ide.mcu.externaltools.gnu-tools-for-stm32.9-2020-q2-update.win32_2.0.0.202105311346/tools/bin/../lib/gcc/arm-none-eabi/9.3.1/../../../../arm-none-eabi/lib/thumb/v6-m/nofp\libc_nano.a(lib_a-init.o)
                0x0000000008008100                __libc_init_array
 .text.memset   0x0000000008008148       0x10 c:/st/stm32cubeide_1.7.0/stm32cubeide/plugins/com.st.stm32cube.ide.mcu.externaltools.gnu-tools-for-stm32.9-2020-q2-update.win32_2.0.0.202105311346/tools/bin/../lib/gcc/arm-none-eabi/9.3.1/../../../../arm-none-eabi/lib/thumb/v6-m/nofp\libc_nano.a(lib_a-memset.o)
                0x0000000008008148                memset
 .text.printf   0x0000000008008158       0x34 c:/st/stm32cubeide_1.7.0/stm32cubeide/plugins/com.st.stm32cube.ide.mcu.externaltools.gnu-tools-for-stm32.9-2020-q2-update.win32_2.0.0.202105311346/tools/bin/../lib/gcc/arm-none-eabi/9.3.1/../../../../arm-none-eabi/lib/thumb/v6-m/nofp\libc_nano.a(lib_a-printf.o)
                0x0000000008008158                iprintf
                0x0000000008008158                printf
 .text._puts_r  0x000000000800818c       0xe4 c:/st/stm32cubeide_1.7.0/stm32cubeide/plugins/com.st.stm32cube.ide.mcu.externaltools.gnu-tools-for-stm32.9-2020-q2-update.win32_2.0.0.202105311346/tools/bin/../lib/gcc/arm-none-eabi/9.3.1/../../../../arm-none-eabi/lib/thumb/v6-m/nofp\libc_nano.a(lib_a-puts.o)
                0x000000000800818c                _puts_r
 .text.puts     0x0000000008008270       0x14 c:/st/stm32cubeide_1.7.0/stm32cubeide/plugins/com.st.stm32cube.ide.mcu.externaltools.gnu-tools-for-stm32.9-2020-q2-update.win32_2.0.0.202105311346/tools/bin/../lib/gcc/arm-none-eabi/9.3.1/../../../../arm-none-eabi/lib/thumb/v6-m/nofp\libc_nano.a(lib_a-puts.o)
                0x0000000008008270                puts
 .text.__swbuf_r
                0x0000000008008284       0xac c:/st/stm32cubeide_1.7.0/stm32cubeide/plugins/com.st.stm32cube.ide.mcu.externaltools.gnu-tools-for-stm32.9-2020-q2-update.win32_2.0.0.202105311346/tools/bin/../lib/gcc/arm-none-eabi/9.3.1/../../../../arm-none-eabi/lib/thumb/v6-m/nofp\libc_nano.a(lib_a-wbuf.o)
                0x0000000008008284                __swbuf_r
 .text.__swsetup_r
                0x0000000008008330       0xf0 c:/st/stm32cubeide_1.7.0/stm32cubeide/plugins/com.st.stm32cube.ide.mcu.externaltools.gnu-tools-for-stm32.9-2020-q2-update.win32_2.0.0.202105311346/tools/bin/../lib/gcc/arm-none-eabi/9.3.1/../../../../arm-none-eabi/lib/thumb/v6-m/nofp\libc_nano.a(lib_a-wsetup.o)
                0x0000000008008330                __swsetup_r
 .text.__sflush_r
                0x0000000008008420      0x118 c:/st/stm32cubeide_1.7.0/stm32cubeide/plugins/com.st.stm32cube.ide.mcu.externaltools.gnu-tools-for-stm32.9-2020-q2-update.win32_2.0.0.202105311346/tools/bin/../lib/gcc/arm-none-eabi/9.3.1/../../../../arm-none-eabi/lib/thumb/v6-m/nofp\libc_nano.a(lib_a-fflush.o)
                0x0000000008008420                __sflush_r
 .text._fflush_r
                0x0000000008008538       0x80 c:/st/stm32cubeide_1.7.0/stm32cubeide/plugins/com.st.stm32cube.ide.mcu.externaltools.gnu-tools-for-stm32.9-2020-q2-update.win32_2.0.0.202105311346/tools/bin/../lib/gcc/arm-none-eabi/9.3.1/../../../../arm-none-eabi/lib/thumb/v6-m/nofp\libc_nano.a(lib_a-fflush.o)
                0x0000000008008538                _fflush_r
 .text.std      0x00000000080085b8       0x48 c:/st/stm32cubeide_1.7.0/stm32cubeide/plugins/com.st.stm32cube.ide.mcu.externaltools.gnu-tools-for-stm32.9-2020-q2-update.win32_2.0.0.202105311346/tools/bin/../lib/gcc/arm-none-eabi/9.3.1/../../../../arm-none-eabi/lib/thumb/v6-m/nofp\libc_nano.a(lib_a-findfp.o)
 .text._cleanup_r
                0x0000000008008600       0x10 c:/st/stm32cubeide_1.7.0/stm32cubeide/plugins/com.st.stm32cube.ide.mcu.externaltools.gnu-tools-for-stm32.9-2020-q2-update.win32_2.0.0.202105311346/tools/bin/../lib/gcc/arm-none-eabi/9.3.1/../../../../arm-none-eabi/lib/thumb/v6-m/nofp\libc_nano.a(lib_a-findfp.o)
                0x0000000008008600                _cleanup_r
 .text.__sfmoreglue
                0x0000000008008610       0x2c c:/st/stm32cubeide_1.7.0/stm32cubeide/plugins/com.st.stm32cube.ide.mcu.externaltools.gnu-tools-for-stm32.9-2020-q2-update.win32_2.0.0.202105311346/tools/bin/../lib/gcc/arm-none-eabi/9.3.1/../../../../arm-none-eabi/lib/thumb/v6-m/nofp\libc_nano.a(lib_a-findfp.o)
                0x0000000008008610                __sfmoreglue
 .text.__sfp_lock_acquire
                0x000000000800863c       0x10 c:/st/stm32cubeide_1.7.0/stm32cubeide/plugins/com.st.stm32cube.ide.mcu.externaltools.gnu-tools-for-stm32.9-2020-q2-update.win32_2.0.0.202105311346/tools/bin/../lib/gcc/arm-none-eabi/9.3.1/../../../../arm-none-eabi/lib/thumb/v6-m/nofp\libc_nano.a(lib_a-findfp.o)
                0x000000000800863c                __sfp_lock_acquire
 .text.__sfp_lock_release
                0x000000000800864c       0x10 c:/st/stm32cubeide_1.7.0/stm32cubeide/plugins/com.st.stm32cube.ide.mcu.externaltools.gnu-tools-for-stm32.9-2020-q2-update.win32_2.0.0.202105311346/tools/bin/../lib/gcc/arm-none-eabi/9.3.1/../../../../arm-none-eabi/lib/thumb/v6-m/nofp\libc_nano.a(lib_a-findfp.o)
                0x000000000800864c                __sfp_lock_release
 .text.__sinit_lock_acquire
                0x000000000800865c       0x10 c:/st/stm32cubeide_1.7.0/stm32cubeide/plugins/com.st.stm32cube.ide.mcu.externaltools.gnu-tools-for-stm32.9-2020-q2-update.win32_2.0.0.202105311346/tools/bin/../lib/gcc/arm-none-eabi/9.3.1/../../../../arm-none-eabi/lib/thumb/v6-m/nofp\libc_nano.a(lib_a-findfp.o)
                0x000000000800865c                __sinit_lock_acquire
 .text.__sinit_lock_release
                0x000000000800866c       0x10 c:/st/stm32cubeide_1.7.0/stm32cubeide/plugins/com.st.stm32cube.ide.mcu.externaltools.gnu-tools-for-stm32.9-2020-q2-update.win32_2.0.0.202105311346/tools/bin/../lib/gcc/arm-none-eabi/9.3.1/../../../../arm-none-eabi/lib/thumb/v6-m/nofp\libc_nano.a(lib_a-findfp.o)
                0x000000000800866c                __sinit_lock_release
 .text.__sinit  0x000000000800867c       0x70 c:/st/stm32cubeide_1.7.0/stm32cubeide/plugins/com.st.stm32cube.ide.mcu.externaltools.gnu-tools-for-stm32.9-2020-q2-update.win32_2.0.0.202105311346/tools/bin/../lib/gcc/arm-none-eabi/9.3.1/../../../../arm-none-eabi/lib/thumb/v6-m/nofp\libc_nano.a(lib_a-findfp.o)
                0x000000000800867c                __sinit
 .text.__sfp    0x00000000080086ec       0x90 c:/st/stm32cubeide_1.7.0/stm32cubeide/plugins/com.st.stm32cube.ide.mcu.externaltools.gnu-tools-for-stm32.9-2020-q2-update.win32_2.0.0.202105311346/tools/bin/../lib/gcc/arm-none-eabi/9.3.1/../../../../arm-none-eabi/lib/thumb/v6-m/nofp\libc_nano.a(lib_a-findfp.o)
                0x00000000080086ec                __sfp
 .text._fwalk_reent
                0x000000000800877c       0x40 c:/st/stm32cubeide_1.7.0/stm32cubeide/plugins/com.st.stm32cube.ide.mcu.externaltools.gnu-tools-for-stm32.9-2020-q2-update.win32_2.0.0.202105311346/tools/bin/../lib/gcc/arm-none-eabi/9.3.1/../../../../arm-none-eabi/lib/thumb/v6-m/nofp\libc_nano.a(lib_a-fwalk.o)
                0x000000000800877c                _fwalk_reent
 .text.__retarget_lock_init_recursive
                0x00000000080087bc        0x2 c:/st/stm32cubeide_1.7.0/stm32cubeide/plugins/com.st.stm32cube.ide.mcu.externaltools.gnu-tools-for-stm32.9-2020-q2-update.win32_2.0.0.202105311346/tools/bin/../lib/gcc/arm-none-eabi/9.3.1/../../../../arm-none-eabi/lib/thumb/v6-m/nofp\libc_nano.a(lib_a-lock.o)
                0x00000000080087bc                __retarget_lock_init_recursive
 .text.__retarget_lock_acquire_recursive
                0x00000000080087be        0x2 c:/st/stm32cubeide_1.7.0/stm32cubeide/plugins/com.st.stm32cube.ide.mcu.externaltools.gnu-tools-for-stm32.9-2020-q2-update.win32_2.0.0.202105311346/tools/bin/../lib/gcc/arm-none-eabi/9.3.1/../../../../arm-none-eabi/lib/thumb/v6-m/nofp\libc_nano.a(lib_a-lock.o)
                0x00000000080087be                __retarget_lock_acquire_recursive
 .text.__retarget_lock_release_recursive
                0x00000000080087c0        0x2 c:/st/stm32cubeide_1.7.0/stm32cubeide/plugins/com.st.stm32cube.ide.mcu.externaltools.gnu-tools-for-stm32.9-2020-q2-update.win32_2.0.0.202105311346/tools/bin/../lib/gcc/arm-none-eabi/9.3.1/../../../../arm-none-eabi/lib/thumb/v6-m/nofp\libc_nano.a(lib_a-lock.o)
                0x00000000080087c0                __retarget_lock_release_recursive
 *fill*         0x00000000080087c2        0x2 
 .text.__swhatbuf_r
                0x00000000080087c4       0x50 c:/st/stm32cubeide_1.7.0/stm32cubeide/plugins/com.st.stm32cube.ide.mcu.externaltools.gnu-tools-for-stm32.9-2020-q2-update.win32_2.0.0.202105311346/tools/bin/../lib/gcc/arm-none-eabi/9.3.1/../../../../arm-none-eabi/lib/thumb/v6-m/nofp\libc_nano.a(lib_a-makebuf.o)
                0x00000000080087c4                __swhatbuf_r
 .text.__smakebuf_r
                0x0000000008008814       0x88 c:/st/stm32cubeide_1.7.0/stm32cubeide/plugins/com.st.stm32cube.ide.mcu.externaltools.gnu-tools-for-stm32.9-2020-q2-update.win32_2.0.0.202105311346/tools/bin/../lib/gcc/arm-none-eabi/9.3.1/../../../../arm-none-eabi/lib/thumb/v6-m/nofp\libc_nano.a(lib_a-makebuf.o)
                0x0000000008008814                __smakebuf_r
 .text._free_r  0x000000000800889c       0x94 c:/st/stm32cubeide_1.7.0/stm32cubeide/plugins/com.st.stm32cube.ide.mcu.externaltools.gnu-tools-for-stm32.9-2020-q2-update.win32_2.0.0.202105311346/tools/bin/../lib/gcc/arm-none-eabi/9.3.1/../../../../arm-none-eabi/lib/thumb/v6-m/nofp\libc_nano.a(lib_a-nano-freer.o)
                0x000000000800889c                _free_r
 .text._malloc_r
                0x0000000008008930       0xbc c:/st/stm32cubeide_1.7.0/stm32cubeide/plugins/com.st.stm32cube.ide.mcu.externaltools.gnu-tools-for-stm32.9-2020-q2-update.win32_2.0.0.202105311346/tools/bin/../lib/gcc/arm-none-eabi/9.3.1/../../../../arm-none-eabi/lib/thumb/v6-m/nofp\libc_nano.a(lib_a-nano-mallocr.o)
                0x0000000008008930                _malloc_r
 .text.__sfputc_r
                0x00000000080089ec       0x2a c:/st/stm32cubeide_1.7.0/stm32cubeide/plugins/com.st.stm32cube.ide.mcu.externaltools.gnu-tools-for-stm32.9-2020-q2-update.win32_2.0.0.202105311346/tools/bin/../lib/gcc/arm-none-eabi/9.3.1/../../../../arm-none-eabi/lib/thumb/v6-m/nofp\libc_nano.a(lib_a-nano-vfprintf.o)
 .text.__sfputs_r
                0x0000000008008a16       0x24 c:/st/stm32cubeide_1.7.0/stm32cubeide/plugins/com.st.stm32cube.ide.mcu.externaltools.gnu-tools-for-stm32.9-2020-q2-update.win32_2.0.0.202105311346/tools/bin/../lib/gcc/arm-none-eabi/9.3.1/../../../../arm-none-eabi/lib/thumb/v6-m/nofp\libc_nano.a(lib_a-nano-vfprintf.o)
                0x0000000008008a16                __sfputs_r
 *fill*         0x0000000008008a3a        0x2 
 .text._vfprintf_r
                0x0000000008008a3c      0x274 c:/st/stm32cubeide_1.7.0/stm32cubeide/plugins/com.st.stm32cube.ide.mcu.externaltools.gnu-tools-for-stm32.9-2020-q2-update.win32_2.0.0.202105311346/tools/bin/../lib/gcc/arm-none-eabi/9.3.1/../../../../arm-none-eabi/lib/thumb/v6-m/nofp\libc_nano.a(lib_a-nano-vfprintf.o)
                0x0000000008008a3c                _vfprintf_r
                0x0000000008008a3c                _vfiprintf_r
 .text._printf_common
                0x0000000008008cb0       0xde c:/st/stm32cubeide_1.7.0/stm32cubeide/plugins/com.st.stm32cube.ide.mcu.externaltools.gnu-tools-for-stm32.9-2020-q2-update.win32_2.0.0.202105311346/tools/bin/../lib/gcc/arm-none-eabi/9.3.1/../../../../arm-none-eabi/lib/thumb/v6-m/nofp\libc_nano.a(lib_a-nano-vfprintf_i.o)
                0x0000000008008cb0                _printf_common
 *fill*         0x0000000008008d8e        0x2 
 .text._printf_i
                0x0000000008008d90      0x224 c:/st/stm32cubeide_1.7.0/stm32cubeide/plugins/com.st.stm32cube.ide.mcu.externaltools.gnu-tools-for-stm32.9-2020-q2-update.win32_2.0.0.202105311346/tools/bin/../lib/gcc/arm-none-eabi/9.3.1/../../../../arm-none-eabi/lib/thumb/v6-m/nofp\libc_nano.a(lib_a-nano-vfprintf_i.o)
                0x0000000008008d90                _printf_i
 .text._sbrk_r  0x0000000008008fb4       0x24 c:/st/stm32cubeide_1.7.0/stm32cubeide/plugins/com.st.stm32cube.ide.mcu.externaltools.gnu-tools-for-stm32.9-2020-q2-update.win32_2.0.0.202105311346/tools/bin/../lib/gcc/arm-none-eabi/9.3.1/../../../../arm-none-eabi/lib/thumb/v6-m/nofp\libc_nano.a(lib_a-sbrkr.o)
                0x0000000008008fb4                _sbrk_r
 .text.__sread  0x0000000008008fd8       0x28 c:/st/stm32cubeide_1.7.0/stm32cubeide/plugins/com.st.stm32cube.ide.mcu.externaltools.gnu-tools-for-stm32.9-2020-q2-update.win32_2.0.0.202105311346/tools/bin/../lib/gcc/arm-none-eabi/9.3.1/../../../../arm-none-eabi/lib/thumb/v6-m/nofp\libc_nano.a(lib_a-stdio.o)
                0x0000000008008fd8                __sread
 .text.__swrite
                0x0000000008009000       0x38 c:/st/stm32cubeide_1.7.0/stm32cubeide/plugins/com.st.stm32cube.ide.mcu.externaltools.gnu-tools-for-stm32.9-2020-q2-update.win32_2.0.0.202105311346/tools/bin/../lib/gcc/arm-none-eabi/9.3.1/../../../../arm-none-eabi/lib/thumb/v6-m/nofp\libc_nano.a(lib_a-stdio.o)
                0x0000000008009000                __swrite
 .text.__sseek  0x0000000008009038       0x2c c:/st/stm32cubeide_1.7.0/stm32cubeide/plugins/com.st.stm32cube.ide.mcu.externaltools.gnu-tools-for-stm32.9-2020-q2-update.win32_2.0.0.202105311346/tools/bin/../lib/gcc/arm-none-eabi/9.3.1/../../../../arm-none-eabi/lib/thumb/v6-m/nofp\libc_nano.a(lib_a-stdio.o)
                0x0000000008009038                __sseek
 .text.__sclose
                0x0000000008009064        0xc c:/st/stm32cubeide_1.7.0/stm32cubeide/plugins/com.st.stm32cube.ide.mcu.externaltools.gnu-tools-for-stm32.9-2020-q2-update.win32_2.0.0.202105311346/tools/bin/../lib/gcc/arm-none-eabi/9.3.1/../../../../arm-none-eabi/lib/thumb/v6-m/nofp\libc_nano.a(lib_a-stdio.o)
                0x0000000008009064                __sclose
 .text._write_r
                0x0000000008009070       0x28 c:/st/stm32cubeide_1.7.0/stm32cubeide/plugins/com.st.stm32cube.ide.mcu.externaltools.gnu-tools-for-stm32.9-2020-q2-update.win32_2.0.0.202105311346/tools/bin/../lib/gcc/arm-none-eabi/9.3.1/../../../../arm-none-eabi/lib/thumb/v6-m/nofp\libc_nano.a(lib_a-writer.o)
                0x0000000008009070                _write_r
 .text._close_r
                0x0000000008009098       0x24 c:/st/stm32cubeide_1.7.0/stm32cubeide/plugins/com.st.stm32cube.ide.mcu.externaltools.gnu-tools-for-stm32.9-2020-q2-update.win32_2.0.0.202105311346/tools/bin/../lib/gcc/arm-none-eabi/9.3.1/../../../../arm-none-eabi/lib/thumb/v6-m/nofp\libc_nano.a(lib_a-closer.o)
                0x0000000008009098                _close_r
 .text._fstat_r
                0x00000000080090bc       0x24 c:/st/stm32cubeide_1.7.0/stm32cubeide/plugins/com.st.stm32cube.ide.mcu.externaltools.gnu-tools-for-stm32.9-2020-q2-update.win32_2.0.0.202105311346/tools/bin/../lib/gcc/arm-none-eabi/9.3.1/../../../../arm-none-eabi/lib/thumb/v6-m/nofp\libc_nano.a(lib_a-fstatr.o)
                0x00000000080090bc                _fstat_r
 .text._isatty_r
                0x00000000080090e0       0x24 c:/st/stm32cubeide_1.7.0/stm32cubeide/plugins/com.st.stm32cube.ide.mcu.externaltools.gnu-tools-for-stm32.9-2020-q2-update.win32_2.0.0.202105311346/tools/bin/../lib/gcc/arm-none-eabi/9.3.1/../../../../arm-none-eabi/lib/thumb/v6-m/nofp\libc_nano.a(lib_a-isattyr.o)
                0x00000000080090e0                _isatty_r
 .text._lseek_r
                0x0000000008009104       0x28 c:/st/stm32cubeide_1.7.0/stm32cubeide/plugins/com.st.stm32cube.ide.mcu.externaltools.gnu-tools-for-stm32.9-2020-q2-update.win32_2.0.0.202105311346/tools/bin/../lib/gcc/arm-none-eabi/9.3.1/../../../../arm-none-eabi/lib/thumb/v6-m/nofp\libc_nano.a(lib_a-lseekr.o)
                0x0000000008009104                _lseek_r
 .text.memchr   0x000000000800912c       0x16 c:/st/stm32cubeide_1.7.0/stm32cubeide/plugins/com.st.stm32cube.ide.mcu.externaltools.gnu-tools-for-stm32.9-2020-q2-update.win32_2.0.0.202105311346/tools/bin/../lib/gcc/arm-none-eabi/9.3.1/../../../../arm-none-eabi/lib/thumb/v6-m/nofp\libc_nano.a(lib_a-memchr-stub.o)
                0x000000000800912c                memchr
 *fill*         0x0000000008009142        0x2 
 .text.__malloc_lock
                0x0000000008009144       0x10 c:/st/stm32cubeide_1.7.0/stm32cubeide/plugins/com.st.stm32cube.ide.mcu.externaltools.gnu-tools-for-stm32.9-2020-q2-update.win32_2.0.0.202105311346/tools/bin/../lib/gcc/arm-none-eabi/9.3.1/../../../../arm-none-eabi/lib/thumb/v6-m/nofp\libc_nano.a(lib_a-mlock.o)
                0x0000000008009144                __malloc_lock
 .text.__malloc_unlock
                0x0000000008009154       0x10 c:/st/stm32cubeide_1.7.0/stm32cubeide/plugins/com.st.stm32cube.ide.mcu.externaltools.gnu-tools-for-stm32.9-2020-q2-update.win32_2.0.0.202105311346/tools/bin/../lib/gcc/arm-none-eabi/9.3.1/../../../../arm-none-eabi/lib/thumb/v6-m/nofp\libc_nano.a(lib_a-mlock.o)
                0x0000000008009154                __malloc_unlock
 .text._read_r  0x0000000008009164       0x28 c:/st/stm32cubeide_1.7.0/stm32cubeide/plugins/com.st.stm32cube.ide.mcu.externaltools.gnu-tools-for-stm32.9-2020-q2-update.win32_2.0.0.202105311346/tools/bin/../lib/gcc/arm-none-eabi/9.3.1/../../../../arm-none-eabi/lib/thumb/v6-m/nofp\libc_nano.a(lib_a-readr.o)
                0x0000000008009164                _read_r
 *(.glue_7)
 .glue_7        0x000000000800918c        0x0 linker stubs
 *(.glue_7t)
 .glue_7t       0x000000000800918c        0x0 linker stubs
 *(.eh_frame)
 .eh_frame      0x000000000800918c        0x0 c:/st/stm32cubeide_1.7.0/stm32cubeide/plugins/com.st.stm32cube.ide.mcu.externaltools.gnu-tools-for-stm32.9-2020-q2-update.win32_2.0.0.202105311346/tools/bin/../lib/gcc/arm-none-eabi/9.3.1/thumb/v6-m/nofp/crtbegin.o
 *(.init)
 .init          0x000000000800918c        0x4 c:/st/stm32cubeide_1.7.0/stm32cubeide/plugins/com.st.stm32cube.ide.mcu.externaltools.gnu-tools-for-stm32.9-2020-q2-update.win32_2.0.0.202105311346/tools/bin/../lib/gcc/arm-none-eabi/9.3.1/thumb/v6-m/nofp/crti.o
                0x000000000800918c                _init
 .init          0x0000000008009190        0x8 c:/st/stm32cubeide_1.7.0/stm32cubeide/plugins/com.st.stm32cube.ide.mcu.externaltools.gnu-tools-for-stm32.9-2020-q2-update.win32_2.0.0.202105311346/tools/bin/../lib/gcc/arm-none-eabi/9.3.1/thumb/v6-m/nofp/crtn.o
 *(.fini)
 .fini          0x0000000008009198        0x4 c:/st/stm32cubeide_1.7.0/stm32cubeide/plugins/com.st.stm32cube.ide.mcu.externaltools.gnu-tools-for-stm32.9-2020-q2-update.win32_2.0.0.202105311346/tools/bin/../lib/gcc/arm-none-eabi/9.3.1/thumb/v6-m/nofp/crti.o
                0x0000000008009198                _fini
 .fini          0x000000000800919c        0x8 c:/st/stm32cubeide_1.7.0/stm32cubeide/plugins/com.st.stm32cube.ide.mcu.externaltools.gnu-tools-for-stm32.9-2020-q2-update.win32_2.0.0.202105311346/tools/bin/../lib/gcc/arm-none-eabi/9.3.1/thumb/v6-m/nofp/crtn.o
                0x00000000080091a4                . = ALIGN (0x4)
                0x00000000080091a4                _etext = .

.vfp11_veneer   0x00000000080091a4        0x0
 .vfp11_veneer  0x00000000080091a4        0x0 linker stubs

.v4_bx          0x00000000080091a4        0x0
 .v4_bx         0x00000000080091a4        0x0 linker stubs

.iplt           0x00000000080091a4        0x0
 .iplt          0x00000000080091a4        0x0 c:/st/stm32cubeide_1.7.0/stm32cubeide/plugins/com.st.stm32cube.ide.mcu.externaltools.gnu-tools-for-stm32.9-2020-q2-update.win32_2.0.0.202105311346/tools/bin/../lib/gcc/arm-none-eabi/9.3.1/thumb/v6-m/nofp/crtbegin.o

.rodata         0x00000000080091a4      0x170
                0x00000000080091a4                . = ALIGN (0x4)
 *(.rodata)
 .rodata        0x00000000080091a4       0x26 ./Core/Src/main.o
 *(.rodata*)
 .rodata.LED_Driver_All_Power.8078
                0x00000000080091ca        0x1 ./Core/Src/IS31FL3237.o
 .rodata.LED_array_Power_G.8081
                0x00000000080091cb        0x1 ./Core/Src/IS31FL3237.o
 .rodata.LED_Driver_Each_Power.8079
                0x00000000080091cc        0x1 ./Core/Src/IS31FL3237.o
 .rodata.LED_array_Power_R.8080
                0x00000000080091cd        0x1 ./Core/Src/IS31FL3237.o
 .rodata.LED_Power_R.8082
                0x00000000080091ce        0x1 ./Core/Src/IS31FL3237.o
 .rodata.LED_Power_G.8083
                0x00000000080091cf        0x1 ./Core/Src/IS31FL3237.o
 .rodata.LED_Power_B.8084
                0x00000000080091d0        0x1 ./Core/Src/IS31FL3237.o
 .rodata.LED_Driver_PWM_Value.8085
                0x00000000080091d1        0x1 ./Core/Src/IS31FL3237.o
 *fill*         0x00000000080091d2        0x2 
 .rodata.Task_ButtonGroup
                0x00000000080091d4       0x2c ./Core/Src/main.o
 .rodata.ExecuteBTNevent.10327
                0x0000000008009200        0x1 ./Core/Src/main.o
 .rodata.HoldOnExecuteBTN.10328
                0x0000000008009201        0x1 ./Core/Src/main.o
 *fill*         0x0000000008009202        0x2 
 .rodata.AHBPrescTable
                0x0000000008009204       0x40 ./Core/Src/system_stm32g0xx.o
                0x0000000008009204                AHBPrescTable
 .rodata.APBPrescTable
                0x0000000008009244       0x20 ./Core/Src/system_stm32g0xx.o
                0x0000000008009244                APBPrescTable
 .rodata.UARTPrescTable
                0x0000000008009264       0x18 ./Drivers/STM32G0xx_HAL_Driver/stm32g0xx_hal_uart.o
                0x0000000008009264                UARTPrescTable
 .rodata._global_impure_ptr
                0x000000000800927c        0x4 c:/st/stm32cubeide_1.7.0/stm32cubeide/plugins/com.st.stm32cube.ide.mcu.externaltools.gnu-tools-for-stm32.9-2020-q2-update.win32_2.0.0.202105311346/tools/bin/../lib/gcc/arm-none-eabi/9.3.1/../../../../arm-none-eabi/lib/thumb/v6-m/nofp\libc_nano.a(lib_a-impure.o)
                0x000000000800927c                _global_impure_ptr
 .rodata.__sf_fake_stderr
                0x0000000008009280       0x20 c:/st/stm32cubeide_1.7.0/stm32cubeide/plugins/com.st.stm32cube.ide.mcu.externaltools.gnu-tools-for-stm32.9-2020-q2-update.win32_2.0.0.202105311346/tools/bin/../lib/gcc/arm-none-eabi/9.3.1/../../../../arm-none-eabi/lib/thumb/v6-m/nofp\libc_nano.a(lib_a-findfp.o)
                0x0000000008009280                __sf_fake_stderr
 .rodata.__sf_fake_stdin
                0x00000000080092a0       0x20 c:/st/stm32cubeide_1.7.0/stm32cubeide/plugins/com.st.stm32cube.ide.mcu.externaltools.gnu-tools-for-stm32.9-2020-q2-update.win32_2.0.0.202105311346/tools/bin/../lib/gcc/arm-none-eabi/9.3.1/../../../../arm-none-eabi/lib/thumb/v6-m/nofp\libc_nano.a(lib_a-findfp.o)
                0x00000000080092a0                __sf_fake_stdin
 .rodata.__sf_fake_stdout
                0x00000000080092c0       0x20 c:/st/stm32cubeide_1.7.0/stm32cubeide/plugins/com.st.stm32cube.ide.mcu.externaltools.gnu-tools-for-stm32.9-2020-q2-update.win32_2.0.0.202105311346/tools/bin/../lib/gcc/arm-none-eabi/9.3.1/../../../../arm-none-eabi/lib/thumb/v6-m/nofp\libc_nano.a(lib_a-findfp.o)
                0x00000000080092c0                __sf_fake_stdout
 .rodata._vfprintf_r.str1.1
                0x00000000080092e0       0x11 c:/st/stm32cubeide_1.7.0/stm32cubeide/plugins/com.st.stm32cube.ide.mcu.externaltools.gnu-tools-for-stm32.9-2020-q2-update.win32_2.0.0.202105311346/tools/bin/../lib/gcc/arm-none-eabi/9.3.1/../../../../arm-none-eabi/lib/thumb/v6-m/nofp\libc_nano.a(lib_a-nano-vfprintf.o)
 .rodata._printf_i.str1.1
                0x00000000080092f1       0x22 c:/st/stm32cubeide_1.7.0/stm32cubeide/plugins/com.st.stm32cube.ide.mcu.externaltools.gnu-tools-for-stm32.9-2020-q2-update.win32_2.0.0.202105311346/tools/bin/../lib/gcc/arm-none-eabi/9.3.1/../../../../arm-none-eabi/lib/thumb/v6-m/nofp\libc_nano.a(lib_a-nano-vfprintf_i.o)
                0x0000000008009314                . = ALIGN (0x4)
 *fill*         0x0000000008009313        0x1 

.rel.dyn        0x0000000008009314        0x0
 .rel.iplt      0x0000000008009314        0x0 c:/st/stm32cubeide_1.7.0/stm32cubeide/plugins/com.st.stm32cube.ide.mcu.externaltools.gnu-tools-for-stm32.9-2020-q2-update.win32_2.0.0.202105311346/tools/bin/../lib/gcc/arm-none-eabi/9.3.1/thumb/v6-m/nofp/crtbegin.o

.ARM.extab      0x0000000008009314        0x0
                0x0000000008009314                . = ALIGN (0x4)
 *(.ARM.extab* .gnu.linkonce.armextab.*)
                0x0000000008009314                . = ALIGN (0x4)

.ARM            0x0000000008009314        0x0
                0x0000000008009314                . = ALIGN (0x4)
                0x0000000008009314                __exidx_start = .
 *(.ARM.exidx*)
                0x0000000008009314                __exidx_end = .
                0x0000000008009314                . = ALIGN (0x4)

.preinit_array  0x0000000008009314        0x0
                0x0000000008009314                . = ALIGN (0x4)
                0x0000000008009314                PROVIDE (__preinit_array_start = .)
 *(.preinit_array*)
                0x0000000008009314                PROVIDE (__preinit_array_end = .)
                0x0000000008009314                . = ALIGN (0x4)

.init_array     0x0000000008009314        0x4
                0x0000000008009314                . = ALIGN (0x4)
                0x0000000008009314                PROVIDE (__init_array_start = .)
 *(SORT_BY_NAME(.init_array.*))
 *(.init_array*)
 .init_array    0x0000000008009314        0x4 c:/st/stm32cubeide_1.7.0/stm32cubeide/plugins/com.st.stm32cube.ide.mcu.externaltools.gnu-tools-for-stm32.9-2020-q2-update.win32_2.0.0.202105311346/tools/bin/../lib/gcc/arm-none-eabi/9.3.1/thumb/v6-m/nofp/crtbegin.o
                0x0000000008009318                PROVIDE (__init_array_end = .)
                0x0000000008009318                . = ALIGN (0x4)

.fini_array     0x0000000008009318        0x4
                0x0000000008009318                . = ALIGN (0x4)
                [!provide]                        PROVIDE (__fini_array_start = .)
 *(SORT_BY_NAME(.fini_array.*))
 *(.fini_array*)
 .fini_array    0x0000000008009318        0x4 c:/st/stm32cubeide_1.7.0/stm32cubeide/plugins/com.st.stm32cube.ide.mcu.externaltools.gnu-tools-for-stm32.9-2020-q2-update.win32_2.0.0.202105311346/tools/bin/../lib/gcc/arm-none-eabi/9.3.1/thumb/v6-m/nofp/crtbegin.o
                [!provide]                        PROVIDE (__fini_array_end = .)
                0x000000000800931c                . = ALIGN (0x4)
                0x000000000800931c                _sidata = LOADADDR (.data)

.data           0x0000000020000000       0x70 load address 0x000000000800931c
                0x0000000020000000                . = ALIGN (0x4)
                0x0000000020000000                _sdata = .
 *(.data)
 *(.data*)
 .data.SystemCoreClock
                0x0000000020000000        0x4 ./Core/Src/system_stm32g0xx.o
                0x0000000020000000                SystemCoreClock
 .data.uwTickPrio
                0x0000000020000004        0x4 ./Drivers/STM32G0xx_HAL_Driver/stm32g0xx_hal.o
                0x0000000020000004                uwTickPrio
 .data.uwTickFreq
                0x0000000020000008        0x1 ./Drivers/STM32G0xx_HAL_Driver/stm32g0xx_hal.o
                0x0000000020000008                uwTickFreq
 *fill*         0x0000000020000009        0x3 
 .data._impure_ptr
                0x000000002000000c        0x4 c:/st/stm32cubeide_1.7.0/stm32cubeide/plugins/com.st.stm32cube.ide.mcu.externaltools.gnu-tools-for-stm32.9-2020-q2-update.win32_2.0.0.202105311346/tools/bin/../lib/gcc/arm-none-eabi/9.3.1/../../../../arm-none-eabi/lib/thumb/v6-m/nofp\libc_nano.a(lib_a-impure.o)
                0x000000002000000c                _impure_ptr
 .data.impure_data
                0x0000000020000010       0x60 c:/st/stm32cubeide_1.7.0/stm32cubeide/plugins/com.st.stm32cube.ide.mcu.externaltools.gnu-tools-for-stm32.9-2020-q2-update.win32_2.0.0.202105311346/tools/bin/../lib/gcc/arm-none-eabi/9.3.1/../../../../arm-none-eabi/lib/thumb/v6-m/nofp\libc_nano.a(lib_a-impure.o)
 *(.RamFunc)
 *(.RamFunc*)
                0x0000000020000070                . = ALIGN (0x4)
                0x0000000020000070                _edata = .

.igot.plt       0x0000000020000070        0x0 load address 0x000000000800938c
 .igot.plt      0x0000000020000070        0x0 c:/st/stm32cubeide_1.7.0/stm32cubeide/plugins/com.st.stm32cube.ide.mcu.externaltools.gnu-tools-for-stm32.9-2020-q2-update.win32_2.0.0.202105311346/tools/bin/../lib/gcc/arm-none-eabi/9.3.1/thumb/v6-m/nofp/crtbegin.o
                0x0000000020000070                . = ALIGN (0x4)

.bss            0x0000000020000070      0x3bc load address 0x000000000800938c
                0x0000000020000070                _sbss = .
                0x0000000020000070                __bss_start__ = _sbss
 *(.bss)
 .bss           0x0000000020000070       0x1c c:/st/stm32cubeide_1.7.0/stm32cubeide/plugins/com.st.stm32cube.ide.mcu.externaltools.gnu-tools-for-stm32.9-2020-q2-update.win32_2.0.0.202105311346/tools/bin/../lib/gcc/arm-none-eabi/9.3.1/thumb/v6-m/nofp/crtbegin.o
 *(.bss*)
 .bss.arrayLED  0x000000002000008c        0x4 ./Core/Src/IS31FL3237.o
                0x000000002000008c                arrayLED
 .bss.LED9      0x0000000020000090        0x1 ./Core/Src/IS31FL3237.o
                0x0000000020000090                LED9
 .bss.SW3_LED19
                0x0000000020000091        0x1 ./Core/Src/IS31FL3237.o
                0x0000000020000091                SW3_LED19
 .bss.SW3_LED20
                0x0000000020000092        0x1 ./Core/Src/IS31FL3237.o
                0x0000000020000092                SW3_LED20
 .bss.SW3_LED21
                0x0000000020000093        0x1 ./Core/Src/IS31FL3237.o
                0x0000000020000093                SW3_LED21
 .bss.SW4_LED15
                0x0000000020000094        0x1 ./Core/Src/IS31FL3237.o
                0x0000000020000094                SW4_LED15
 .bss.SW4_LED16
                0x0000000020000095        0x1 ./Core/Src/IS31FL3237.o
                0x0000000020000095                SW4_LED16
 .bss.SW4_LED18
                0x0000000020000096        0x1 ./Core/Src/IS31FL3237.o
                0x0000000020000096                SW4_LED18
 .bss.SW5_LED13
                0x0000000020000097        0x1 ./Core/Src/IS31FL3237.o
                0x0000000020000097                SW5_LED13
 .bss.SW5_LED14
                0x0000000020000098        0x1 ./Core/Src/IS31FL3237.o
                0x0000000020000098                SW5_LED14
 .bss.SW5_LED17
                0x0000000020000099        0x1 ./Core/Src/IS31FL3237.o
                0x0000000020000099                SW5_LED17
 .bss.SW6_LED10
                0x000000002000009a        0x1 ./Core/Src/IS31FL3237.o
                0x000000002000009a                SW6_LED10
 .bss.SW6_LED11
                0x000000002000009b        0x1 ./Core/Src/IS31FL3237.o
                0x000000002000009b                SW6_LED11
 .bss.SW6_LED12
                0x000000002000009c        0x1 ./Core/Src/IS31FL3237.o
                0x000000002000009c                SW6_LED12
 *fill*         0x000000002000009d        0x3 
 .bss.arrayLED_Save.8090
                0x00000000200000a0        0x8 ./Core/Src/IS31FL3237.o
 .bss.LED9_Save.8091
                0x00000000200000a8        0x4 ./Core/Src/IS31FL3237.o
 .bss.SW3_LED19_Save.8092
                0x00000000200000ac        0x4 ./Core/Src/IS31FL3237.o
 .bss.SW3_LED20_Save.8093
                0x00000000200000b0        0x4 ./Core/Src/IS31FL3237.o
 .bss.SW3_LED21_Save.8094
                0x00000000200000b4        0x4 ./Core/Src/IS31FL3237.o
 .bss.SW4_LED15_Save.8095
                0x00000000200000b8        0x4 ./Core/Src/IS31FL3237.o
 .bss.SW4_LED16_Save.8096
                0x00000000200000bc        0x4 ./Core/Src/IS31FL3237.o
 .bss.SW4_LED18_Save.8097
                0x00000000200000c0        0x4 ./Core/Src/IS31FL3237.o
 .bss.SW5_LED13_Save.8098
                0x00000000200000c4        0x4 ./Core/Src/IS31FL3237.o
 .bss.SW5_LED14_Save.8099
                0x00000000200000c8        0x4 ./Core/Src/IS31FL3237.o
 .bss.SW5_LED17_Save.8100
                0x00000000200000cc        0x4 ./Core/Src/IS31FL3237.o
 .bss.SW6_LED10_Save.8101
                0x00000000200000d0        0x4 ./Core/Src/IS31FL3237.o
 .bss.SW6_LED11_Save.8102
                0x00000000200000d4        0x4 ./Core/Src/IS31FL3237.o
 .bss.SW6_LED12_Save.8103
                0x00000000200000d8        0x4 ./Core/Src/IS31FL3237.o
 .bss.Rx_Data_GetCMD_flag
                0x00000000200000dc        0x1 ./Core/Src/main.o
                0x00000000200000dc                Rx_Data_GetCMD_flag
 .bss.Rx_Data_cnt
                0x00000000200000dd        0x1 ./Core/Src/main.o
                0x00000000200000dd                Rx_Data_cnt
 *fill*         0x00000000200000de        0x2 
 .bss.Rx_Data   0x00000000200000e0      0x100 ./Core/Src/main.o
                0x00000000200000e0                Rx_Data
 .bss.Getchar   0x00000000200001e0        0x1 ./Core/Src/main.o
                0x00000000200001e0                Getchar
 .bss.isSW5_Headphone_button_Mute
                0x00000000200001e1        0x1 ./Core/Src/main.o
                0x00000000200001e1                isSW5_Headphone_button_Mute
 .bss.SW6_Pattern_button_ID
                0x00000000200001e2        0x1 ./Core/Src/main.o
                0x00000000200001e2                SW6_Pattern_button_ID
 .bss.SW2_Preset_button_ID
                0x00000000200001e3        0x1 ./Core/Src/main.o
                0x00000000200001e3                SW2_Preset_button_ID
 .bss.u8PresetLED
                0x00000000200001e4        0x1 ./Core/Src/main.o
                0x00000000200001e4                u8PresetLED
 *fill*         0x00000000200001e5        0x1 
 .bss.uwTick_10ms
                0x00000000200001e6        0x2 ./Core/Src/main.o
                0x00000000200001e6                uwTick_10ms
 .bss.uwTick_50ms
                0x00000000200001e8        0x2 ./Core/Src/main.o
                0x00000000200001e8                uwTick_50ms
 .bss.uwTick_100ms
                0x00000000200001ea        0x2 ./Core/Src/main.o
                0x00000000200001ea                uwTick_100ms
 .bss.uwTick_1s
                0x00000000200001ec        0x2 ./Core/Src/main.o
                0x00000000200001ec                uwTick_1s
 *fill*         0x00000000200001ee        0x2 
 .bss.ADC_ConvertedValue
                0x00000000200001f0       0x10 ./Core/Src/main.o
                0x00000000200001f0                ADC_ConvertedValue
 .bss.Rx_Data_cnt_Private.10303
                0x0000000020000200        0x1 ./Core/Src/main.o
 *fill*         0x0000000020000201        0x3 
 .bss.btnCNT.10325
                0x0000000020000204        0x5 ./Core/Src/main.o
 .bss.LED_Toggle.10348
                0x0000000020000209        0x1 ./Core/Src/main.o
 .bss.LED_Toggle.10349
                0x000000002000020a        0x1 ./Core/Src/main.o
 *fill*         0x000000002000020b        0x1 
 .bss.PG_VR.10353
                0x000000002000020c        0x4 ./Core/Src/main.o
 .bss.Mic_VR.10357
                0x0000000020000210        0x4 ./Core/Src/main.o
 .bss.Mix_VR.10361
                0x0000000020000214        0x4 ./Core/Src/main.o
 .bss.HP_VR.10365
                0x0000000020000218        0x4 ./Core/Src/main.o
 .bss.u8PresetLED_Save.10369
                0x000000002000021c        0x4 ./Core/Src/main.o
 .bss.__sbrk_heap_end
                0x0000000020000220        0x4 ./Core/Src/sysmem.o
 .bss.__malloc_free_list
                0x0000000020000224        0x4 c:/st/stm32cubeide_1.7.0/stm32cubeide/plugins/com.st.stm32cube.ide.mcu.externaltools.gnu-tools-for-stm32.9-2020-q2-update.win32_2.0.0.202105311346/tools/bin/../lib/gcc/arm-none-eabi/9.3.1/../../../../arm-none-eabi/lib/thumb/v6-m/nofp\libc_nano.a(lib_a-nano-mallocr.o)
                0x0000000020000224                __malloc_free_list
 .bss.__malloc_sbrk_start
                0x0000000020000228        0x4 c:/st/stm32cubeide_1.7.0/stm32cubeide/plugins/com.st.stm32cube.ide.mcu.externaltools.gnu-tools-for-stm32.9-2020-q2-update.win32_2.0.0.202105311346/tools/bin/../lib/gcc/arm-none-eabi/9.3.1/../../../../arm-none-eabi/lib/thumb/v6-m/nofp\libc_nano.a(lib_a-nano-mallocr.o)
                0x0000000020000228                __malloc_sbrk_start
 *(COMMON)
 COMMON         0x000000002000022c      0x1ec ./Core/Src/main.o
                0x000000002000022c                hi2c1
                0x0000000020000278                hadc1
                0x00000000200002dc                hdma_adc1
                0x0000000020000338                htim1
                0x0000000020000384                huart2
                0x0000000020000414                uwTick_Private
 COMMON         0x0000000020000418        0x4 ./Drivers/STM32G0xx_HAL_Driver/stm32g0xx_hal.o
                0x0000000020000418                uwTick
 COMMON         0x000000002000041c        0x9 c:/st/stm32cubeide_1.7.0/stm32cubeide/plugins/com.st.stm32cube.ide.mcu.externaltools.gnu-tools-for-stm32.9-2020-q2-update.win32_2.0.0.202105311346/tools/bin/../lib/gcc/arm-none-eabi/9.3.1/../../../../arm-none-eabi/lib/thumb/v6-m/nofp\libc_nano.a(lib_a-lock.o)
                0x000000002000041c                __lock___atexit_recursive_mutex
                0x000000002000041d                __lock___arc4random_mutex
                0x000000002000041e                __lock___env_recursive_mutex
                0x000000002000041f                __lock___sinit_recursive_mutex
                0x0000000020000420                __lock___malloc_recursive_mutex
                0x0000000020000421                __lock___at_quick_exit_mutex
                0x0000000020000422                __lock___dd_hash_mutex
                0x0000000020000423                __lock___tz_mutex
                0x0000000020000424                __lock___sfp_recursive_mutex
 *fill*         0x0000000020000425        0x3 
 COMMON         0x0000000020000428        0x4 c:/st/stm32cubeide_1.7.0/stm32cubeide/plugins/com.st.stm32cube.ide.mcu.externaltools.gnu-tools-for-stm32.9-2020-q2-update.win32_2.0.0.202105311346/tools/bin/../lib/gcc/arm-none-eabi/9.3.1/../../../../arm-none-eabi/lib/thumb/v6-m/nofp\libc_nano.a(lib_a-reent.o)
                0x0000000020000428                errno
                0x000000002000042c                . = ALIGN (0x4)
                0x000000002000042c                _ebss = .
                0x000000002000042c                __bss_end__ = _ebss

._user_heap_stack
                0x000000002000042c      0x604 load address 0x000000000800938c
                0x0000000020000430                . = ALIGN (0x8)
 *fill*         0x000000002000042c        0x4 
                [!provide]                        PROVIDE (end = .)
                0x0000000020000430                PROVIDE (_end = .)
                0x0000000020000630                . = (. + _Min_Heap_Size)
 *fill*         0x0000000020000430      0x200 
                0x0000000020000a30                . = (. + _Min_Stack_Size)
 *fill*         0x0000000020000630      0x400 
                0x0000000020000a30                . = ALIGN (0x8)

/DISCARD/
 libc.a(*)
 libm.a(*)
 libgcc.a(*)

.ARM.attributes
                0x0000000000000000       0x28
 *(.ARM.attributes)
 .ARM.attributes
                0x0000000000000000       0x1e c:/st/stm32cubeide_1.7.0/stm32cubeide/plugins/com.st.stm32cube.ide.mcu.externaltools.gnu-tools-for-stm32.9-2020-q2-update.win32_2.0.0.202105311346/tools/bin/../lib/gcc/arm-none-eabi/9.3.1/thumb/v6-m/nofp/crti.o
 .ARM.attributes
                0x000000000000001e       0x2c c:/st/stm32cubeide_1.7.0/stm32cubeide/plugins/com.st.stm32cube.ide.mcu.externaltools.gnu-tools-for-stm32.9-2020-q2-update.win32_2.0.0.202105311346/tools/bin/../lib/gcc/arm-none-eabi/9.3.1/thumb/v6-m/nofp/crtbegin.o
 .ARM.attributes
                0x000000000000004a       0x2c ./Core/Src/IS31FL3237.o
 .ARM.attributes
                0x0000000000000076       0x2c ./Core/Src/main.o
 .ARM.attributes
                0x00000000000000a2       0x2c ./Core/Src/stm32g0xx_hal_msp.o
 .ARM.attributes
                0x00000000000000ce       0x2c ./Core/Src/stm32g0xx_it.o
 .ARM.attributes
                0x00000000000000fa       0x2c ./Core/Src/syscalls.o
 .ARM.attributes
                0x0000000000000126       0x2c ./Core/Src/sysmem.o
 .ARM.attributes
                0x0000000000000152       0x2c ./Core/Src/system_stm32g0xx.o
 .ARM.attributes
                0x000000000000017e       0x22 ./Core/Startup/startup_stm32g030k8tx.o
 .ARM.attributes
                0x00000000000001a0       0x2c ./Drivers/STM32G0xx_HAL_Driver/stm32g0xx_hal.o
 .ARM.attributes
                0x00000000000001cc       0x2c ./Drivers/STM32G0xx_HAL_Driver/stm32g0xx_hal_adc.o
 .ARM.attributes
                0x00000000000001f8       0x2c ./Drivers/STM32G0xx_HAL_Driver/stm32g0xx_hal_cortex.o
 .ARM.attributes
                0x0000000000000224       0x2c ./Drivers/STM32G0xx_HAL_Driver/stm32g0xx_hal_dma.o
 .ARM.attributes
                0x0000000000000250       0x2c ./Drivers/STM32G0xx_HAL_Driver/stm32g0xx_hal_gpio.o
 .ARM.attributes
                0x000000000000027c       0x2c ./Drivers/STM32G0xx_HAL_Driver/stm32g0xx_hal_i2c.o
 .ARM.attributes
                0x00000000000002a8       0x2c ./Drivers/STM32G0xx_HAL_Driver/stm32g0xx_hal_i2c_ex.o
 .ARM.attributes
                0x00000000000002d4       0x2c ./Drivers/STM32G0xx_HAL_Driver/stm32g0xx_hal_pwr_ex.o
 .ARM.attributes
                0x0000000000000300       0x2c ./Drivers/STM32G0xx_HAL_Driver/stm32g0xx_hal_rcc.o
 .ARM.attributes
                0x000000000000032c       0x2c ./Drivers/STM32G0xx_HAL_Driver/stm32g0xx_hal_rcc_ex.o
 .ARM.attributes
                0x0000000000000358       0x2c ./Drivers/STM32G0xx_HAL_Driver/stm32g0xx_hal_tim.o
 .ARM.attributes
                0x0000000000000384       0x2c ./Drivers/STM32G0xx_HAL_Driver/stm32g0xx_hal_tim_ex.o
 .ARM.attributes
                0x00000000000003b0       0x2c ./Drivers/STM32G0xx_HAL_Driver/stm32g0xx_hal_uart.o
 .ARM.attributes
                0x00000000000003dc       0x2c ./Drivers/STM32G0xx_HAL_Driver/stm32g0xx_hal_uart_ex.o
 .ARM.attributes
                0x0000000000000408       0x2c c:/st/stm32cubeide_1.7.0/stm32cubeide/plugins/com.st.stm32cube.ide.mcu.externaltools.gnu-tools-for-stm32.9-2020-q2-update.win32_2.0.0.202105311346/tools/bin/../lib/gcc/arm-none-eabi/9.3.1/../../../../arm-none-eabi/lib/thumb/v6-m/nofp\libc_nano.a(lib_a-errno.o)
 .ARM.attributes
                0x0000000000000434       0x2c c:/st/stm32cubeide_1.7.0/stm32cubeide/plugins/com.st.stm32cube.ide.mcu.externaltools.gnu-tools-for-stm32.9-2020-q2-update.win32_2.0.0.202105311346/tools/bin/../lib/gcc/arm-none-eabi/9.3.1/../../../../arm-none-eabi/lib/thumb/v6-m/nofp\libc_nano.a(lib_a-impure.o)
 .ARM.attributes
                0x0000000000000460       0x2c c:/st/stm32cubeide_1.7.0/stm32cubeide/plugins/com.st.stm32cube.ide.mcu.externaltools.gnu-tools-for-stm32.9-2020-q2-update.win32_2.0.0.202105311346/tools/bin/../lib/gcc/arm-none-eabi/9.3.1/../../../../arm-none-eabi/lib/thumb/v6-m/nofp\libc_nano.a(lib_a-init.o)
 .ARM.attributes
                0x000000000000048c       0x2c c:/st/stm32cubeide_1.7.0/stm32cubeide/plugins/com.st.stm32cube.ide.mcu.externaltools.gnu-tools-for-stm32.9-2020-q2-update.win32_2.0.0.202105311346/tools/bin/../lib/gcc/arm-none-eabi/9.3.1/../../../../arm-none-eabi/lib/thumb/v6-m/nofp\libc_nano.a(lib_a-memset.o)
 .ARM.attributes
                0x00000000000004b8       0x2c c:/st/stm32cubeide_1.7.0/stm32cubeide/plugins/com.st.stm32cube.ide.mcu.externaltools.gnu-tools-for-stm32.9-2020-q2-update.win32_2.0.0.202105311346/tools/bin/../lib/gcc/arm-none-eabi/9.3.1/../../../../arm-none-eabi/lib/thumb/v6-m/nofp\libc_nano.a(lib_a-printf.o)
 .ARM.attributes
                0x00000000000004e4       0x2c c:/st/stm32cubeide_1.7.0/stm32cubeide/plugins/com.st.stm32cube.ide.mcu.externaltools.gnu-tools-for-stm32.9-2020-q2-update.win32_2.0.0.202105311346/tools/bin/../lib/gcc/arm-none-eabi/9.3.1/../../../../arm-none-eabi/lib/thumb/v6-m/nofp\libc_nano.a(lib_a-puts.o)
 .ARM.attributes
                0x0000000000000510       0x2c c:/st/stm32cubeide_1.7.0/stm32cubeide/plugins/com.st.stm32cube.ide.mcu.externaltools.gnu-tools-for-stm32.9-2020-q2-update.win32_2.0.0.202105311346/tools/bin/../lib/gcc/arm-none-eabi/9.3.1/../../../../arm-none-eabi/lib/thumb/v6-m/nofp\libc_nano.a(lib_a-wbuf.o)
 .ARM.attributes
                0x000000000000053c       0x2c c:/st/stm32cubeide_1.7.0/stm32cubeide/plugins/com.st.stm32cube.ide.mcu.externaltools.gnu-tools-for-stm32.9-2020-q2-update.win32_2.0.0.202105311346/tools/bin/../lib/gcc/arm-none-eabi/9.3.1/../../../../arm-none-eabi/lib/thumb/v6-m/nofp\libc_nano.a(lib_a-wsetup.o)
 .ARM.attributes
                0x0000000000000568       0x2c c:/st/stm32cubeide_1.7.0/stm32cubeide/plugins/com.st.stm32cube.ide.mcu.externaltools.gnu-tools-for-stm32.9-2020-q2-update.win32_2.0.0.202105311346/tools/bin/../lib/gcc/arm-none-eabi/9.3.1/../../../../arm-none-eabi/lib/thumb/v6-m/nofp\libc_nano.a(lib_a-fflush.o)
 .ARM.attributes
                0x0000000000000594       0x2c c:/st/stm32cubeide_1.7.0/stm32cubeide/plugins/com.st.stm32cube.ide.mcu.externaltools.gnu-tools-for-stm32.9-2020-q2-update.win32_2.0.0.202105311346/tools/bin/../lib/gcc/arm-none-eabi/9.3.1/../../../../arm-none-eabi/lib/thumb/v6-m/nofp\libc_nano.a(lib_a-findfp.o)
 .ARM.attributes
                0x00000000000005c0       0x2c c:/st/stm32cubeide_1.7.0/stm32cubeide/plugins/com.st.stm32cube.ide.mcu.externaltools.gnu-tools-for-stm32.9-2020-q2-update.win32_2.0.0.202105311346/tools/bin/../lib/gcc/arm-none-eabi/9.3.1/../../../../arm-none-eabi/lib/thumb/v6-m/nofp\libc_nano.a(lib_a-fwalk.o)
 .ARM.attributes
                0x00000000000005ec       0x2c c:/st/stm32cubeide_1.7.0/stm32cubeide/plugins/com.st.stm32cube.ide.mcu.externaltools.gnu-tools-for-stm32.9-2020-q2-update.win32_2.0.0.202105311346/tools/bin/../lib/gcc/arm-none-eabi/9.3.1/../../../../arm-none-eabi/lib/thumb/v6-m/nofp\libc_nano.a(lib_a-lock.o)
 .ARM.attributes
                0x0000000000000618       0x2c c:/st/stm32cubeide_1.7.0/stm32cubeide/plugins/com.st.stm32cube.ide.mcu.externaltools.gnu-tools-for-stm32.9-2020-q2-update.win32_2.0.0.202105311346/tools/bin/../lib/gcc/arm-none-eabi/9.3.1/../../../../arm-none-eabi/lib/thumb/v6-m/nofp\libc_nano.a(lib_a-makebuf.o)
 .ARM.attributes
                0x0000000000000644       0x2c c:/st/stm32cubeide_1.7.0/stm32cubeide/plugins/com.st.stm32cube.ide.mcu.externaltools.gnu-tools-for-stm32.9-2020-q2-update.win32_2.0.0.202105311346/tools/bin/../lib/gcc/arm-none-eabi/9.3.1/../../../../arm-none-eabi/lib/thumb/v6-m/nofp\libc_nano.a(lib_a-nano-freer.o)
 .ARM.attributes
                0x0000000000000670       0x2c c:/st/stm32cubeide_1.7.0/stm32cubeide/plugins/com.st.stm32cube.ide.mcu.externaltools.gnu-tools-for-stm32.9-2020-q2-update.win32_2.0.0.202105311346/tools/bin/../lib/gcc/arm-none-eabi/9.3.1/../../../../arm-none-eabi/lib/thumb/v6-m/nofp\libc_nano.a(lib_a-nano-mallocr.o)
 .ARM.attributes
                0x000000000000069c       0x2c c:/st/stm32cubeide_1.7.0/stm32cubeide/plugins/com.st.stm32cube.ide.mcu.externaltools.gnu-tools-for-stm32.9-2020-q2-update.win32_2.0.0.202105311346/tools/bin/../lib/gcc/arm-none-eabi/9.3.1/../../../../arm-none-eabi/lib/thumb/v6-m/nofp\libc_nano.a(lib_a-nano-vfprintf.o)
 .ARM.attributes
                0x00000000000006c8       0x2c c:/st/stm32cubeide_1.7.0/stm32cubeide/plugins/com.st.stm32cube.ide.mcu.externaltools.gnu-tools-for-stm32.9-2020-q2-update.win32_2.0.0.202105311346/tools/bin/../lib/gcc/arm-none-eabi/9.3.1/../../../../arm-none-eabi/lib/thumb/v6-m/nofp\libc_nano.a(lib_a-nano-vfprintf_i.o)
 .ARM.attributes
                0x00000000000006f4       0x2c c:/st/stm32cubeide_1.7.0/stm32cubeide/plugins/com.st.stm32cube.ide.mcu.externaltools.gnu-tools-for-stm32.9-2020-q2-update.win32_2.0.0.202105311346/tools/bin/../lib/gcc/arm-none-eabi/9.3.1/../../../../arm-none-eabi/lib/thumb/v6-m/nofp\libc_nano.a(lib_a-sbrkr.o)
 .ARM.attributes
                0x0000000000000720       0x2c c:/st/stm32cubeide_1.7.0/stm32cubeide/plugins/com.st.stm32cube.ide.mcu.externaltools.gnu-tools-for-stm32.9-2020-q2-update.win32_2.0.0.202105311346/tools/bin/../lib/gcc/arm-none-eabi/9.3.1/../../../../arm-none-eabi/lib/thumb/v6-m/nofp\libc_nano.a(lib_a-stdio.o)
 .ARM.attributes
                0x000000000000074c       0x2c c:/st/stm32cubeide_1.7.0/stm32cubeide/plugins/com.st.stm32cube.ide.mcu.externaltools.gnu-tools-for-stm32.9-2020-q2-update.win32_2.0.0.202105311346/tools/bin/../lib/gcc/arm-none-eabi/9.3.1/../../../../arm-none-eabi/lib/thumb/v6-m/nofp\libc_nano.a(lib_a-writer.o)
 .ARM.attributes
                0x0000000000000778       0x2c c:/st/stm32cubeide_1.7.0/stm32cubeide/plugins/com.st.stm32cube.ide.mcu.externaltools.gnu-tools-for-stm32.9-2020-q2-update.win32_2.0.0.202105311346/tools/bin/../lib/gcc/arm-none-eabi/9.3.1/../../../../arm-none-eabi/lib/thumb/v6-m/nofp\libc_nano.a(lib_a-closer.o)
 .ARM.attributes
                0x00000000000007a4       0x2c c:/st/stm32cubeide_1.7.0/stm32cubeide/plugins/com.st.stm32cube.ide.mcu.externaltools.gnu-tools-for-stm32.9-2020-q2-update.win32_2.0.0.202105311346/tools/bin/../lib/gcc/arm-none-eabi/9.3.1/../../../../arm-none-eabi/lib/thumb/v6-m/nofp\libc_nano.a(lib_a-fstatr.o)
 .ARM.attributes
                0x00000000000007d0       0x2c c:/st/stm32cubeide_1.7.0/stm32cubeide/plugins/com.st.stm32cube.ide.mcu.externaltools.gnu-tools-for-stm32.9-2020-q2-update.win32_2.0.0.202105311346/tools/bin/../lib/gcc/arm-none-eabi/9.3.1/../../../../arm-none-eabi/lib/thumb/v6-m/nofp\libc_nano.a(lib_a-isattyr.o)
 .ARM.attributes
                0x00000000000007fc       0x2c c:/st/stm32cubeide_1.7.0/stm32cubeide/plugins/com.st.stm32cube.ide.mcu.externaltools.gnu-tools-for-stm32.9-2020-q2-update.win32_2.0.0.202105311346/tools/bin/../lib/gcc/arm-none-eabi/9.3.1/../../../../arm-none-eabi/lib/thumb/v6-m/nofp\libc_nano.a(lib_a-lseekr.o)
 .ARM.attributes
                0x0000000000000828       0x2c c:/st/stm32cubeide_1.7.0/stm32cubeide/plugins/com.st.stm32cube.ide.mcu.externaltools.gnu-tools-for-stm32.9-2020-q2-update.win32_2.0.0.202105311346/tools/bin/../lib/gcc/arm-none-eabi/9.3.1/../../../../arm-none-eabi/lib/thumb/v6-m/nofp\libc_nano.a(lib_a-memchr-stub.o)
 .ARM.attributes
                0x0000000000000854       0x2c c:/st/stm32cubeide_1.7.0/stm32cubeide/plugins/com.st.stm32cube.ide.mcu.externaltools.gnu-tools-for-stm32.9-2020-q2-update.win32_2.0.0.202105311346/tools/bin/../lib/gcc/arm-none-eabi/9.3.1/../../../../arm-none-eabi/lib/thumb/v6-m/nofp\libc_nano.a(lib_a-mlock.o)
 .ARM.attributes
                0x0000000000000880       0x2c c:/st/stm32cubeide_1.7.0/stm32cubeide/plugins/com.st.stm32cube.ide.mcu.externaltools.gnu-tools-for-stm32.9-2020-q2-update.win32_2.0.0.202105311346/tools/bin/../lib/gcc/arm-none-eabi/9.3.1/../../../../arm-none-eabi/lib/thumb/v6-m/nofp\libc_nano.a(lib_a-readr.o)
 .ARM.attributes
                0x00000000000008ac       0x2c c:/st/stm32cubeide_1.7.0/stm32cubeide/plugins/com.st.stm32cube.ide.mcu.externaltools.gnu-tools-for-stm32.9-2020-q2-update.win32_2.0.0.202105311346/tools/bin/../lib/gcc/arm-none-eabi/9.3.1/../../../../arm-none-eabi/lib/thumb/v6-m/nofp\libc_nano.a(lib_a-reent.o)
 .ARM.attributes
                0x00000000000008d8       0x1e c:/st/stm32cubeide_1.7.0/stm32cubeide/plugins/com.st.stm32cube.ide.mcu.externaltools.gnu-tools-for-stm32.9-2020-q2-update.win32_2.0.0.202105311346/tools/bin/../lib/gcc/arm-none-eabi/9.3.1/thumb/v6-m/nofp\libgcc.a(_thumb1_case_shi.o)
 .ARM.attributes
                0x00000000000008f6       0x1e c:/st/stm32cubeide_1.7.0/stm32cubeide/plugins/com.st.stm32cube.ide.mcu.externaltools.gnu-tools-for-stm32.9-2020-q2-update.win32_2.0.0.202105311346/tools/bin/../lib/gcc/arm-none-eabi/9.3.1/thumb/v6-m/nofp\libgcc.a(_udivsi3.o)
 .ARM.attributes
                0x0000000000000914       0x1e c:/st/stm32cubeide_1.7.0/stm32cubeide/plugins/com.st.stm32cube.ide.mcu.externaltools.gnu-tools-for-stm32.9-2020-q2-update.win32_2.0.0.202105311346/tools/bin/../lib/gcc/arm-none-eabi/9.3.1/thumb/v6-m/nofp\libgcc.a(_dvmd_tls.o)
 .ARM.attributes
                0x0000000000000932       0x1e c:/st/stm32cubeide_1.7.0/stm32cubeide/plugins/com.st.stm32cube.ide.mcu.externaltools.gnu-tools-for-stm32.9-2020-q2-update.win32_2.0.0.202105311346/tools/bin/../lib/gcc/arm-none-eabi/9.3.1/thumb/v6-m/nofp/crtn.o
OUTPUT(SmartMic_G030K8.elf elf32-littlearm)
LOAD linker stubs
LOAD c:/st/stm32cubeide_1.7.0/stm32cubeide/plugins/com.st.stm32cube.ide.mcu.externaltools.gnu-tools-for-stm32.9-2020-q2-update.win32_2.0.0.202105311346/tools/bin/../lib/gcc/arm-none-eabi/9.3.1/../../../../arm-none-eabi/lib/thumb/v6-m/nofp\libc.a
LOAD c:/st/stm32cubeide_1.7.0/stm32cubeide/plugins/com.st.stm32cube.ide.mcu.externaltools.gnu-tools-for-stm32.9-2020-q2-update.win32_2.0.0.202105311346/tools/bin/../lib/gcc/arm-none-eabi/9.3.1/../../../../arm-none-eabi/lib/thumb/v6-m/nofp\libm.a
LOAD c:/st/stm32cubeide_1.7.0/stm32cubeide/plugins/com.st.stm32cube.ide.mcu.externaltools.gnu-tools-for-stm32.9-2020-q2-update.win32_2.0.0.202105311346/tools/bin/../lib/gcc/arm-none-eabi/9.3.1/thumb/v6-m/nofp\libgcc.a

.debug_info     0x0000000000000000    0x1a606
 .debug_info    0x0000000000000000     0x1168 ./Core/Src/IS31FL3237.o
 .debug_info    0x0000000000001168     0x2964 ./Core/Src/main.o
 .debug_info    0x0000000000003acc     0x187d ./Core/Src/stm32g0xx_hal_msp.o
 .debug_info    0x0000000000005349      0xd2a ./Core/Src/stm32g0xx_it.o
 .debug_info    0x0000000000006073      0xfa8 ./Core/Src/syscalls.o
 .debug_info    0x000000000000701b      0xa25 ./Core/Src/sysmem.o
 .debug_info    0x0000000000007a40      0x48b ./Core/Src/system_stm32g0xx.o
 .debug_info    0x0000000000007ecb       0x22 ./Core/Startup/startup_stm32g030k8tx.o
 .debug_info    0x0000000000007eed      0xa38 ./Drivers/STM32G0xx_HAL_Driver/stm32g0xx_hal.o
 .debug_info    0x0000000000008925     0x168d ./Drivers/STM32G0xx_HAL_Driver/stm32g0xx_hal_adc.o
 .debug_info    0x0000000000009fb2      0xa6e ./Drivers/STM32G0xx_HAL_Driver/stm32g0xx_hal_cortex.o
 .debug_info    0x000000000000aa20      0xa25 ./Drivers/STM32G0xx_HAL_Driver/stm32g0xx_hal_dma.o
 .debug_info    0x000000000000b445      0x750 ./Drivers/STM32G0xx_HAL_Driver/stm32g0xx_hal_gpio.o
 .debug_info    0x000000000000bb95     0x233c ./Drivers/STM32G0xx_HAL_Driver/stm32g0xx_hal_i2c.o
 .debug_info    0x000000000000ded1      0xbb7 ./Drivers/STM32G0xx_HAL_Driver/stm32g0xx_hal_i2c_ex.o
 .debug_info    0x000000000000ea88      0x66d ./Drivers/STM32G0xx_HAL_Driver/stm32g0xx_hal_pwr_ex.o
 .debug_info    0x000000000000f0f5      0xbe7 ./Drivers/STM32G0xx_HAL_Driver/stm32g0xx_hal_rcc.o
 .debug_info    0x000000000000fcdc      0x8ec ./Drivers/STM32G0xx_HAL_Driver/stm32g0xx_hal_rcc_ex.o
 .debug_info    0x00000000000105c8     0x2d08 ./Drivers/STM32G0xx_HAL_Driver/stm32g0xx_hal_tim.o
 .debug_info    0x00000000000132d0     0x1950 ./Drivers/STM32G0xx_HAL_Driver/stm32g0xx_hal_tim_ex.o
 .debug_info    0x0000000000014c20     0x4990 ./Drivers/STM32G0xx_HAL_Driver/stm32g0xx_hal_uart.o
 .debug_info    0x00000000000195b0     0x1056 ./Drivers/STM32G0xx_HAL_Driver/stm32g0xx_hal_uart_ex.o

.debug_abbrev   0x0000000000000000     0x2fe2
 .debug_abbrev  0x0000000000000000      0x23d ./Core/Src/IS31FL3237.o
 .debug_abbrev  0x000000000000023d      0x390 ./Core/Src/main.o
 .debug_abbrev  0x00000000000005cd      0x211 ./Core/Src/stm32g0xx_hal_msp.o
 .debug_abbrev  0x00000000000007de      0x198 ./Core/Src/stm32g0xx_it.o
 .debug_abbrev  0x0000000000000976      0x286 ./Core/Src/syscalls.o
 .debug_abbrev  0x0000000000000bfc      0x1bf ./Core/Src/sysmem.o
 .debug_abbrev  0x0000000000000dbb      0x165 ./Core/Src/system_stm32g0xx.o
 .debug_abbrev  0x0000000000000f20       0x12 ./Core/Startup/startup_stm32g030k8tx.o
 .debug_abbrev  0x0000000000000f32      0x276 ./Drivers/STM32G0xx_HAL_Driver/stm32g0xx_hal.o
 .debug_abbrev  0x00000000000011a8      0x247 ./Drivers/STM32G0xx_HAL_Driver/stm32g0xx_hal_adc.o
 .debug_abbrev  0x00000000000013ef      0x2c5 ./Drivers/STM32G0xx_HAL_Driver/stm32g0xx_hal_cortex.o
 .debug_abbrev  0x00000000000016b4      0x1ec ./Drivers/STM32G0xx_HAL_Driver/stm32g0xx_hal_dma.o
 .debug_abbrev  0x00000000000018a0      0x1df ./Drivers/STM32G0xx_HAL_Driver/stm32g0xx_hal_gpio.o
 .debug_abbrev  0x0000000000001a7f      0x278 ./Drivers/STM32G0xx_HAL_Driver/stm32g0xx_hal_i2c.o
 .debug_abbrev  0x0000000000001cf7      0x1fd ./Drivers/STM32G0xx_HAL_Driver/stm32g0xx_hal_i2c_ex.o
 .debug_abbrev  0x0000000000001ef4      0x204 ./Drivers/STM32G0xx_HAL_Driver/stm32g0xx_hal_pwr_ex.o
 .debug_abbrev  0x00000000000020f8      0x25b ./Drivers/STM32G0xx_HAL_Driver/stm32g0xx_hal_rcc.o
 .debug_abbrev  0x0000000000002353      0x1fc ./Drivers/STM32G0xx_HAL_Driver/stm32g0xx_hal_rcc_ex.o
 .debug_abbrev  0x000000000000254f      0x280 ./Drivers/STM32G0xx_HAL_Driver/stm32g0xx_hal_tim.o
 .debug_abbrev  0x00000000000027cf      0x277 ./Drivers/STM32G0xx_HAL_Driver/stm32g0xx_hal_tim_ex.o
 .debug_abbrev  0x0000000000002a46      0x2e2 ./Drivers/STM32G0xx_HAL_Driver/stm32g0xx_hal_uart.o
 .debug_abbrev  0x0000000000002d28      0x2ba ./Drivers/STM32G0xx_HAL_Driver/stm32g0xx_hal_uart_ex.o

.debug_aranges  0x0000000000000000     0x1440
 .debug_aranges
                0x0000000000000000       0x30 ./Core/Src/IS31FL3237.o
 .debug_aranges
                0x0000000000000030       0xd8 ./Core/Src/main.o
 .debug_aranges
                0x0000000000000108       0x60 ./Core/Src/stm32g0xx_hal_msp.o
 .debug_aranges
                0x0000000000000168       0x60 ./Core/Src/stm32g0xx_it.o
 .debug_aranges
                0x00000000000001c8       0xa8 ./Core/Src/syscalls.o
 .debug_aranges
                0x0000000000000270       0x20 ./Core/Src/sysmem.o
 .debug_aranges
                0x0000000000000290       0x28 ./Core/Src/system_stm32g0xx.o
 .debug_aranges
                0x00000000000002b8       0x28 ./Core/Startup/startup_stm32g030k8tx.o
 .debug_aranges
                0x00000000000002e0      0x100 ./Drivers/STM32G0xx_HAL_Driver/stm32g0xx_hal.o
 .debug_aranges
                0x00000000000003e0      0x1e8 ./Drivers/STM32G0xx_HAL_Driver/stm32g0xx_hal_adc.o
 .debug_aranges
                0x00000000000005c8       0xd8 ./Drivers/STM32G0xx_HAL_Driver/stm32g0xx_hal_cortex.o
 .debug_aranges
                0x00000000000006a0       0x90 ./Drivers/STM32G0xx_HAL_Driver/stm32g0xx_hal_dma.o
 .debug_aranges
                0x0000000000000730       0x60 ./Drivers/STM32G0xx_HAL_Driver/stm32g0xx_hal_gpio.o
 .debug_aranges
                0x0000000000000790      0x290 ./Drivers/STM32G0xx_HAL_Driver/stm32g0xx_hal_i2c.o
 .debug_aranges
                0x0000000000000a20       0x48 ./Drivers/STM32G0xx_HAL_Driver/stm32g0xx_hal_i2c_ex.o
 .debug_aranges
                0x0000000000000a68       0x98 ./Drivers/STM32G0xx_HAL_Driver/stm32g0xx_hal_pwr_ex.o
 .debug_aranges
                0x0000000000000b00       0xa0 ./Drivers/STM32G0xx_HAL_Driver/stm32g0xx_hal_rcc.o
 .debug_aranges
                0x0000000000000ba0       0x40 ./Drivers/STM32G0xx_HAL_Driver/stm32g0xx_hal_rcc_ex.o
 .debug_aranges
                0x0000000000000be0      0x3e0 ./Drivers/STM32G0xx_HAL_Driver/stm32g0xx_hal_tim.o
 .debug_aranges
                0x0000000000000fc0      0x198 ./Drivers/STM32G0xx_HAL_Driver/stm32g0xx_hal_tim_ex.o
 .debug_aranges
                0x0000000000001158      0x248 ./Drivers/STM32G0xx_HAL_Driver/stm32g0xx_hal_uart.o
 .debug_aranges
                0x00000000000013a0       0xa0 ./Drivers/STM32G0xx_HAL_Driver/stm32g0xx_hal_uart_ex.o

.debug_ranges   0x0000000000000000     0x1330
 .debug_ranges  0x0000000000000000       0x20 ./Core/Src/IS31FL3237.o
 .debug_ranges  0x0000000000000020       0xe0 ./Core/Src/main.o
 .debug_ranges  0x0000000000000100       0x50 ./Core/Src/stm32g0xx_hal_msp.o
 .debug_ranges  0x0000000000000150       0x50 ./Core/Src/stm32g0xx_it.o
 .debug_ranges  0x00000000000001a0       0x98 ./Core/Src/syscalls.o
 .debug_ranges  0x0000000000000238       0x10 ./Core/Src/sysmem.o
 .debug_ranges  0x0000000000000248       0x18 ./Core/Src/system_stm32g0xx.o